Archive member included to satisfy reference by file (symbol)

c:/st/stm32cubeide_1.7.0/stm32cubeide/plugins/com.st.stm32cube.ide.mcu.externaltools.gnu-tools-for-stm32.9-2020-q2-update.win32_2.0.0.202105311346/tools/bin/../lib/gcc/arm-none-eabi/9.3.1/../../../../arm-none-eabi/lib/thumb/v7e-m+dp/hard\libc_nano.a(lib_a-errno.o)
                              ./Core/Src/syscalls.o (__errno)
c:/st/stm32cubeide_1.7.0/stm32cubeide/plugins/com.st.stm32cube.ide.mcu.externaltools.gnu-tools-for-stm32.9-2020-q2-update.win32_2.0.0.202105311346/tools/bin/../lib/gcc/arm-none-eabi/9.3.1/../../../../arm-none-eabi/lib/thumb/v7e-m+dp/hard\libc_nano.a(lib_a-exit.o)
                              c:/st/stm32cubeide_1.7.0/stm32cubeide/plugins/com.st.stm32cube.ide.mcu.externaltools.gnu-tools-for-stm32.9-2020-q2-update.win32_2.0.0.202105311346/tools/bin/../lib/gcc/arm-none-eabi/9.3.1/../../../../arm-none-eabi/lib/thumb/v7e-m+dp/hard/crt0.o (exit)
c:/st/stm32cubeide_1.7.0/stm32cubeide/plugins/com.st.stm32cube.ide.mcu.externaltools.gnu-tools-for-stm32.9-2020-q2-update.win32_2.0.0.202105311346/tools/bin/../lib/gcc/arm-none-eabi/9.3.1/../../../../arm-none-eabi/lib/thumb/v7e-m+dp/hard\libc_nano.a(lib_a-impure.o)
                              c:/st/stm32cubeide_1.7.0/stm32cubeide/plugins/com.st.stm32cube.ide.mcu.externaltools.gnu-tools-for-stm32.9-2020-q2-update.win32_2.0.0.202105311346/tools/bin/../lib/gcc/arm-none-eabi/9.3.1/../../../../arm-none-eabi/lib/thumb/v7e-m+dp/hard\libc_nano.a(lib_a-exit.o) (_global_impure_ptr)
c:/st/stm32cubeide_1.7.0/stm32cubeide/plugins/com.st.stm32cube.ide.mcu.externaltools.gnu-tools-for-stm32.9-2020-q2-update.win32_2.0.0.202105311346/tools/bin/../lib/gcc/arm-none-eabi/9.3.1/../../../../arm-none-eabi/lib/thumb/v7e-m+dp/hard\libc_nano.a(lib_a-init.o)
                              c:/st/stm32cubeide_1.7.0/stm32cubeide/plugins/com.st.stm32cube.ide.mcu.externaltools.gnu-tools-for-stm32.9-2020-q2-update.win32_2.0.0.202105311346/tools/bin/../lib/gcc/arm-none-eabi/9.3.1/../../../../arm-none-eabi/lib/thumb/v7e-m+dp/hard/crt0.o (__libc_init_array)
c:/st/stm32cubeide_1.7.0/stm32cubeide/plugins/com.st.stm32cube.ide.mcu.externaltools.gnu-tools-for-stm32.9-2020-q2-update.win32_2.0.0.202105311346/tools/bin/../lib/gcc/arm-none-eabi/9.3.1/../../../../arm-none-eabi/lib/thumb/v7e-m+dp/hard\libc_nano.a(lib_a-memcpy-stub.o)
                              ./Core/Src/ssd1306.o (memcpy)
c:/st/stm32cubeide_1.7.0/stm32cubeide/plugins/com.st.stm32cube.ide.mcu.externaltools.gnu-tools-for-stm32.9-2020-q2-update.win32_2.0.0.202105311346/tools/bin/../lib/gcc/arm-none-eabi/9.3.1/../../../../arm-none-eabi/lib/thumb/v7e-m+dp/hard\libc_nano.a(lib_a-memmove.o)
                              ./Core/Src/ssd1306_tests.o (memmove)
c:/st/stm32cubeide_1.7.0/stm32cubeide/plugins/com.st.stm32cube.ide.mcu.externaltools.gnu-tools-for-stm32.9-2020-q2-update.win32_2.0.0.202105311346/tools/bin/../lib/gcc/arm-none-eabi/9.3.1/../../../../arm-none-eabi/lib/thumb/v7e-m+dp/hard\libc_nano.a(lib_a-memset.o)
                              c:/st/stm32cubeide_1.7.0/stm32cubeide/plugins/com.st.stm32cube.ide.mcu.externaltools.gnu-tools-for-stm32.9-2020-q2-update.win32_2.0.0.202105311346/tools/bin/../lib/gcc/arm-none-eabi/9.3.1/../../../../arm-none-eabi/lib/thumb/v7e-m+dp/hard/crt0.o (memset)
c:/st/stm32cubeide_1.7.0/stm32cubeide/plugins/com.st.stm32cube.ide.mcu.externaltools.gnu-tools-for-stm32.9-2020-q2-update.win32_2.0.0.202105311346/tools/bin/../lib/gcc/arm-none-eabi/9.3.1/../../../../arm-none-eabi/lib/thumb/v7e-m+dp/hard\libc_nano.a(lib_a-snprintf.o)
                              ./Core/Src/ssd1306_tests.o (snprintf)
c:/st/stm32cubeide_1.7.0/stm32cubeide/plugins/com.st.stm32cube.ide.mcu.externaltools.gnu-tools-for-stm32.9-2020-q2-update.win32_2.0.0.202105311346/tools/bin/../lib/gcc/arm-none-eabi/9.3.1/../../../../arm-none-eabi/lib/thumb/v7e-m+dp/hard\libc_nano.a(lib_a-sprintf.o)
                              ./Core/Src/display.o (sprintf)
c:/st/stm32cubeide_1.7.0/stm32cubeide/plugins/com.st.stm32cube.ide.mcu.externaltools.gnu-tools-for-stm32.9-2020-q2-update.win32_2.0.0.202105311346/tools/bin/../lib/gcc/arm-none-eabi/9.3.1/../../../../arm-none-eabi/lib/thumb/v7e-m+dp/hard\libc_nano.a(lib_a-nano-svfprintf.o)
                              c:/st/stm32cubeide_1.7.0/stm32cubeide/plugins/com.st.stm32cube.ide.mcu.externaltools.gnu-tools-for-stm32.9-2020-q2-update.win32_2.0.0.202105311346/tools/bin/../lib/gcc/arm-none-eabi/9.3.1/../../../../arm-none-eabi/lib/thumb/v7e-m+dp/hard\libc_nano.a(lib_a-snprintf.o) (_svfprintf_r)
c:/st/stm32cubeide_1.7.0/stm32cubeide/plugins/com.st.stm32cube.ide.mcu.externaltools.gnu-tools-for-stm32.9-2020-q2-update.win32_2.0.0.202105311346/tools/bin/../lib/gcc/arm-none-eabi/9.3.1/../../../../arm-none-eabi/lib/thumb/v7e-m+dp/hard\libc_nano.a(lib_a-nano-vfprintf_i.o)
[...]
Memory Configuration

Name             Origin             Length             Attributes
RAM              0x0000000020000000 0x0000000000080000 xrw
FLASH            0x0000000008000000 0x0000000000200000 xr
*default*        0x0000000000000000 0xffffffffffffffff

Linker script and memory map

LOAD c:/st/stm32cubeide_1.7.0/stm32cubeide/plugins/com.st.stm32cube.ide.mcu.externaltools.gnu-tools-for-stm32.9-2020-q2-update.win32_2.0.0.202105311346/tools/bin/../lib/gcc/arm-none-eabi/9.3.1/thumb/v7e-m+dp/hard/crti.o
LOAD c:/st/stm32cubeide_1.7.0/stm32cubeide/plugins/com.st.stm32cube.ide.mcu.externaltools.gnu-tools-for-stm32.9-2020-q2-update.win32_2.0.0.202105311346/tools/bin/../lib/gcc/arm-none-eabi/9.3.1/thumb/v7e-m+dp/hard/crtbegin.o
LOAD c:/st/stm32cubeide_1.7.0/stm32cubeide/plugins/com.st.stm32cube.ide.mcu.externaltools.gnu-tools-for-stm32.9-2020-q2-update.win32_2.0.0.202105311346/tools/bin/../lib/gcc/arm-none-eabi/9.3.1/../../../../arm-none-eabi/lib/thumb/v7e-m+dp/hard/crt0.o
LOAD ./Core/Src/WS9527.o
LOAD ./Core/Src/adc.o
LOAD ./Core/Src/display.o
LOAD ./Core/Src/gpio.o
LOAD ./Core/Src/i2c.o
LOAD ./Core/Src/main.o
LOAD ./Core/Src/messages.o
LOAD ./Core/Src/ssd1306.o
LOAD ./Core/Src/ssd1306_fonts.o
LOAD ./Core/Src/ssd1306_tests.o
LOAD ./Core/Src/stm32f7xx_hal_msp.o
LOAD ./Core/Src/stm32f7xx_it.o
LOAD ./Core/Src/syscalls.o
LOAD ./Core/Src/sysmem.o
LOAD ./Core/Src/system_stm32f7xx.o
LOAD ./Core/Src/tim.o
LOAD ./Core/Src/usart.o
LOAD ./Core/Src/usb_otg.o
LOAD ./Core/Startup/startup_stm32f767zitx.o
LOAD ./Drivers/STM32F7xx_HAL_Driver/Src/stm32f7xx_hal.o
LOAD ./Drivers/STM32F7xx_HAL_Driver/Src/stm32f7xx_hal_adc.o
LOAD ./Drivers/STM32F7xx_HAL_Driver/Src/stm32f7xx_hal_adc_ex.o
LOAD ./Drivers/STM32F7xx_HAL_Driver/Src/stm32f7xx_hal_cortex.o
LOAD ./Drivers/STM32F7xx_HAL_Driver/Src/stm32f7xx_hal_dma.o
LOAD ./Drivers/STM32F7xx_HAL_Driver/Src/stm32f7xx_hal_dma_ex.o
LOAD ./Drivers/STM32F7xx_HAL_Driver/Src/stm32f7xx_hal_exti.o
LOAD ./Drivers/STM32F7xx_HAL_Driver/Src/stm32f7xx_hal_flash.o
LOAD ./Drivers/STM32F7xx_HAL_Driver/Src/stm32f7xx_hal_flash_ex.o
LOAD ./Drivers/STM32F7xx_HAL_Driver/Src/stm32f7xx_hal_gpio.o
LOAD ./Drivers/STM32F7xx_HAL_Driver/Src/stm32f7xx_hal_i2c.o
LOAD ./Drivers/STM32F7xx_HAL_Driver/Src/stm32f7xx_hal_i2c_ex.o
LOAD ./Drivers/STM32F7xx_HAL_Driver/Src/stm32f7xx_hal_pcd.o
LOAD ./Drivers/STM32F7xx_HAL_Driver/Src/stm32f7xx_hal_pcd_ex.o
LOAD ./Drivers/STM32F7xx_HAL_Driver/Src/stm32f7xx_hal_pwr.o
LOAD ./Drivers/STM32F7xx_HAL_Driver/Src/stm32f7xx_hal_pwr_ex.o
LOAD ./Drivers/STM32F7xx_HAL_Driver/Src/stm32f7xx_hal_rcc.o
LOAD ./Drivers/STM32F7xx_HAL_Driver/Src/stm32f7xx_hal_rcc_ex.o
LOAD ./Drivers/STM32F7xx_HAL_Driver/Src/stm32f7xx_hal_tim.o
LOAD ./Drivers/STM32F7xx_HAL_Driver/Src/stm32f7xx_hal_tim_ex.o
LOAD ./Drivers/STM32F7xx_HAL_Driver/Src/stm32f7xx_hal_uart.o
LOAD ./Drivers/STM32F7xx_HAL_Driver/Src/stm32f7xx_hal_uart_ex.o
LOAD ./Drivers/STM32F7xx_HAL_Driver/Src/stm32f7xx_ll_usb.o
START GROUP
LOAD c:/st/stm32cubeide_1.7.0/stm32cubeide/plugins/com.st.stm32cube.ide.mcu.externaltools.gnu-tools-for-stm32.9-2020-q2-update.win32_2.0.0.202105311346/tools/bin/../lib/gcc/arm-none-eabi/9.3.1/../../../../arm-none-eabi/lib/thumb/v7e-m+dp/hard\libc_nano.a
LOAD c:/st/stm32cubeide_1.7.0/stm32cubeide/plugins/com.st.stm32cube.ide.mcu.externaltools.gnu-tools-for-stm32.9-2020-q2-update.win32_2.0.0.202105311346/tools/bin/../lib/gcc/arm-none-eabi/9.3.1/../../../../arm-none-eabi/lib/thumb/v7e-m+dp/hard\libm.a
END GROUP
START GROUP
LOAD c:/st/stm32cubeide_1.7.0/stm32cubeide/plugins/com.st.stm32cube.ide.mcu.externaltools.gnu-tools-for-stm32.9-2020-q2-update.win32_2.0.0.202105311346/tools/bin/../lib/gcc/arm-none-eabi/9.3.1/thumb/v7e-m+dp/hard\libgcc.a
LOAD c:/st/stm32cubeide_1.7.0/stm32cubeide/plugins/com.st.stm32cube.ide.mcu.externaltools.gnu-tools-for-stm32.9-2020-q2-update.win32_2.0.0.202105311346/tools/bin/../lib/gcc/arm-none-eabi/9.3.1/../../../../arm-none-eabi/lib/thumb/v7e-m+dp/hard\libc_nano.a
END GROUP
START GROUP
LOAD c:/st/stm32cubeide_1.7.0/stm32cubeide/plugins/com.st.stm32cube.ide.mcu.externaltools.gnu-tools-for-stm32.9-2020-q2-update.win32_2.0.0.202105311346/tools/bin/../lib/gcc/arm-none-eabi/9.3.1/thumb/v7e-m+dp/hard\libgcc.a
LOAD c:/st/stm32cubeide_1.7.0/stm32cubeide/plugins/com.st.stm32cube.ide.mcu.externaltools.gnu-tools-for-stm32.9-2020-q2-update.win32_2.0.0.202105311346/tools/bin/../lib/gcc/arm-none-eabi/9.3.1/../../../../arm-none-eabi/lib/thumb/v7e-m+dp/hard\libc_nano.a
LOAD c:/st/stm32cubeide_1.7.0/stm32cubeide/plugins/com.st.stm32cube.ide.mcu.externaltools.gnu-tools-for-stm32.9-2020-q2-update.win32_2.0.0.202105311346/tools/bin/../lib/gcc/arm-none-eabi/9.3.1/../../../../arm-none-eabi/lib/thumb/v7e-m+dp/hard\libnosys.a
END GROUP
START GROUP
LOAD c:/st/stm32cubeide_1.7.0/stm32cubeide/plugins/com.st.stm32cube.ide.mcu.externaltools.gnu-tools-for-stm32.9-2020-q2-update.win32_2.0.0.202105311346/tools/bin/../lib/gcc/arm-none-eabi/9.3.1/thumb/v7e-m+dp/hard\libgcc.a
LOAD c:/st/stm32cubeide_1.7.0/stm32cubeide/plugins/com.st.stm32cube.ide.mcu.externaltools.gnu-tools-for-stm32.9-2020-q2-update.win32_2.0.0.202105311346/tools/bin/../lib/gcc/arm-none-eabi/9.3.1/../../../../arm-none-eabi/lib/thumb/v7e-m+dp/hard\libc_nano.a
LOAD c:/st/stm32cubeide_1.7.0/stm32cubeide/plugins/com.st.stm32cube.ide.mcu.externaltools.gnu-tools-for-stm32.9-2020-q2-update.win32_2.0.0.202105311346/tools/bin/../lib/gcc/arm-none-eabi/9.3.1/../../../../arm-none-eabi/lib/thumb/v7e-m+dp/hard\libnosys.a
END GROUP
LOAD c:/st/stm32cubeide_1.7.0/stm32cubeide/plugins/com.st.stm32cube.ide.mcu.externaltools.gnu-tools-for-stm32.9-2020-q2-update.win32_2.0.0.202105311346/tools/bin/../lib/gcc/arm-none-eabi/9.3.1/thumb/v7e-m+dp/hard/crtend.o
LOAD c:/st/stm32cubeide_1.7.0/stm32cubeide/plugins/com.st.stm32cube.ide.mcu.externaltools.gnu-tools-for-stm32.9-2020-q2-update.win32_2.0.0.202105311346/tools/bin/../lib/gcc/arm-none-eabi/9.3.1/thumb/v7e-m+dp/hard/crtn.o
                0x0000000020080000                _estack = (ORIGIN (RAM) + LENGTH (RAM))
                0x0000000000000200                _Min_Heap_Size = 0x200
                0x0000000000000400                _Min_Stack_Size = 0x400

.isr_vector     0x0000000008000000      0x1f8
                0x0000000008000000                . = ALIGN (0x4)
 *(.isr_vector)
 .isr_vector    0x0000000008000000      0x1f8 ./Core/Startup/startup_stm32f767zitx.o
                0x0000000008000000                g_pfnVectors
                0x00000000080001f8                . = ALIGN (0x4)

.text           0x0000000008000200     0x6d54
                0x0000000008000200                . = ALIGN (0x4)
 *(.text)
 .text          0x0000000008000200       0x40 c:/st/stm32cubeide_1.7.0/stm32cubeide/plugins/com.st.stm32cube.ide.mcu.externaltools.gnu-tools-for-stm32.9-2020-q2-update.win32_2.0.0.202105311346/tools/bin/../lib/gcc/arm-none-eabi/9.3.1/thumb/v7e-m+dp/hard/crtbegin.o
 .text          0x0000000008000240       0xa0 c:/st/stm32cubeide_1.7.0/stm32cubeide/plugins/com.st.stm32cube.ide.mcu.externaltools.gnu-tools-for-stm32.9-2020-q2-update.win32_2.0.0.202105311346/tools/bin/../lib/gcc/arm-none-eabi/9.3.1/../../../../arm-none-eabi/lib/thumb/v7e-m+dp/hard\libc_nano.a(lib_a-memchr.o)
                0x0000000008000240                memchr
 .text          0x00000000080002e0       0x30 c:/st/stm32cubeide_1.7.0/stm32cubeide/plugins/com.st.stm32cube.ide.mcu.externaltools.gnu-tools-for-stm32.9-2020-q2-update.win32_2.0.0.202105311346/tools/bin/../lib/gcc/arm-none-eabi/9.3.1/thumb/v7e-m+dp/hard\libgcc.a(_aeabi_uldivmod.o)
                0x00000000080002e0                __aeabi_uldivmod
 .text          0x0000000008000310      0x2c4 c:/st/stm32cubeide_1.7.0/stm32cubeide/plugins/com.st.stm32cube.ide.mcu.externaltools.gnu-tools-for-stm32.9-2020-q2-update.win32_2.0.0.202105311346/tools/bin/../lib/gcc/arm-none-eabi/9.3.1/thumb/v7e-m+dp/hard\libgcc.a(_udivmoddi4.o)
                0x0000000008000310                __udivmoddi4
 .text          0x00000000080005d4        0x4 c:/st/stm32cubeide_1.7.0/stm32cubeide/plugins/com.st.stm32cube.ide.mcu.externaltools.gnu-tools-for-stm32.9-2020-q2-update.win32_2.0.0.202105311346/tools/bin/../lib/gcc/arm-none-eabi/9.3.1/thumb/v7e-m+dp/hard\libgcc.a(_dvmd_tls.o)
                0x00000000080005d4                __aeabi_idiv0
                0x00000000080005d4                __aeabi_ldiv0
 *(.text*)
 .text.lerp     0x00000000080005d8       0x4e ./Core/Src/WS9527.o
                0x00000000080005d8                lerp
 *fill*         0x0000000008000626        0x2 
 .text.WS9527_Initialize
                0x0000000008000628       0x14 ./Core/Src/WS9527.o
                0x0000000008000628                WS9527_Initialize
 .text.WS9527_StartReadings
                0x000000000800063c       0x14 ./Core/Src/WS9527.o
                0x000000000800063c                WS9527_StartReadings
 .text.WS9527_GetReadings
                0x0000000008000650       0x70 ./Core/Src/WS9527.o
                0x0000000008000650                WS9527_GetReadings
 .text.MX_ADC1_Init
                0x00000000080006c0       0xa4 ./Core/Src/adc.o
                0x00000000080006c0                MX_ADC1_Init
 .text.HAL_ADC_MspInit
                0x0000000008000764       0x90 ./Core/Src/adc.o
                0x0000000008000764                HAL_ADC_MspInit
 .text.splash   0x00000000080007f4       0x34 ./Core/Src/display.o
                0x00000000080007f4                splash
 .text.display_measurements
                0x0000000008000828       0x48 ./Core/Src/display.o
                0x0000000008000828                display_measurements
 .text.MX_GPIO_Init
                0x0000000008000870      0x1cc ./Core/Src/gpio.o
                0x0000000008000870                MX_GPIO_Init
 .text.MX_I2C1_Init
                0x0000000008000a3c       0x80 ./Core/Src/i2c.o
                0x0000000008000a3c                MX_I2C1_Init
 .text.HAL_I2C_MspInit
                0x0000000008000abc       0x98 ./Core/Src/i2c.o
                0x0000000008000abc                HAL_I2C_MspInit
 .text.HAL_ADC_ConvCpltCallback
                0x0000000008000b54       0x16 ./Core/Src/main.o
                0x0000000008000b54                HAL_ADC_ConvCpltCallback
 *fill*         0x0000000008000b6a        0x2 
 .text.HAL_TIM_PeriodElapsedCallback
                0x0000000008000b6c       0x4c ./Core/Src/main.o
                0x0000000008000b6c                HAL_TIM_PeriodElapsedCallback
 .text.main     0x0000000008000bb8       0x48 ./Core/Src/main.o
                0x0000000008000bb8                main
 .text.SystemClock_Config
                0x0000000008000c00      0x138 ./Core/Src/main.o
                0x0000000008000c00                SystemClock_Config
 .text.Error_Handler
                0x0000000008000d38        0xa ./Core/Src/main.o
                0x0000000008000d38                Error_Handler
 *fill*         0x0000000008000d42        0x2 
 .text.UART_TransmitData
                0x0000000008000d44       0x38 ./Core/Src/messages.o
                0x0000000008000d44                UART_TransmitData
 .text.ssd1306_WriteCommand
                0x0000000008000d7c       0x30 ./Core/Src/ssd1306.o
                0x0000000008000d7c                ssd1306_WriteCommand
 .text.ssd1306_WriteData
                0x0000000008000dac       0x34 ./Core/Src/ssd1306.o
                0x0000000008000dac                ssd1306_WriteData
 .text.ssd1306_Fill
                0x0000000008000de0       0x48 ./Core/Src/ssd1306.o
                0x0000000008000de0                ssd1306_Fill
 .text.ssd1306_UpdateScreen
                0x0000000008000e28       0x50 ./Core/Src/ssd1306.o
                0x0000000008000e28                ssd1306_UpdateScreen
 .text.ssd1306_DrawPixel
                0x0000000008000e78       0xa8 ./Core/Src/ssd1306.o
                0x0000000008000e78                ssd1306_DrawPixel
 .text.ssd1306_WriteChar
                0x0000000008000f20      0x110 ./Core/Src/ssd1306.o
                0x0000000008000f20                ssd1306_WriteChar
 .text.ssd1306_WriteString
                0x0000000008001030       0x4c ./Core/Src/ssd1306.o
                0x0000000008001030                ssd1306_WriteString
 .text.ssd1306_SetCursor
                0x000000000800107c       0x30 ./Core/Src/ssd1306.o
                0x000000000800107c                ssd1306_SetCursor
 .text.HAL_MspInit
                0x00000000080010ac       0x48 ./Core/Src/stm32f7xx_hal_msp.o
                0x00000000080010ac                HAL_MspInit
 .text.NMI_Handler
                0x00000000080010f4        0x6 ./Core/Src/stm32f7xx_it.o
                0x00000000080010f4                NMI_Handler
 .text.HardFault_Handler
                0x00000000080010fa        0x6 ./Core/Src/stm32f7xx_it.o
                0x00000000080010fa                HardFault_Handler
 .text.MemManage_Handler
                0x0000000008001100        0x6 ./Core/Src/stm32f7xx_it.o
                0x0000000008001100                MemManage_Handler
 .text.BusFault_Handler
                0x0000000008001106        0x6 ./Core/Src/stm32f7xx_it.o
                0x0000000008001106                BusFault_Handler
 .text.UsageFault_Handler
                0x000000000800110c        0x6 ./Core/Src/stm32f7xx_it.o
                0x000000000800110c                UsageFault_Handler
 .text.SVC_Handler
                0x0000000008001112        0xe ./Core/Src/stm32f7xx_it.o
                0x0000000008001112                SVC_Handler
 .text.DebugMon_Handler
                0x0000000008001120        0xe ./Core/Src/stm32f7xx_it.o
                0x0000000008001120                DebugMon_Handler
 .text.PendSV_Handler
                0x000000000800112e        0xe ./Core/Src/stm32f7xx_it.o
                0x000000000800112e                PendSV_Handler
 .text.SysTick_Handler
                0x000000000800113c        0xc ./Core/Src/stm32f7xx_it.o
                0x000000000800113c                SysTick_Handler
 .text.ADC_IRQHandler
                0x0000000008001148       0x14 ./Core/Src/stm32f7xx_it.o
                0x0000000008001148                ADC_IRQHandler
 .text.TIM3_IRQHandler
                0x000000000800115c       0x14 ./Core/Src/stm32f7xx_it.o
                0x000000000800115c                TIM3_IRQHandler
 .text.TIM4_IRQHandler
                0x0000000008001170       0x14 ./Core/Src/stm32f7xx_it.o
                0x0000000008001170                TIM4_IRQHandler
 .text.I2C1_EV_IRQHandler
                0x0000000008001184       0x14 ./Core/Src/stm32f7xx_it.o
                0x0000000008001184                I2C1_EV_IRQHandler
 .text.USART3_IRQHandler
                0x0000000008001198       0x14 ./Core/Src/stm32f7xx_it.o
                0x0000000008001198                USART3_IRQHandler
 .text._sbrk    0x00000000080011ac       0x6c ./Core/Src/sysmem.o
                0x00000000080011ac                _sbrk
 .text.SystemInit
                0x0000000008001218       0x24 ./Core/Src/system_stm32f7xx.o
                0x0000000008001218                SystemInit
 .text.MX_TIM3_Init
                0x000000000800123c       0x9c ./Core/Src/tim.o
                0x000000000800123c                MX_TIM3_Init
 .text.MX_TIM4_Init
                0x00000000080012d8       0xa0 ./Core/Src/tim.o
                0x00000000080012d8                MX_TIM4_Init
 .text.HAL_TIM_Base_MspInit
                0x0000000008001378       0x84 ./Core/Src/tim.o
                0x0000000008001378                HAL_TIM_Base_MspInit
 .text.MX_USART3_UART_Init
                0x00000000080013fc       0x60 ./Core/Src/usart.o
                0x00000000080013fc                MX_USART3_UART_Init
 .text.HAL_UART_MspInit
                0x000000000800145c       0x98 ./Core/Src/usart.o
                0x000000000800145c                HAL_UART_MspInit
 .text.MX_USB_OTG_FS_PCD_Init
                0x00000000080014f4       0x5c ./Core/Src/usb_otg.o
                0x00000000080014f4                MX_USB_OTG_FS_PCD_Init
 .text.HAL_PCD_MspInit
                0x0000000008001550       0xb8 ./Core/Src/usb_otg.o
                0x0000000008001550                HAL_PCD_MspInit
 .text.Reset_Handler
                0x0000000008001608       0x50 ./Core/Startup/startup_stm32f767zitx.o
                0x0000000008001608                Reset_Handler
 .text.Default_Handler
                0x0000000008001658        0x2 ./Core/Startup/startup_stm32f767zitx.o
                0x0000000008001658                RTC_Alarm_IRQHandler
                0x0000000008001658                EXTI2_IRQHandler
                0x0000000008001658                TIM8_CC_IRQHandler
                0x0000000008001658                UART8_IRQHandler
                0x0000000008001658                SPI4_IRQHandler
                0x0000000008001658                TIM1_CC_IRQHandler
                0x0000000008001658                DMA2_Stream5_IRQHandler
                0x0000000008001658                JPEG_IRQHandler
                0x0000000008001658                DMA1_Stream5_IRQHandler
                0x0000000008001658                CAN3_RX1_IRQHandler
                0x0000000008001658                PVD_IRQHandler
                0x0000000008001658                TAMP_STAMP_IRQHandler
                0x0000000008001658                CAN2_RX1_IRQHandler
                0x0000000008001658                EXTI3_IRQHandler
                0x0000000008001658                TIM8_TRG_COM_TIM14_IRQHandler
                0x0000000008001658                DFSDM1_FLT1_IRQHandler
                0x0000000008001658                TIM1_UP_TIM10_IRQHandler
                0x0000000008001658                TIM8_UP_TIM13_IRQHandler
                0x0000000008001658                I2C3_ER_IRQHandler
                0x0000000008001658                DFSDM1_FLT2_IRQHandler
                0x0000000008001658                EXTI0_IRQHandler
                0x0000000008001658                I2C2_EV_IRQHandler
                0x0000000008001658                DMA1_Stream2_IRQHandler
                0x0000000008001658                CAN1_RX0_IRQHandler
                0x0000000008001658                FPU_IRQHandler
                0x0000000008001658                OTG_HS_WKUP_IRQHandler
                0x0000000008001658                CAN3_SCE_IRQHandler
                0x0000000008001658                LTDC_ER_IRQHandler
                0x0000000008001658                CAN2_SCE_IRQHandler
                0x0000000008001658                DMA2_Stream2_IRQHandler
                0x0000000008001658                SPI1_IRQHandler
                0x0000000008001658                TIM6_DAC_IRQHandler
                0x0000000008001658                TIM1_BRK_TIM9_IRQHandler
                0x0000000008001658                DCMI_IRQHandler
                0x0000000008001658                CAN2_RX0_IRQHandler
                0x0000000008001658                DMA2_Stream3_IRQHandler
                0x0000000008001658                SAI2_IRQHandler
                0x0000000008001658                DFSDM1_FLT3_IRQHandler
                0x0000000008001658                USART6_IRQHandler
                0x0000000008001658                CAN3_RX0_IRQHandler
                0x0000000008001658                CAN1_RX1_IRQHandler
                0x0000000008001658                UART5_IRQHandler
                0x0000000008001658                DMA2_Stream0_IRQHandler
                0x0000000008001658                QUADSPI_IRQHandler
                0x0000000008001658                DMA1_Stream6_IRQHandler
                0x0000000008001658                DMA1_Stream1_IRQHandler
                0x0000000008001658                UART4_IRQHandler
                0x0000000008001658                RCC_IRQHandler
                0x0000000008001658                TIM8_BRK_TIM12_IRQHandler
                0x0000000008001658                Default_Handler
                0x0000000008001658                CEC_IRQHandler
                0x0000000008001658                EXTI15_10_IRQHandler
                0x0000000008001658                DMA1_Stream7_IRQHandler
                0x0000000008001658                SPI5_IRQHandler
                0x0000000008001658                TIM7_IRQHandler
                0x0000000008001658                SDMMC1_IRQHandler
                0x0000000008001658                CAN2_TX_IRQHandler
                0x0000000008001658                TIM5_IRQHandler
                0x0000000008001658                DMA2_Stream7_IRQHandler
                0x0000000008001658                I2C3_EV_IRQHandler
                0x0000000008001658                EXTI9_5_IRQHandler
                0x0000000008001658                RTC_WKUP_IRQHandler
                0x0000000008001658                LTDC_IRQHandler
                0x0000000008001658                ETH_WKUP_IRQHandler
                0x0000000008001658                SPDIF_RX_IRQHandler
                0x0000000008001658                SPI2_IRQHandler
                0x0000000008001658                OTG_HS_EP1_IN_IRQHandler
                0x0000000008001658                DMA1_Stream0_IRQHandler
                0x0000000008001658                CAN1_TX_IRQHandler
                0x0000000008001658                EXTI4_IRQHandler
                0x0000000008001658                RNG_IRQHandler
                0x0000000008001658                ETH_IRQHandler
                0x0000000008001658                OTG_HS_EP1_OUT_IRQHandler
                0x0000000008001658                WWDG_IRQHandler
                0x0000000008001658                SPI6_IRQHandler
                0x0000000008001658                MDIOS_IRQHandler
                0x0000000008001658                I2C4_EV_IRQHandler
                0x0000000008001658                CAN3_TX_IRQHandler
                0x0000000008001658                TIM2_IRQHandler
                0x0000000008001658                OTG_FS_WKUP_IRQHandler
                0x0000000008001658                TIM1_TRG_COM_TIM11_IRQHandler
                0x0000000008001658                OTG_HS_IRQHandler
                0x0000000008001658                DMA2D_IRQHandler
                0x0000000008001658                EXTI1_IRQHandler
                0x0000000008001658                SDMMC2_IRQHandler
                0x0000000008001658                UART7_IRQHandler
                0x0000000008001658                USART2_IRQHandler
                0x0000000008001658                DFSDM1_FLT0_IRQHandler
                0x0000000008001658                I2C2_ER_IRQHandler
                0x0000000008001658                DMA2_Stream1_IRQHandler
                0x0000000008001658                CAN1_SCE_IRQHandler
                0x0000000008001658                FLASH_IRQHandler
                0x0000000008001658                DMA2_Stream4_IRQHandler
                0x0000000008001658                USART1_IRQHandler
                0x0000000008001658                OTG_FS_IRQHandler
                0x0000000008001658                SPI3_IRQHandler
                0x0000000008001658                DMA1_Stream4_IRQHandler
                0x0000000008001658                I2C1_ER_IRQHandler
                0x0000000008001658                FMC_IRQHandler
                0x0000000008001658                LPTIM1_IRQHandler
                0x0000000008001658                I2C4_ER_IRQHandler
                0x0000000008001658                DMA2_Stream6_IRQHandler
                0x0000000008001658                SAI1_IRQHandler
                0x0000000008001658                DMA1_Stream3_IRQHandler
 .text.HAL_Init
                0x000000000800165a       0x1a ./Drivers/STM32F7xx_HAL_Driver/Src/stm32f7xx_hal.o
                0x000000000800165a                HAL_Init
 .text.HAL_InitTick
                0x0000000008001674       0x60 ./Drivers/STM32F7xx_HAL_Driver/Src/stm32f7xx_hal.o
                0x0000000008001674                HAL_InitTick
 .text.HAL_IncTick
                0x00000000080016d4       0x28 ./Drivers/STM32F7xx_HAL_Driver/Src/stm32f7xx_hal.o
                0x00000000080016d4                HAL_IncTick
 .text.HAL_GetTick
                0x00000000080016fc       0x18 ./Drivers/STM32F7xx_HAL_Driver/Src/stm32f7xx_hal.o
                0x00000000080016fc                HAL_GetTick
 .text.HAL_Delay
                0x0000000008001714       0x48 ./Drivers/STM32F7xx_HAL_Driver/Src/stm32f7xx_hal.o
                0x0000000008001714                HAL_Delay
 .text.HAL_ADC_Init
                0x000000000800175c       0x88 ./Drivers/STM32F7xx_HAL_Driver/Src/stm32f7xx_hal_adc.o
                0x000000000800175c                HAL_ADC_Init
 .text.HAL_ADC_Start_IT
                0x00000000080017e4      0x1b0 ./Drivers/STM32F7xx_HAL_Driver/Src/stm32f7xx_hal_adc.o
                0x00000000080017e4                HAL_ADC_Start_IT
 .text.HAL_ADC_IRQHandler
                0x0000000008001994      0x220 ./Drivers/STM32F7xx_HAL_Driver/Src/stm32f7xx_hal_adc.o
                0x0000000008001994                HAL_ADC_IRQHandler
 .text.HAL_ADC_GetValue
                0x0000000008001bb4       0x1a ./Drivers/STM32F7xx_HAL_Driver/Src/stm32f7xx_hal_adc.o
                0x0000000008001bb4                HAL_ADC_GetValue
 .text.HAL_ADC_LevelOutOfWindowCallback
                0x0000000008001bce       0x14 ./Drivers/STM32F7xx_HAL_Driver/Src/stm32f7xx_hal_adc.o
                0x0000000008001bce                HAL_ADC_LevelOutOfWindowCallback
 .text.HAL_ADC_ErrorCallback
                0x0000000008001be2       0x14 ./Drivers/STM32F7xx_HAL_Driver/Src/stm32f7xx_hal_adc.o
                0x0000000008001be2                HAL_ADC_ErrorCallback
 *fill*         0x0000000008001bf6        0x2 
 .text.HAL_ADC_ConfigChannel
                0x0000000008001bf8      0x2ac ./Drivers/STM32F7xx_HAL_Driver/Src/stm32f7xx_hal_adc.o
                0x0000000008001bf8                HAL_ADC_ConfigChannel
 .text.ADC_Init
                0x0000000008001ea4      0x1f4 ./Drivers/STM32F7xx_HAL_Driver/Src/stm32f7xx_hal_adc.o
 .text.HAL_ADCEx_InjectedConvCpltCallback
                0x0000000008002098       0x14 ./Drivers/STM32F7xx_HAL_Driver/Src/stm32f7xx_hal_adc_ex.o
                0x0000000008002098                HAL_ADCEx_InjectedConvCpltCallback
 .text.__NVIC_SetPriorityGrouping
                0x00000000080020ac       0x48 ./Drivers/STM32F7xx_HAL_Driver/Src/stm32f7xx_hal_cortex.o
 .text.__NVIC_GetPriorityGrouping
                0x00000000080020f4       0x1c ./Drivers/STM32F7xx_HAL_Driver/Src/stm32f7xx_hal_cortex.o
 .text.__NVIC_EnableIRQ
                0x0000000008002110       0x3c ./Drivers/STM32F7xx_HAL_Driver/Src/stm32f7xx_hal_cortex.o
 .text.__NVIC_SetPriority
                0x000000000800214c       0x54 ./Drivers/STM32F7xx_HAL_Driver/Src/stm32f7xx_hal_cortex.o
 .text.NVIC_EncodePriority
                0x00000000080021a0       0x66 ./Drivers/STM32F7xx_HAL_Driver/Src/stm32f7xx_hal_cortex.o
 *fill*         0x0000000008002206        0x2 
 .text.SysTick_Config
                0x0000000008002208       0x44 ./Drivers/STM32F7xx_HAL_Driver/Src/stm32f7xx_hal_cortex.o
 .text.HAL_NVIC_SetPriorityGrouping
                0x000000000800224c       0x16 ./Drivers/STM32F7xx_HAL_Driver/Src/stm32f7xx_hal_cortex.o
                0x000000000800224c                HAL_NVIC_SetPriorityGrouping
 .text.HAL_NVIC_SetPriority
                0x0000000008002262       0x38 ./Drivers/STM32F7xx_HAL_Driver/Src/stm32f7xx_hal_cortex.o
                0x0000000008002262                HAL_NVIC_SetPriority
 .text.HAL_NVIC_EnableIRQ
                0x000000000800229a       0x1c ./Drivers/STM32F7xx_HAL_Driver/Src/stm32f7xx_hal_cortex.o
                0x000000000800229a                HAL_NVIC_EnableIRQ
 .text.HAL_SYSTICK_Config
                0x00000000080022b6       0x18 ./Drivers/STM32F7xx_HAL_Driver/Src/stm32f7xx_hal_cortex.o
                0x00000000080022b6                HAL_SYSTICK_Config
 .text.HAL_DMA_Abort
                0x00000000080022ce       0xe0 ./Drivers/STM32F7xx_HAL_Driver/Src/stm32f7xx_hal_dma.o
                0x00000000080022ce                HAL_DMA_Abort
 .text.HAL_DMA_Abort_IT
                0x00000000080023ae       0x44 ./Drivers/STM32F7xx_HAL_Driver/Src/stm32f7xx_hal_dma.o
                0x00000000080023ae                HAL_DMA_Abort_IT
 *fill*         0x00000000080023f2        0x2 
 .text.HAL_GPIO_Init
                0x00000000080023f4      0x358 ./Drivers/STM32F7xx_HAL_Driver/Src/stm32f7xx_hal_gpio.o
                0x00000000080023f4                HAL_GPIO_Init
 .text.HAL_GPIO_WritePin
                0x000000000800274c       0x32 ./Drivers/STM32F7xx_HAL_Driver/Src/stm32f7xx_hal_gpio.o
                0x000000000800274c                HAL_GPIO_WritePin
 *fill*         0x000000000800277e        0x2 
 .text.HAL_I2C_Init
                0x0000000008002780      0x120 ./Drivers/STM32F7xx_HAL_Driver/Src/stm32f7xx_hal_i2c.o
                0x0000000008002780                HAL_I2C_Init
 .text.HAL_I2C_Mem_Write
                0x00000000080028a0      0x228 ./Drivers/STM32F7xx_HAL_Driver/Src/stm32f7xx_hal_i2c.o
                0x00000000080028a0                HAL_I2C_Mem_Write
 .text.HAL_I2C_EV_IRQHandler
                0x0000000008002ac8       0x34 ./Drivers/STM32F7xx_HAL_Driver/Src/stm32f7xx_hal_i2c.o
                0x0000000008002ac8                HAL_I2C_EV_IRQHandler
 .text.I2C_RequestMemoryWrite
                0x0000000008002afc       0xa8 ./Drivers/STM32F7xx_HAL_Driver/Src/stm32f7xx_hal_i2c.o
 .text.I2C_Flush_TXDR
                0x0000000008002ba4       0x48 ./Drivers/STM32F7xx_HAL_Driver/Src/stm32f7xx_hal_i2c.o
 .text.I2C_WaitOnFlagUntilTimeout
                0x0000000008002bec       0x80 ./Drivers/STM32F7xx_HAL_Driver/Src/stm32f7xx_hal_i2c.o
 .text.I2C_WaitOnTXISFlagUntilTimeout
                0x0000000008002c6c       0x80 ./Drivers/STM32F7xx_HAL_Driver/Src/stm32f7xx_hal_i2c.o
 .text.I2C_WaitOnSTOPFlagUntilTimeout
                0x0000000008002cec       0x78 ./Drivers/STM32F7xx_HAL_Driver/Src/stm32f7xx_hal_i2c.o
 .text.I2C_IsErrorOccurred
                0x0000000008002d64      0x1d8 ./Drivers/STM32F7xx_HAL_Driver/Src/stm32f7xx_hal_i2c.o
 .text.I2C_TransferConfig
                0x0000000008002f3c       0x64 ./Drivers/STM32F7xx_HAL_Driver/Src/stm32f7xx_hal_i2c.o
 .text.HAL_I2CEx_ConfigAnalogFilter
                0x0000000008002fa0       0x96 ./Drivers/STM32F7xx_HAL_Driver/Src/stm32f7xx_hal_i2c_ex.o
                0x0000000008002fa0                HAL_I2CEx_ConfigAnalogFilter
 .text.HAL_I2CEx_ConfigDigitalFilter
                0x0000000008003036       0x98 ./Drivers/STM32F7xx_HAL_Driver/Src/stm32f7xx_hal_i2c_ex.o
                0x0000000008003036                HAL_I2CEx_ConfigDigitalFilter
 .text.HAL_PCD_Init
                0x00000000080030ce      0x248 ./Drivers/STM32F7xx_HAL_Driver/Src/stm32f7xx_hal_pcd.o
                0x00000000080030ce                HAL_PCD_Init
 *fill*         0x0000000008003316        0x2 
 .text.HAL_PCDEx_ActivateLPM
                0x0000000008003318       0x48 ./Drivers/STM32F7xx_HAL_Driver/Src/stm32f7xx_hal_pcd_ex.o
                0x0000000008003318                HAL_PCDEx_ActivateLPM
 .text.HAL_PWR_EnableBkUpAccess
                0x0000000008003360       0x20 ./Drivers/STM32F7xx_HAL_Driver/Src/stm32f7xx_hal_pwr.o
                0x0000000008003360                HAL_PWR_EnableBkUpAccess
 .text.HAL_PWREx_EnableOverDrive
                0x0000000008003380       0xa0 ./Drivers/STM32F7xx_HAL_Driver/Src/stm32f7xx_hal_pwr_ex.o
                0x0000000008003380                HAL_PWREx_EnableOverDrive
 .text.HAL_RCC_OscConfig
                0x0000000008003420      0x55c ./Drivers/STM32F7xx_HAL_Driver/Src/stm32f7xx_hal_rcc.o
                0x0000000008003420                HAL_RCC_OscConfig
 .text.HAL_RCC_ClockConfig
                0x000000000800397c      0x1d8 ./Drivers/STM32F7xx_HAL_Driver/Src/stm32f7xx_hal_rcc.o
                0x000000000800397c                HAL_RCC_ClockConfig
 .text.HAL_RCC_GetSysClockFreq
                0x0000000008003b54      0x1c4 ./Drivers/STM32F7xx_HAL_Driver/Src/stm32f7xx_hal_rcc.o
                0x0000000008003b54                HAL_RCC_GetSysClockFreq
 .text.HAL_RCC_GetHCLKFreq
                0x0000000008003d18       0x18 ./Drivers/STM32F7xx_HAL_Driver/Src/stm32f7xx_hal_rcc.o
                0x0000000008003d18                HAL_RCC_GetHCLKFreq
 .text.HAL_RCC_GetPCLK1Freq
                0x0000000008003d30       0x28 ./Drivers/STM32F7xx_HAL_Driver/Src/stm32f7xx_hal_rcc.o
                0x0000000008003d30                HAL_RCC_GetPCLK1Freq
 .text.HAL_RCC_GetPCLK2Freq
                0x0000000008003d58       0x28 ./Drivers/STM32F7xx_HAL_Driver/Src/stm32f7xx_hal_rcc.o
                0x0000000008003d58                HAL_RCC_GetPCLK2Freq
 .text.HAL_RCCEx_PeriphCLKConfig
                0x0000000008003d80      0x850 ./Drivers/STM32F7xx_HAL_Driver/Src/stm32f7xx_hal_rcc_ex.o
                0x0000000008003d80                HAL_RCCEx_PeriphCLKConfig
 .text.HAL_TIM_Base_Init
                0x00000000080045d0       0xae ./Drivers/STM32F7xx_HAL_Driver/Src/stm32f7xx_hal_tim.o
                0x00000000080045d0                HAL_TIM_Base_Init
 *fill*         0x000000000800467e        0x2 
 .text.HAL_TIM_Base_Start_IT
                0x0000000008004680       0xf0 ./Drivers/STM32F7xx_HAL_Driver/Src/stm32f7xx_hal_tim.o
                0x0000000008004680                HAL_TIM_Base_Start_IT
 .text.HAL_TIM_IRQHandler
                0x0000000008004770      0x23e ./Drivers/STM32F7xx_HAL_Driver/Src/stm32f7xx_hal_tim.o
                0x0000000008004770                HAL_TIM_IRQHandler
 *fill*         0x00000000080049ae        0x2 
 .text.HAL_TIM_ConfigClockSource
                0x00000000080049b0      0x194 ./Drivers/STM32F7xx_HAL_Driver/Src/stm32f7xx_hal_tim.o
                0x00000000080049b0                HAL_TIM_ConfigClockSource
 .text.HAL_TIM_OC_DelayElapsedCallback
                0x0000000008004b44       0x14 ./Drivers/STM32F7xx_HAL_Driver/Src/stm32f7xx_hal_tim.o
                0x0000000008004b44                HAL_TIM_OC_DelayElapsedCallback
 .text.HAL_TIM_IC_CaptureCallback
                0x0000000008004b58       0x14 ./Drivers/STM32F7xx_HAL_Driver/Src/stm32f7xx_hal_tim.o
                0x0000000008004b58                HAL_TIM_IC_CaptureCallback
 .text.HAL_TIM_PWM_PulseFinishedCallback
                0x0000000008004b6c       0x14 ./Drivers/STM32F7xx_HAL_Driver/Src/stm32f7xx_hal_tim.o
                0x0000000008004b6c                HAL_TIM_PWM_PulseFinishedCallback
 .text.HAL_TIM_TriggerCallback
                0x0000000008004b80       0x14 ./Drivers/STM32F7xx_HAL_Driver/Src/stm32f7xx_hal_tim.o
                0x0000000008004b80                HAL_TIM_TriggerCallback
 .text.TIM_Base_SetConfig
                0x0000000008004b94      0x140 ./Drivers/STM32F7xx_HAL_Driver/Src/stm32f7xx_hal_tim.o
                0x0000000008004b94                TIM_Base_SetConfig
 .text.TIM_TI1_ConfigInputStage
                0x0000000008004cd4       0x5e ./Drivers/STM32F7xx_HAL_Driver/Src/stm32f7xx_hal_tim.o
 .text.TIM_TI2_ConfigInputStage
                0x0000000008004d32       0x60 ./Drivers/STM32F7xx_HAL_Driver/Src/stm32f7xx_hal_tim.o
 .text.TIM_ITRx_SetConfig
                0x0000000008004d92       0x36 ./Drivers/STM32F7xx_HAL_Driver/Src/stm32f7xx_hal_tim.o
 .text.TIM_ETR_SetConfig
                0x0000000008004dc8       0x40 ./Drivers/STM32F7xx_HAL_Driver/Src/stm32f7xx_hal_tim.o
                0x0000000008004dc8                TIM_ETR_SetConfig
 .text.HAL_TIMEx_MasterConfigSynchronization
                0x0000000008004e08      0x11c ./Drivers/STM32F7xx_HAL_Driver/Src/stm32f7xx_hal_tim_ex.o
                0x0000000008004e08                HAL_TIMEx_MasterConfigSynchronization
 .text.HAL_TIMEx_CommutCallback
                0x0000000008004f24       0x14 ./Drivers/STM32F7xx_HAL_Driver/Src/stm32f7xx_hal_tim_ex.o
                0x0000000008004f24                HAL_TIMEx_CommutCallback
 .text.HAL_TIMEx_BreakCallback
                0x0000000008004f38       0x14 ./Drivers/STM32F7xx_HAL_Driver/Src/stm32f7xx_hal_tim_ex.o
                0x0000000008004f38                HAL_TIMEx_BreakCallback
 .text.HAL_TIMEx_Break2Callback
                0x0000000008004f4c       0x14 ./Drivers/STM32F7xx_HAL_Driver/Src/stm32f7xx_hal_tim_ex.o
                0x0000000008004f4c                HAL_TIMEx_Break2Callback
 .text.HAL_UART_Init
                0x0000000008004f60       0x9c ./Drivers/STM32F7xx_HAL_Driver/Src/stm32f7xx_hal_uart.o
                0x0000000008004f60                HAL_UART_Init
 .text.HAL_UART_Transmit
                0x0000000008004ffc      0x126 ./Drivers/STM32F7xx_HAL_Driver/Src/stm32f7xx_hal_uart.o
                0x0000000008004ffc                HAL_UART_Transmit
 *fill*         0x0000000008005122        0x2 
 .text.HAL_UART_IRQHandler
                0x0000000008005124      0x5c0 ./Drivers/STM32F7xx_HAL_Driver/Src/stm32f7xx_hal_uart.o
                0x0000000008005124                HAL_UART_IRQHandler
 .text.HAL_UART_TxCpltCallback
                0x00000000080056e4       0x14 ./Drivers/STM32F7xx_HAL_Driver/Src/stm32f7xx_hal_uart.o
                0x00000000080056e4                HAL_UART_TxCpltCallback
 .text.HAL_UART_ErrorCallback
                0x00000000080056f8       0x14 ./Drivers/STM32F7xx_HAL_Driver/Src/stm32f7xx_hal_uart.o
                0x00000000080056f8                HAL_UART_ErrorCallback
 .text.HAL_UARTEx_RxEventCallback
                0x000000000800570c       0x18 ./Drivers/STM32F7xx_HAL_Driver/Src/stm32f7xx_hal_uart.o
                0x000000000800570c                HAL_UARTEx_RxEventCallback
 .text.HAL_UARTEx_WakeupCallback
                0x0000000008005724       0x14 ./Drivers/STM32F7xx_HAL_Driver/Src/stm32f7xx_hal_uart.o
                0x0000000008005724                HAL_UARTEx_WakeupCallback
 .text.UART_SetConfig
                0x0000000008005738      0x4c4 ./Drivers/STM32F7xx_HAL_Driver/Src/stm32f7xx_hal_uart.o
                0x0000000008005738                UART_SetConfig
 .text.UART_AdvFeatureConfig
                0x0000000008005bfc      0x144 ./Drivers/STM32F7xx_HAL_Driver/Src/stm32f7xx_hal_uart.o
                0x0000000008005bfc                UART_AdvFeatureConfig
 .text.UART_CheckIdleState
                0x0000000008005d40       0x92 ./Drivers/STM32F7xx_HAL_Driver/Src/stm32f7xx_hal_uart.o
                0x0000000008005d40                UART_CheckIdleState
 .text.UART_WaitOnFlagUntilTimeout
                0x0000000008005dd2      0x188 ./Drivers/STM32F7xx_HAL_Driver/Src/stm32f7xx_hal_uart.o
                0x0000000008005dd2                UART_WaitOnFlagUntilTimeout
 .text.UART_EndRxTransfer
                0x0000000008005f5a       0xc6 ./Drivers/STM32F7xx_HAL_Driver/Src/stm32f7xx_hal_uart.o
 .text.UART_DMAAbortOnError
                0x0000000008006020       0x2c ./Drivers/STM32F7xx_HAL_Driver/Src/stm32f7xx_hal_uart.o
 .text.UART_EndTransmit_IT
                0x000000000800604c       0x54 ./Drivers/STM32F7xx_HAL_Driver/Src/stm32f7xx_hal_uart.o
 .text.USB_CoreInit
                0x00000000080060a0       0xb0 ./Drivers/STM32F7xx_HAL_Driver/Src/stm32f7xx_ll_usb.o
                0x00000000080060a0                USB_CoreInit
 .text.USB_DisableGlobalInt
                0x0000000008006150       0x22 ./Drivers/STM32F7xx_HAL_Driver/Src/stm32f7xx_ll_usb.o
                0x0000000008006150                USB_DisableGlobalInt
 .text.USB_SetCurrentMode
                0x0000000008006172       0x98 ./Drivers/STM32F7xx_HAL_Driver/Src/stm32f7xx_ll_usb.o
                0x0000000008006172                USB_SetCurrentMode
 *fill*         0x000000000800620a        0x2 
 .text.USB_DevInit
                0x000000000800620c      0x2bc ./Drivers/STM32F7xx_HAL_Driver/Src/stm32f7xx_ll_usb.o
                0x000000000800620c                USB_DevInit
 .text.USB_FlushTxFifo
                0x00000000080064c8       0x64 ./Drivers/STM32F7xx_HAL_Driver/Src/stm32f7xx_ll_usb.o
                0x00000000080064c8                USB_FlushTxFifo
 .text.USB_FlushRxFifo
                0x000000000800652c       0x5c ./Drivers/STM32F7xx_HAL_Driver/Src/stm32f7xx_ll_usb.o
                0x000000000800652c                USB_FlushRxFifo
 .text.USB_SetDevSpeed
                0x0000000008006588       0x32 ./Drivers/STM32F7xx_HAL_Driver/Src/stm32f7xx_ll_usb.o
                0x0000000008006588                USB_SetDevSpeed
 .text.USB_DevDisconnect
                0x00000000080065ba       0x42 ./Drivers/STM32F7xx_HAL_Driver/Src/stm32f7xx_ll_usb.o
                0x00000000080065ba                USB_DevDisconnect
 .text.USB_GetMode
                0x00000000080065fc       0x1c ./Drivers/STM32F7xx_HAL_Driver/Src/stm32f7xx_ll_usb.o
                0x00000000080065fc                USB_GetMode
 .text.USB_CoreReset
                0x0000000008006618       0x64 ./Drivers/STM32F7xx_HAL_Driver/Src/stm32f7xx_ll_usb.o
 .text.__errno  0x000000000800667c        0xc c:/st/stm32cubeide_1.7.0/stm32cubeide/plugins/com.st.stm32cube.ide.mcu.externaltools.gnu-tools-for-stm32.9-2020-q2-update.win32_2.0.0.202105311346/tools/bin/../lib/gcc/arm-none-eabi/9.3.1/../../../../arm-none-eabi/lib/thumb/v7e-m+dp/hard\libc_nano.a(lib_a-errno.o)
                0x000000000800667c                __errno
 .text.__libc_init_array
                0x0000000008006688       0x48 c:/st/stm32cubeide_1.7.0/stm32cubeide/plugins/com.st.stm32cube.ide.mcu.externaltools.gnu-tools-for-stm32.9-2020-q2-update.win32_2.0.0.202105311346/tools/bin/../lib/gcc/arm-none-eabi/9.3.1/../../../../arm-none-eabi/lib/thumb/v7e-m+dp/hard\libc_nano.a(lib_a-init.o)
                0x0000000008006688                __libc_init_array
 .text.memcpy   0x00000000080066d0       0x1c c:/st/stm32cubeide_1.7.0/stm32cubeide/plugins/com.st.stm32cube.ide.mcu.externaltools.gnu-tools-for-stm32.9-2020-q2-update.win32_2.0.0.202105311346/tools/bin/../lib/gcc/arm-none-eabi/9.3.1/../../../../arm-none-eabi/lib/thumb/v7e-m+dp/hard\libc_nano.a(lib_a-memcpy-stub.o)
                0x00000000080066d0                memcpy
 .text.memmove  0x00000000080066ec       0x34 c:/st/stm32cubeide_1.7.0/stm32cubeide/plugins/com.st.stm32cube.ide.mcu.externaltools.gnu-tools-for-stm32.9-2020-q2-update.win32_2.0.0.202105311346/tools/bin/../lib/gcc/arm-none-eabi/9.3.1/../../../../arm-none-eabi/lib/thumb/v7e-m+dp/hard\libc_nano.a(lib_a-memmove.o)
                0x00000000080066ec                memmove
 .text.memset   0x0000000008006720       0x10 c:/st/stm32cubeide_1.7.0/stm32cubeide/plugins/com.st.stm32cube.ide.mcu.externaltools.gnu-tools-for-stm32.9-2020-q2-update.win32_2.0.0.202105311346/tools/bin/../lib/gcc/arm-none-eabi/9.3.1/../../../../arm-none-eabi/lib/thumb/v7e-m+dp/hard\libc_nano.a(lib_a-memset.o)
                0x0000000008006720                memset
 .text.sprintf  0x0000000008006730       0x40 c:/st/stm32cubeide_1.7.0/stm32cubeide/plugins/com.st.stm32cube.ide.mcu.externaltools.gnu-tools-for-stm32.9-2020-q2-update.win32_2.0.0.202105311346/tools/bin/../lib/gcc/arm-none-eabi/9.3.1/../../../../arm-none-eabi/lib/thumb/v7e-m+dp/hard\libc_nano.a(lib_a-sprintf.o)
                0x0000000008006730                siprintf
                0x0000000008006730                sprintf
 .text.__ssputs_r
                0x0000000008006770       0xb6 c:/st/stm32cubeide_1.7.0/stm32cubeide/plugins/com.st.stm32cube.ide.mcu.externaltools.gnu-tools-for-stm32.9-2020-q2-update.win32_2.0.0.202105311346/tools/bin/../lib/gcc/arm-none-eabi/9.3.1/../../../../arm-none-eabi/lib/thumb/v7e-m+dp/hard\libc_nano.a(lib_a-nano-svfprintf.o)
                0x0000000008006770                __ssputs_r
 *fill*         0x0000000008006826        0x2 
 .text._svfprintf_r
                0x0000000008006828      0x200 c:/st/stm32cubeide_1.7.0/stm32cubeide/plugins/com.st.stm32cube.ide.mcu.externaltools.gnu-tools-for-stm32.9-2020-q2-update.win32_2.0.0.202105311346/tools/bin/../lib/gcc/arm-none-eabi/9.3.1/../../../../arm-none-eabi/lib/thumb/v7e-m+dp/hard\libc_nano.a(lib_a-nano-svfprintf.o)
                0x0000000008006828                _svfiprintf_r
                0x0000000008006828                _svfprintf_r
 .text._printf_common
                0x0000000008006a28       0xda c:/st/stm32cubeide_1.7.0/stm32cubeide/plugins/com.st.stm32cube.ide.mcu.externaltools.gnu-tools-for-stm32.9-2020-q2-update.win32_2.0.0.202105311346/tools/bin/../lib/gcc/arm-none-eabi/9.3.1/../../../../arm-none-eabi/lib/thumb/v7e-m+dp/hard\libc_nano.a(lib_a-nano-vfprintf_i.o)
                0x0000000008006a28                _printf_common
 *fill*         0x0000000008006b02        0x2 
 .text._printf_i
                0x0000000008006b04      0x24c c:/st/stm32cubeide_1.7.0/stm32cubeide/plugins/com.st.stm32cube.ide.mcu.externaltools.gnu-tools-for-stm32.9-2020-q2-update.win32_2.0.0.202105311346/tools/bin/../lib/gcc/arm-none-eabi/9.3.1/../../../../arm-none-eabi/lib/thumb/v7e-m+dp/hard\libc_nano.a(lib_a-nano-vfprintf_i.o)
                0x0000000008006b04                _printf_i
 .text._free_r  0x0000000008006d50       0xa0 c:/st/stm32cubeide_1.7.0/stm32cubeide/plugins/com.st.stm32cube.ide.mcu.externaltools.gnu-tools-for-stm32.9-2020-q2-update.win32_2.0.0.202105311346/tools/bin/../lib/gcc/arm-none-eabi/9.3.1/../../../../arm-none-eabi/lib/thumb/v7e-m+dp/hard\libc_nano.a(lib_a-nano-freer.o)
                0x0000000008006d50                _free_r
 .text._malloc_r
                0x0000000008006df0       0xb4 c:/st/stm32cubeide_1.7.0/stm32cubeide/plugins/com.st.stm32cube.ide.mcu.externaltools.gnu-tools-for-stm32.9-2020-q2-update.win32_2.0.0.202105311346/tools/bin/../lib/gcc/arm-none-eabi/9.3.1/../../../../arm-none-eabi/lib/thumb/v7e-m+dp/hard\libc_nano.a(lib_a-nano-mallocr.o)
                0x0000000008006df0                _malloc_r
 .text._realloc_r
                0x0000000008006ea4       0x4c c:/st/stm32cubeide_1.7.0/stm32cubeide/plugins/com.st.stm32cube.ide.mcu.externaltools.gnu-tools-for-stm32.9-2020-q2-update.win32_2.0.0.202105311346/tools/bin/../lib/gcc/arm-none-eabi/9.3.1/../../../../arm-none-eabi/lib/thumb/v7e-m+dp/hard\libc_nano.a(lib_a-nano-reallocr.o)
                0x0000000008006ea4                _realloc_r
 .text._sbrk_r  0x0000000008006ef0       0x20 c:/st/stm32cubeide_1.7.0/stm32cubeide/plugins/com.st.stm32cube.ide.mcu.externaltools.gnu-tools-for-stm32.9-2020-q2-update.win32_2.0.0.202105311346/tools/bin/../lib/gcc/arm-none-eabi/9.3.1/../../../../arm-none-eabi/lib/thumb/v7e-m+dp/hard\libc_nano.a(lib_a-sbrkr.o)
                0x0000000008006ef0                _sbrk_r
 .text.__malloc_lock
                0x0000000008006f10        0xc c:/st/stm32cubeide_1.7.0/stm32cubeide/plugins/com.st.stm32cube.ide.mcu.externaltools.gnu-tools-for-stm32.9-2020-q2-update.win32_2.0.0.202105311346/tools/bin/../lib/gcc/arm-none-eabi/9.3.1/../../../../arm-none-eabi/lib/thumb/v7e-m+dp/hard\libc_nano.a(lib_a-mlock.o)
                0x0000000008006f10                __malloc_lock
 .text.__malloc_unlock
                0x0000000008006f1c        0xc c:/st/stm32cubeide_1.7.0/stm32cubeide/plugins/com.st.stm32cube.ide.mcu.externaltools.gnu-tools-for-stm32.9-2020-q2-update.win32_2.0.0.202105311346/tools/bin/../lib/gcc/arm-none-eabi/9.3.1/../../../../arm-none-eabi/lib/thumb/v7e-m+dp/hard\libc_nano.a(lib_a-mlock.o)
                0x0000000008006f1c                __malloc_unlock
 .text._malloc_usable_size_r
                0x0000000008006f28       0x10 c:/st/stm32cubeide_1.7.0/stm32cubeide/plugins/com.st.stm32cube.ide.mcu.externaltools.gnu-tools-for-stm32.9-2020-q2-update.win32_2.0.0.202105311346/tools/bin/../lib/gcc/arm-none-eabi/9.3.1/../../../../arm-none-eabi/lib/thumb/v7e-m+dp/hard\libc_nano.a(lib_a-nano-msizer.o)
                0x0000000008006f28                _malloc_usable_size_r
 .text.__retarget_lock_acquire_recursive
                0x0000000008006f38        0x2 c:/st/stm32cubeide_1.7.0/stm32cubeide/plugins/com.st.stm32cube.ide.mcu.externaltools.gnu-tools-for-stm32.9-2020-q2-update.win32_2.0.0.202105311346/tools/bin/../lib/gcc/arm-none-eabi/9.3.1/../../../../arm-none-eabi/lib/thumb/v7e-m+dp/hard\libc_nano.a(lib_a-lock.o)
                0x0000000008006f38                __retarget_lock_acquire_recursive
 .text.__retarget_lock_release_recursive
                0x0000000008006f3a        0x2 c:/st/stm32cubeide_1.7.0/stm32cubeide/plugins/com.st.stm32cube.ide.mcu.externaltools.gnu-tools-for-stm32.9-2020-q2-update.win32_2.0.0.202105311346/tools/bin/../lib/gcc/arm-none-eabi/9.3.1/../../../../arm-none-eabi/lib/thumb/v7e-m+dp/hard\libc_nano.a(lib_a-lock.o)
                0x0000000008006f3a                __retarget_lock_release_recursive
 *(.glue_7)
 .glue_7        0x0000000008006f3c        0x0 linker stubs
 *(.glue_7t)
 .glue_7t       0x0000000008006f3c        0x0 linker stubs
 *(.eh_frame)
 .eh_frame      0x0000000008006f3c        0x0 c:/st/stm32cubeide_1.7.0/stm32cubeide/plugins/com.st.stm32cube.ide.mcu.externaltools.gnu-tools-for-stm32.9-2020-q2-update.win32_2.0.0.202105311346/tools/bin/../lib/gcc/arm-none-eabi/9.3.1/thumb/v7e-m+dp/hard/crtbegin.o
 *(.init)
 .init          0x0000000008006f3c        0x4 c:/st/stm32cubeide_1.7.0/stm32cubeide/plugins/com.st.stm32cube.ide.mcu.externaltools.gnu-tools-for-stm32.9-2020-q2-update.win32_2.0.0.202105311346/tools/bin/../lib/gcc/arm-none-eabi/9.3.1/thumb/v7e-m+dp/hard/crti.o
                0x0000000008006f3c                _init
 .init          0x0000000008006f40        0x8 c:/st/stm32cubeide_1.7.0/stm32cubeide/plugins/com.st.stm32cube.ide.mcu.externaltools.gnu-tools-for-stm32.9-2020-q2-update.win32_2.0.0.202105311346/tools/bin/../lib/gcc/arm-none-eabi/9.3.1/thumb/v7e-m+dp/hard/crtn.o
 *(.fini)
 .fini          0x0000000008006f48        0x4 c:/st/stm32cubeide_1.7.0/stm32cubeide/plugins/com.st.stm32cube.ide.mcu.externaltools.gnu-tools-for-stm32.9-2020-q2-update.win32_2.0.0.202105311346/tools/bin/../lib/gcc/arm-none-eabi/9.3.1/thumb/v7e-m+dp/hard/crti.o
                0x0000000008006f48                _fini
 .fini          0x0000000008006f4c        0x8 c:/st/stm32cubeide_1.7.0/stm32cubeide/plugins/com.st.stm32cube.ide.mcu.externaltools.gnu-tools-for-stm32.9-2020-q2-update.win32_2.0.0.202105311346/tools/bin/../lib/gcc/arm-none-eabi/9.3.1/thumb/v7e-m+dp/hard/crtn.o
                0x0000000008006f54                . = ALIGN (0x4)
                0x0000000008006f54                _etext = .

.vfp11_veneer   0x0000000008006f54        0x0
 .vfp11_veneer  0x0000000008006f54        0x0 linker stubs

.v4_bx          0x0000000008006f54        0x0
 .v4_bx         0x0000000008006f54        0x0 linker stubs

.iplt           0x0000000008006f54        0x0
 .iplt          0x0000000008006f54        0x0 c:/st/stm32cubeide_1.7.0/stm32cubeide/plugins/com.st.stm32cube.ide.mcu.externaltools.gnu-tools-for-stm32.9-2020-q2-update.win32_2.0.0.202105311346/tools/bin/../lib/gcc/arm-none-eabi/9.3.1/thumb/v7e-m+dp/hard/crtbegin.o

.rodata         0x0000000008006f54      0x7f4
                0x0000000008006f54                . = ALIGN (0x4)
 *(.rodata)
 .rodata        0x0000000008006f54       0x1f ./Core/Src/display.o
 *fill*         0x0000000008006f73        0x1 
 .rodata        0x0000000008006f74       0x1a ./Core/Src/messages.o
 *(.rodata*)
 *fill*         0x0000000008006f8e        0x2 
 .rodata.Font7x10
                0x0000000008006f90      0x76c ./Core/Src/ssd1306_fonts.o
 .rodata.AHBPrescTable
                0x00000000080076fc       0x10 ./Core/Src/system_stm32f7xx.o
                0x00000000080076fc                AHBPrescTable
 .rodata.APBPrescTable
                0x000000000800770c        0x8 ./Core/Src/system_stm32f7xx.o
                0x000000000800770c                APBPrescTable
 .rodata._svfprintf_r.str1.1
                0x0000000008007714       0x11 c:/st/stm32cubeide_1.7.0/stm32cubeide/plugins/com.st.stm32cube.ide.mcu.externaltools.gnu-tools-for-stm32.9-2020-q2-update.win32_2.0.0.202105311346/tools/bin/../lib/gcc/arm-none-eabi/9.3.1/../../../../arm-none-eabi/lib/thumb/v7e-m+dp/hard\libc_nano.a(lib_a-nano-svfprintf.o)
 .rodata._printf_i.str1.1
                0x0000000008007725       0x22 c:/st/stm32cubeide_1.7.0/stm32cubeide/plugins/com.st.stm32cube.ide.mcu.externaltools.gnu-tools-for-stm32.9-2020-q2-update.win32_2.0.0.202105311346/tools/bin/../lib/gcc/arm-none-eabi/9.3.1/../../../../arm-none-eabi/lib/thumb/v7e-m+dp/hard\libc_nano.a(lib_a-nano-vfprintf_i.o)
                0x0000000008007748                . = ALIGN (0x4)
 *fill*         0x0000000008007747        0x1 

.ARM.extab      0x0000000008007748        0x0
                0x0000000008007748                . = ALIGN (0x4)
 *(.ARM.extab* .gnu.linkonce.armextab.*)
                0x0000000008007748                . = ALIGN (0x4)

.ARM            0x0000000008007748        0x8
                0x0000000008007748                . = ALIGN (0x4)
                0x0000000008007748                __exidx_start = .
 *(.ARM.exidx*)
 .ARM.exidx     0x0000000008007748        0x8 c:/st/stm32cubeide_1.7.0/stm32cubeide/plugins/com.st.stm32cube.ide.mcu.externaltools.gnu-tools-for-stm32.9-2020-q2-update.win32_2.0.0.202105311346/tools/bin/../lib/gcc/arm-none-eabi/9.3.1/thumb/v7e-m+dp/hard\libgcc.a(_udivmoddi4.o)
                0x0000000008007750                __exidx_end = .
                0x0000000008007750                . = ALIGN (0x4)

.rel.dyn        0x0000000008007750        0x0
 .rel.iplt      0x0000000008007750        0x0 c:/st/stm32cubeide_1.7.0/stm32cubeide/plugins/com.st.stm32cube.ide.mcu.externaltools.gnu-tools-for-stm32.9-2020-q2-update.win32_2.0.0.202105311346/tools/bin/../lib/gcc/arm-none-eabi/9.3.1/thumb/v7e-m+dp/hard/crtbegin.o

.preinit_array  0x0000000008007750        0x0
                0x0000000008007750                . = ALIGN (0x4)
                0x0000000008007750                PROVIDE (__preinit_array_start = .)
 *(.preinit_array*)
                0x0000000008007750                PROVIDE (__preinit_array_end = .)
                0x0000000008007750                . = ALIGN (0x4)

.init_array     0x0000000008007750        0x4
                0x0000000008007750                . = ALIGN (0x4)
                0x0000000008007750                PROVIDE (__init_array_start = .)
 *(SORT_BY_NAME(.init_array.*))
 *(.init_array*)
 .init_array    0x0000000008007750        0x4 c:/st/stm32cubeide_1.7.0/stm32cubeide/plugins/com.st.stm32cube.ide.mcu.externaltools.gnu-tools-for-stm32.9-2020-q2-update.win32_2.0.0.202105311346/tools/bin/../lib/gcc/arm-none-eabi/9.3.1/thumb/v7e-m+dp/hard/crtbegin.o
                0x0000000008007754                PROVIDE (__init_array_end = .)
                0x0000000008007754                . = ALIGN (0x4)

.fini_array     0x0000000008007754        0x4
                0x0000000008007754                . = ALIGN (0x4)
                [!provide]                        PROVIDE (__fini_array_start = .)
 *(SORT_BY_NAME(.fini_array.*))
 *(.fini_array*)
 .fini_array    0x0000000008007754        0x4 c:/st/stm32cubeide_1.7.0/stm32cubeide/plugins/com.st.stm32cube.ide.mcu.externaltools.gnu-tools-for-stm32.9-2020-q2-update.win32_2.0.0.202105311346/tools/bin/../lib/gcc/arm-none-eabi/9.3.1/thumb/v7e-m+dp/hard/crtbegin.o
                [!provide]                        PROVIDE (__fini_array_end = .)
                0x0000000008007758                . = ALIGN (0x4)
                0x0000000008007758                _sidata = LOADADDR (.data)

.data           0x0000000020000000       0x78 load address 0x0000000008007758
                0x0000000020000000                . = ALIGN (0x4)
                0x0000000020000000                _sdata = .
 *(.data)
 *(.data*)
 .data.Font_7x10
                0x0000000020000000        0x8 ./Core/Src/ssd1306_fonts.o
                0x0000000020000000                Font_7x10
 .data.SystemCoreClock
                0x0000000020000008        0x4 ./Core/Src/system_stm32f7xx.o
                0x0000000020000008                SystemCoreClock
 .data.uwTickPrio
                0x000000002000000c        0x4 ./Drivers/STM32F7xx_HAL_Driver/Src/stm32f7xx_hal.o
                0x000000002000000c                uwTickPrio
 .data.uwTickFreq
                0x0000000020000010        0x1 ./Drivers/STM32F7xx_HAL_Driver/Src/stm32f7xx_hal.o
                0x0000000020000010                uwTickFreq
 *fill*         0x0000000020000011        0x3 
 .data._impure_ptr
                0x0000000020000014        0x4 c:/st/stm32cubeide_1.7.0/stm32cubeide/plugins/com.st.stm32cube.ide.mcu.externaltools.gnu-tools-for-stm32.9-2020-q2-update.win32_2.0.0.202105311346/tools/bin/../lib/gcc/arm-none-eabi/9.3.1/../../../../arm-none-eabi/lib/thumb/v7e-m+dp/hard\libc_nano.a(lib_a-impure.o)
                0x0000000020000014                _impure_ptr
 .data.impure_data
                0x0000000020000018       0x60 c:/st/stm32cubeide_1.7.0/stm32cubeide/plugins/com.st.stm32cube.ide.mcu.externaltools.gnu-tools-for-stm32.9-2020-q2-update.win32_2.0.0.202105311346/tools/bin/../lib/gcc/arm-none-eabi/9.3.1/../../../../arm-none-eabi/lib/thumb/v7e-m+dp/hard\libc_nano.a(lib_a-impure.o)
 *(.RamFunc)
 *(.RamFunc*)
                0x0000000020000078                . = ALIGN (0x4)
                0x0000000020000078                _edata = .

.igot.plt       0x0000000020000078        0x0 load address 0x00000000080077d0
 .igot.plt      0x0000000020000078        0x0 c:/st/stm32cubeide_1.7.0/stm32cubeide/plugins/com.st.stm32cube.ide.mcu.externaltools.gnu-tools-for-stm32.9-2020-q2-update.win32_2.0.0.202105311346/tools/bin/../lib/gcc/arm-none-eabi/9.3.1/thumb/v7e-m+dp/hard/crtbegin.o
                0x0000000020000078                . = ALIGN (0x4)

.bss            0x0000000020000078      0x9fc load address 0x00000000080077d0
                0x0000000020000078                _sbss = .
                0x0000000020000078                __bss_start__ = _sbss
 *(.bss)
 .bss           0x0000000020000078       0x1c c:/st/stm32cubeide_1.7.0/stm32cubeide/plugins/com.st.stm32cube.ide.mcu.externaltools.gnu-tools-for-stm32.9-2020-q2-update.win32_2.0.0.202105311346/tools/bin/../lib/gcc/arm-none-eabi/9.3.1/thumb/v7e-m+dp/hard/crtbegin.o
 *(.bss*)
 .bss.SSD1306_Buffer
                0x0000000020000094      0x400 ./Core/Src/ssd1306.o
 .bss.SSD1306   0x0000000020000494        0x6 ./Core/Src/ssd1306.o
 *fill*         0x000000002000049a        0x2 
 .bss.__sbrk_heap_end
                0x000000002000049c        0x4 ./Core/Src/sysmem.o
 .bss.__malloc_free_list
                0x00000000200004a0        0x4 c:/st/stm32cubeide_1.7.0/stm32cubeide/plugins/com.st.stm32cube.ide.mcu.externaltools.gnu-tools-for-stm32.9-2020-q2-update.win32_2.0.0.202105311346/tools/bin/../lib/gcc/arm-none-eabi/9.3.1/../../../../arm-none-eabi/lib/thumb/v7e-m+dp/hard\libc_nano.a(lib_a-nano-mallocr.o)
                0x00000000200004a0                __malloc_free_list
 .bss.__malloc_sbrk_start
                0x00000000200004a4        0x4 c:/st/stm32cubeide_1.7.0/stm32cubeide/plugins/com.st.stm32cube.ide.mcu.externaltools.gnu-tools-for-stm32.9-2020-q2-update.win32_2.0.0.202105311346/tools/bin/../lib/gcc/arm-none-eabi/9.3.1/../../../../arm-none-eabi/lib/thumb/v7e-m+dp/hard\libc_nano.a(lib_a-nano-mallocr.o)
                0x00000000200004a4                __malloc_sbrk_start
 *(COMMON)
 COMMON         0x00000000200004a8        0x4 ./Core/Src/WS9527.o
                0x00000000200004a8                WS9527_Reading_ADC
                0x00000000200004aa                WS9527_Reading
 COMMON         0x00000000200004ac       0x48 ./Core/Src/adc.o
                0x00000000200004ac                hadc1
 COMMON         0x00000000200004f4       0x4c ./Core/Src/display.o
                0x00000000200004f4                hi2c1
 COMMON         0x0000000020000540       0x98 ./Core/Src/tim.o
                0x0000000020000540                htim4
                0x000000002000058c                htim3
 COMMON         0x00000000200005d8       0x84 ./Core/Src/usart.o
                0x00000000200005d8                huart3
 COMMON         0x000000002000065c      0x404 ./Core/Src/usb_otg.o
                0x000000002000065c                hpcd_USB_OTG_FS
 COMMON         0x0000000020000a60        0x4 ./Drivers/STM32F7xx_HAL_Driver/Src/stm32f7xx_hal.o
                0x0000000020000a60                uwTick
 COMMON         0x0000000020000a64        0x4 c:/st/stm32cubeide_1.7.0/stm32cubeide/plugins/com.st.stm32cube.ide.mcu.externaltools.gnu-tools-for-stm32.9-2020-q2-update.win32_2.0.0.202105311346/tools/bin/../lib/gcc/arm-none-eabi/9.3.1/../../../../arm-none-eabi/lib/thumb/v7e-m+dp/hard\libc_nano.a(lib_a-reent.o)
                0x0000000020000a64                errno
 COMMON         0x0000000020000a68        0x9 c:/st/stm32cubeide_1.7.0/stm32cubeide/plugins/com.st.stm32cube.ide.mcu.externaltools.gnu-tools-for-stm32.9-2020-q2-update.win32_2.0.0.202105311346/tools/bin/../lib/gcc/arm-none-eabi/9.3.1/../../../../arm-none-eabi/lib/thumb/v7e-m+dp/hard\libc_nano.a(lib_a-lock.o)
                0x0000000020000a68                __lock___atexit_recursive_mutex
                0x0000000020000a69                __lock___arc4random_mutex
                0x0000000020000a6a                __lock___env_recursive_mutex
                0x0000000020000a6b                __lock___sinit_recursive_mutex
                0x0000000020000a6c                __lock___malloc_recursive_mutex
                0x0000000020000a6d                __lock___at_quick_exit_mutex
                0x0000000020000a6e                __lock___dd_hash_mutex
                0x0000000020000a6f                __lock___tz_mutex
                0x0000000020000a70                __lock___sfp_recursive_mutex
                0x0000000020000a74                . = ALIGN (0x4)
 *fill*         0x0000000020000a71        0x3 
                0x0000000020000a74                _ebss = .
                0x0000000020000a74                __bss_end__ = _ebss

._user_heap_stack
                0x0000000020000a74      0x604 load address 0x00000000080077d0
                0x0000000020000a78                . = ALIGN (0x8)
 *fill*         0x0000000020000a74        0x4 
                [!provide]                        PROVIDE (end = .)
                0x0000000020000a78                PROVIDE (_end = .)
                0x0000000020000c78                . = (. + _Min_Heap_Size)
 *fill*         0x0000000020000a78      0x200 
                0x0000000020001078                . = (. + _Min_Stack_Size)
 *fill*         0x0000000020000c78      0x400 
                0x0000000020001078                . = ALIGN (0x8)

/DISCARD/
 libc.a(*)
 libm.a(*)
 libgcc.a(*)

.ARM.attributes
                0x0000000000000000       0x2e
 *(.ARM.attributes)
 .ARM.attributes
                0x0000000000000000       0x1e c:/st/stm32cubeide_1.7.0/stm32cubeide/plugins/com.st.stm32cube.ide.mcu.externaltools.gnu-tools-for-stm32.9-2020-q2-update.win32_2.0.0.202105311346/tools/bin/../lib/gcc/arm-none-eabi/9.3.1/thumb/v7e-m+dp/hard/crti.o
 .ARM.attributes
                0x000000000000001e       0x32 c:/st/stm32cubeide_1.7.0/stm32cubeide/plugins/com.st.stm32cube.ide.mcu.externaltools.gnu-tools-for-stm32.9-2020-q2-update.win32_2.0.0.202105311346/tools/bin/../lib/gcc/arm-none-eabi/9.3.1/thumb/v7e-m+dp/hard/crtbegin.o
 .ARM.attributes
                0x0000000000000050       0x32 ./Core/Src/WS9527.o
 .ARM.attributes
                0x0000000000000082       0x32 ./Core/Src/adc.o
 .ARM.attributes
                0x00000000000000b4       0x32 ./Core/Src/display.o
 .ARM.attributes
                0x00000000000000e6       0x32 ./Core/Src/gpio.o
 .ARM.attributes
                0x0000000000000118       0x32 ./Core/Src/i2c.o
 .ARM.attributes
                0x000000000000014a       0x32 ./Core/Src/main.o
 .ARM.attributes
                0x000000000000017c       0x32 ./Core/Src/messages.o
 .ARM.attributes
                0x00000000000001ae       0x32 ./Core/Src/ssd1306.o
 .ARM.attributes
                0x00000000000001e0       0x37 ./Core/Src/ssd1306_fonts.o
 .ARM.attributes
                0x0000000000000217       0x32 ./Core/Src/stm32f7xx_hal_msp.o
 .ARM.attributes
                0x0000000000000249       0x32 ./Core/Src/stm32f7xx_it.o
 .ARM.attributes
                0x000000000000027b       0x32 ./Core/Src/sysmem.o
 .ARM.attributes
                0x00000000000002ad       0x32 ./Core/Src/system_stm32f7xx.o
 .ARM.attributes
                0x00000000000002df       0x32 ./Core/Src/tim.o
 .ARM.attributes
                0x0000000000000311       0x32 ./Core/Src/usart.o
 .ARM.attributes
                0x0000000000000343       0x32 ./Core/Src/usb_otg.o
 .ARM.attributes
                0x0000000000000375       0x21 ./Core/Startup/startup_stm32f767zitx.o
 .ARM.attributes
                0x0000000000000396       0x32 ./Drivers/STM32F7xx_HAL_Driver/Src/stm32f7xx_hal.o
 .ARM.attributes
                0x00000000000003c8       0x32 ./Drivers/STM32F7xx_HAL_Driver/Src/stm32f7xx_hal_adc.o
 .ARM.attributes
                0x00000000000003fa       0x32 ./Drivers/STM32F7xx_HAL_Driver/Src/stm32f7xx_hal_adc_ex.o
 .ARM.attributes
                0x000000000000042c       0x32 ./Drivers/STM32F7xx_HAL_Driver/Src/stm32f7xx_hal_cortex.o
 .ARM.attributes
                0x000000000000045e       0x32 ./Drivers/STM32F7xx_HAL_Driver/Src/stm32f7xx_hal_dma.o
 .ARM.attributes
                0x0000000000000490       0x32 ./Drivers/STM32F7xx_HAL_Driver/Src/stm32f7xx_hal_gpio.o
 .ARM.attributes
                0x00000000000004c2       0x32 ./Drivers/STM32F7xx_HAL_Driver/Src/stm32f7xx_hal_i2c.o
 .ARM.attributes
                0x00000000000004f4       0x32 ./Drivers/STM32F7xx_HAL_Driver/Src/stm32f7xx_hal_i2c_ex.o
 .ARM.attributes
                0x0000000000000526       0x32 ./Drivers/STM32F7xx_HAL_Driver/Src/stm32f7xx_hal_pcd.o
 .ARM.attributes
                0x0000000000000558       0x32 ./Drivers/STM32F7xx_HAL_Driver/Src/stm32f7xx_hal_pcd_ex.o
 .ARM.attributes
                0x000000000000058a       0x32 ./Drivers/STM32F7xx_HAL_Driver/Src/stm32f7xx_hal_pwr.o
 .ARM.attributes
                0x00000000000005bc       0x32 ./Drivers/STM32F7xx_HAL_Driver/Src/stm32f7xx_hal_pwr_ex.o
 .ARM.attributes
                0x00000000000005ee       0x32 ./Drivers/STM32F7xx_HAL_Driver/Src/stm32f7xx_hal_rcc.o
 .ARM.attributes
                0x0000000000000620       0x32 ./Drivers/STM32F7xx_HAL_Driver/Src/stm32f7xx_hal_rcc_ex.o
 .ARM.attributes
                0x0000000000000652       0x32 ./Drivers/STM32F7xx_HAL_Driver/Src/stm32f7xx_hal_tim.o
 .ARM.attributes
                0x0000000000000684       0x32 ./Drivers/STM32F7xx_HAL_Driver/Src/stm32f7xx_hal_tim_ex.o
 .ARM.attributes
                0x00000000000006b6       0x32 ./Drivers/STM32F7xx_HAL_Driver/Src/stm32f7xx_hal_uart.o
 .ARM.attributes
                0x00000000000006e8       0x32 ./Drivers/STM32F7xx_HAL_Driver/Src/stm32f7xx_ll_usb.o
 .ARM.attributes
                0x000000000000071a       0x32 c:/st/stm32cubeide_1.7.0/stm32cubeide/plugins/com.st.stm32cube.ide.mcu.externaltools.gnu-tools-for-stm32.9-2020-q2-update.win32_2.0.0.202105311346/tools/bin/../lib/gcc/arm-none-eabi/9.3.1/../../../../arm-none-eabi/lib/thumb/v7e-m+dp/hard\libc_nano.a(lib_a-errno.o)
 .ARM.attributes
                0x000000000000074c       0x30 c:/st/stm32cubeide_1.7.0/stm32cubeide/plugins/com.st.stm32cube.ide.mcu.externaltools.gnu-tools-for-stm32.9-2020-q2-update.win32_2.0.0.202105311346/tools/bin/../lib/gcc/arm-none-eabi/9.3.1/../../../../arm-none-eabi/lib/thumb/v7e-m+dp/hard\libc_nano.a(lib_a-impure.o)
 .ARM.attributes
                0x000000000000077c       0x32 c:/st/stm32cubeide_1.7.0/stm32cubeide/plugins/com.st.stm32cube.ide.mcu.externaltools.gnu-tools-for-stm32.9-2020-q2-update.win32_2.0.0.202105311346/tools/bin/../lib/gcc/arm-none-eabi/9.3.1/../../../../arm-none-eabi/lib/thumb/v7e-m+dp/hard\libc_nano.a(lib_a-init.o)
 .ARM.attributes
                0x00000000000007ae       0x32 c:/st/stm32cubeide_1.7.0/stm32cubeide/plugins/com.st.stm32cube.ide.mcu.externaltools.gnu-tools-for-stm32.9-2020-q2-update.win32_2.0.0.202105311346/tools/bin/../lib/gcc/arm-none-eabi/9.3.1/../../../../arm-none-eabi/lib/thumb/v7e-m+dp/hard\libc_nano.a(lib_a-memcpy-stub.o)
 .ARM.attributes
                0x00000000000007e0       0x32 c:/st/stm32cubeide_1.7.0/stm32cubeide/plugins/com.st.stm32cube.ide.mcu.externaltools.gnu-tools-for-stm32.9-2020-q2-update.win32_2.0.0.202105311346/tools/bin/../lib/gcc/arm-none-eabi/9.3.1/../../../../arm-none-eabi/lib/thumb/v7e-m+dp/hard\libc_nano.a(lib_a-memmove.o)
 .ARM.attributes
                0x0000000000000812       0x32 c:/st/stm32cubeide_1.7.0/stm32cubeide/plugins/com.st.stm32cube.ide.mcu.externaltools.gnu-tools-for-stm32.9-2020-q2-update.win32_2.0.0.202105311346/tools/bin/../lib/gcc/arm-none-eabi/9.3.1/../../../../arm-none-eabi/lib/thumb/v7e-m+dp/hard\libc_nano.a(lib_a-memset.o)
 .ARM.attributes
                0x0000000000000844       0x32 c:/st/stm32cubeide_1.7.0/stm32cubeide/plugins/com.st.stm32cube.ide.mcu.externaltools.gnu-tools-for-stm32.9-2020-q2-update.win32_2.0.0.202105311346/tools/bin/../lib/gcc/arm-none-eabi/9.3.1/../../../../arm-none-eabi/lib/thumb/v7e-m+dp/hard\libc_nano.a(lib_a-sprintf.o)
 .ARM.attributes
                0x0000000000000876       0x32 c:/st/stm32cubeide_1.7.0/stm32cubeide/plugins/com.st.stm32cube.ide.mcu.externaltools.gnu-tools-for-stm32.9-2020-q2-update.win32_2.0.0.202105311346/tools/bin/../lib/gcc/arm-none-eabi/9.3.1/../../../../arm-none-eabi/lib/thumb/v7e-m+dp/hard\libc_nano.a(lib_a-nano-svfprintf.o)
 .ARM.attributes
                0x00000000000008a8       0x32 c:/st/stm32cubeide_1.7.0/stm32cubeide/plugins/com.st.stm32cube.ide.mcu.externaltools.gnu-tools-for-stm32.9-2020-q2-update.win32_2.0.0.202105311346/tools/bin/../lib/gcc/arm-none-eabi/9.3.1/../../../../arm-none-eabi/lib/thumb/v7e-m+dp/hard\libc_nano.a(lib_a-nano-vfprintf_i.o)
 .ARM.attributes
                0x00000000000008da       0x1c c:/st/stm32cubeide_1.7.0/stm32cubeide/plugins/com.st.stm32cube.ide.mcu.externaltools.gnu-tools-for-stm32.9-2020-q2-update.win32_2.0.0.202105311346/tools/bin/../lib/gcc/arm-none-eabi/9.3.1/../../../../arm-none-eabi/lib/thumb/v7e-m+dp/hard\libc_nano.a(lib_a-memchr.o)
 .ARM.attributes
                0x00000000000008f6       0x32 c:/st/stm32cubeide_1.7.0/stm32cubeide/plugins/com.st.stm32cube.ide.mcu.externaltools.gnu-tools-for-stm32.9-2020-q2-update.win32_2.0.0.202105311346/tools/bin/../lib/gcc/arm-none-eabi/9.3.1/../../../../arm-none-eabi/lib/thumb/v7e-m+dp/hard\libc_nano.a(lib_a-nano-freer.o)
 .ARM.attributes
                0x0000000000000928       0x32 c:/st/stm32cubeide_1.7.0/stm32cubeide/plugins/com.st.stm32cube.ide.mcu.externaltools.gnu-tools-for-stm32.9-2020-q2-update.win32_2.0.0.202105311346/tools/bin/../lib/gcc/arm-none-eabi/9.3.1/../../../../arm-none-eabi/lib/thumb/v7e-m+dp/hard\libc_nano.a(lib_a-nano-mallocr.o)
 .ARM.attributes
                0x000000000000095a       0x32 c:/st/stm32cubeide_1.7.0/stm32cubeide/plugins/com.st.stm32cube.ide.mcu.externaltools.gnu-tools-for-stm32.9-2020-q2-update.win32_2.0.0.202105311346/tools/bin/../lib/gcc/arm-none-eabi/9.3.1/../../../../arm-none-eabi/lib/thumb/v7e-m+dp/hard\libc_nano.a(lib_a-nano-reallocr.o)
 .ARM.attributes
                0x000000000000098c       0x32 c:/st/stm32cubeide_1.7.0/stm32cubeide/plugins/com.st.stm32cube.ide.mcu.externaltools.gnu-tools-for-stm32.9-2020-q2-update.win32_2.0.0.202105311346/tools/bin/../lib/gcc/arm-none-eabi/9.3.1/../../../../arm-none-eabi/lib/thumb/v7e-m+dp/hard\libc_nano.a(lib_a-sbrkr.o)
 .ARM.attributes
                0x00000000000009be       0x32 c:/st/stm32cubeide_1.7.0/stm32cubeide/plugins/com.st.stm32cube.ide.mcu.externaltools.gnu-tools-for-stm32.9-2020-q2-update.win32_2.0.0.202105311346/tools/bin/../lib/gcc/arm-none-eabi/9.3.1/../../../../arm-none-eabi/lib/thumb/v7e-m+dp/hard\libc_nano.a(lib_a-mlock.o)
 .ARM.attributes
                0x00000000000009f0       0x32 c:/st/stm32cubeide_1.7.0/stm32cubeide/plugins/com.st.stm32cube.ide.mcu.externaltools.gnu-tools-for-stm32.9-2020-q2-update.win32_2.0.0.202105311346/tools/bin/../lib/gcc/arm-none-eabi/9.3.1/../../../../arm-none-eabi/lib/thumb/v7e-m+dp/hard\libc_nano.a(lib_a-nano-msizer.o)
 .ARM.attributes
                0x0000000000000a22       0x32 c:/st/stm32cubeide_1.7.0/stm32cubeide/plugins/com.st.stm32cube.ide.mcu.externaltools.gnu-tools-for-stm32.9-2020-q2-update.win32_2.0.0.202105311346/tools/bin/../lib/gcc/arm-none-eabi/9.3.1/../../../../arm-none-eabi/lib/thumb/v7e-m+dp/hard\libc_nano.a(lib_a-reent.o)
 .ARM.attributes
                0x0000000000000a54       0x32 c:/st/stm32cubeide_1.7.0/stm32cubeide/plugins/com.st.stm32cube.ide.mcu.externaltools.gnu-tools-for-stm32.9-2020-q2-update.win32_2.0.0.202105311346/tools/bin/../lib/gcc/arm-none-eabi/9.3.1/../../../../arm-none-eabi/lib/thumb/v7e-m+dp/hard\libc_nano.a(lib_a-lock.o)
 .ARM.attributes
                0x0000000000000a86       0x1e c:/st/stm32cubeide_1.7.0/stm32cubeide/plugins/com.st.stm32cube.ide.mcu.externaltools.gnu-tools-for-stm32.9-2020-q2-update.win32_2.0.0.202105311346/tools/bin/../lib/gcc/arm-none-eabi/9.3.1/thumb/v7e-m+dp/hard\libgcc.a(_aeabi_uldivmod.o)
 .ARM.attributes
                0x0000000000000aa4       0x32 c:/st/stm32cubeide_1.7.0/stm32cubeide/plugins/com.st.stm32cube.ide.mcu.externaltools.gnu-tools-for-stm32.9-2020-q2-update.win32_2.0.0.202105311346/tools/bin/../lib/gcc/arm-none-eabi/9.3.1/thumb/v7e-m+dp/hard\libgcc.a(_udivmoddi4.o)
 .ARM.attributes
                0x0000000000000ad6       0x1e c:/st/stm32cubeide_1.7.0/stm32cubeide/plugins/com.st.stm32cube.ide.mcu.externaltools.gnu-tools-for-stm32.9-2020-q2-update.win32_2.0.0.202105311346/tools/bin/../lib/gcc/arm-none-eabi/9.3.1/thumb/v7e-m+dp/hard\libgcc.a(_dvmd_tls.o)
 .ARM.attributes
                0x0000000000000af4       0x1e c:/st/stm32cubeide_1.7.0/stm32cubeide/plugins/com.st.stm32cube.ide.mcu.externaltools.gnu-tools-for-stm32.9-2020-q2-update.win32_2.0.0.202105311346/tools/bin/../lib/gcc/arm-none-eabi/9.3.1/thumb/v7e-m+dp/hard/crtn.o
OUTPUT(plant-control.elf elf32-littlearm)
LOAD linker stubs
LOAD c:/st/stm32cubeide_1.7.0/stm32cubeide/plugins/com.st.stm32cube.ide.mcu.externaltools.gnu-tools-for-stm32.9-2020-q2-update.win32_2.0.0.202105311346/tools/bin/../lib/gcc/arm-none-eabi/9.3.1/../../../../arm-none-eabi/lib/thumb/v7e-m+dp/hard\libc.a
LOAD c:/st/stm32cubeide_1.7.0/stm32cubeide/plugins/com.st.stm32cube.ide.mcu.externaltools.gnu-tools-for-stm32.9-2020-q2-update.win32_2.0.0.202105311346/tools/bin/../lib/gcc/arm-none-eabi/9.3.1/../../../../arm-none-eabi/lib/thumb/v7e-m+dp/hard\libm.a
LOAD c:/st/stm32cubeide_1.7.0/stm32cubeide/plugins/com.st.stm32cube.ide.mcu.externaltools.gnu-tools-for-stm32.9-2020-q2-update.win32_2.0.0.202105311346/tools/bin/../lib/gcc/arm-none-eabi/9.3.1/thumb/v7e-m+dp/hard\libgcc.a

.debug_info     0x0000000000000000    0x22b7a
 .debug_info    0x0000000000000000      0x748 ./Core/Src/WS9527.o
 .debug_info    0x0000000000000748      0xd7f ./Core/Src/adc.o
 .debug_info    0x00000000000014c7     0x10f6 ./Core/Src/display.o
 .debug_info    0x00000000000025bd      0x576 ./Core/Src/gpio.o
 .debug_info    0x0000000000002b33      0xda6 ./Core/Src/i2c.o
 .debug_info    0x00000000000038d9     0x2527 ./Core/Src/main.o
 .debug_info    0x0000000000005e00     0x102c ./Core/Src/messages.o
 .debug_info    0x0000000000006e2c     0x18f4 ./Core/Src/ssd1306.o
 .debug_info    0x0000000000008720      0x1f2 ./Core/Src/ssd1306_fonts.o
 .debug_info    0x0000000000008912      0x3be ./Core/Src/stm32f7xx_hal_msp.o
 .debug_info    0x0000000000008cd0     0x1190 ./Core/Src/stm32f7xx_it.o
 .debug_info    0x0000000000009e60      0xa25 ./Core/Src/sysmem.o
 .debug_info    0x000000000000a885      0x7ad ./Core/Src/system_stm32f7xx.o
 .debug_info    0x000000000000b032      0xe34 ./Core/Src/tim.o
 .debug_info    0x000000000000be66      0xde7 ./Core/Src/usart.o
 .debug_info    0x000000000000cc4d      0xa76 ./Core/Src/usb_otg.o
 .debug_info    0x000000000000d6c3       0x22 ./Core/Startup/startup_stm32f767zitx.o
 .debug_info    0x000000000000d6e5      0xab8 ./Drivers/STM32F7xx_HAL_Driver/Src/stm32f7xx_hal.o
 .debug_info    0x000000000000e19d      0xd86 ./Drivers/STM32F7xx_HAL_Driver/Src/stm32f7xx_hal_adc.o
 .debug_info    0x000000000000ef23      0xbae ./Drivers/STM32F7xx_HAL_Driver/Src/stm32f7xx_hal_adc_ex.o
 .debug_info    0x000000000000fad1     0x1158 ./Drivers/STM32F7xx_HAL_Driver/Src/stm32f7xx_hal_cortex.o
 .debug_info    0x0000000000010c29      0x9f1 ./Drivers/STM32F7xx_HAL_Driver/Src/stm32f7xx_hal_dma.o
 .debug_info    0x000000000001161a      0x876 ./Drivers/STM32F7xx_HAL_Driver/Src/stm32f7xx_hal_gpio.o
 .debug_info    0x0000000000011e90     0x228e ./Drivers/STM32F7xx_HAL_Driver/Src/stm32f7xx_hal_i2c.o
 .debug_info    0x000000000001411e      0xa9c ./Drivers/STM32F7xx_HAL_Driver/Src/stm32f7xx_hal_i2c_ex.o
 .debug_info    0x0000000000014bba     0x134f ./Drivers/STM32F7xx_HAL_Driver/Src/stm32f7xx_hal_pcd.o
 .debug_info    0x0000000000015f09      0x88b ./Drivers/STM32F7xx_HAL_Driver/Src/stm32f7xx_hal_pcd_ex.o
 .debug_info    0x0000000000016794      0xa4c ./Drivers/STM32F7xx_HAL_Driver/Src/stm32f7xx_hal_pwr.o
 .debug_info    0x00000000000171e0      0x9f6 ./Drivers/STM32F7xx_HAL_Driver/Src/stm32f7xx_hal_pwr_ex.o
 .debug_info    0x0000000000017bd6      0xa28 ./Drivers/STM32F7xx_HAL_Driver/Src/stm32f7xx_hal_rcc.o
 .debug_info    0x00000000000185fe      0x853 ./Drivers/STM32F7xx_HAL_Driver/Src/stm32f7xx_hal_rcc_ex.o
 .debug_info    0x0000000000018e51     0x2d5a ./Drivers/STM32F7xx_HAL_Driver/Src/stm32f7xx_hal_tim.o
 .debug_info    0x000000000001bbab     0x1793 ./Drivers/STM32F7xx_HAL_Driver/Src/stm32f7xx_hal_tim_ex.o
 .debug_info    0x000000000001d33e     0x3cfc ./Drivers/STM32F7xx_HAL_Driver/Src/stm32f7xx_hal_uart.o
 .debug_info    0x000000000002103a     0x1b40 ./Drivers/STM32F7xx_HAL_Driver/Src/stm32f7xx_ll_usb.o

.debug_abbrev   0x0000000000000000     0x45a9
 .debug_abbrev  0x0000000000000000      0x1c7 ./Core/Src/WS9527.o
 .debug_abbrev  0x00000000000001c7      0x1c4 ./Core/Src/adc.o
 .debug_abbrev  0x000000000000038b      0x22d ./Core/Src/display.o
 .debug_abbrev  0x00000000000005b8      0x14e ./Core/Src/gpio.o
 .debug_abbrev  0x0000000000000706      0x1cf ./Core/Src/i2c.o
 .debug_abbrev  0x00000000000008d5      0x29a ./Core/Src/main.o
 .debug_abbrev  0x0000000000000b6f      0x1f1 ./Core/Src/messages.o
 .debug_abbrev  0x0000000000000d60      0x37a ./Core/Src/ssd1306.o
 .debug_abbrev  0x00000000000010da       0xbe ./Core/Src/ssd1306_fonts.o
 .debug_abbrev  0x0000000000001198      0x11d ./Core/Src/stm32f7xx_hal_msp.o
 .debug_abbrev  0x00000000000012b5      0x1ac ./Core/Src/stm32f7xx_it.o
 .debug_abbrev  0x0000000000001461      0x1bf ./Core/Src/sysmem.o
 .debug_abbrev  0x0000000000001620      0x165 ./Core/Src/system_stm32f7xx.o
 .debug_abbrev  0x0000000000001785      0x1c6 ./Core/Src/tim.o
 .debug_abbrev  0x000000000000194b      0x1c4 ./Core/Src/usart.o
 .debug_abbrev  0x0000000000001b0f      0x1da ./Core/Src/usb_otg.o
 .debug_abbrev  0x0000000000001ce9       0x12 ./Core/Startup/startup_stm32f767zitx.o
 .debug_abbrev  0x0000000000001cfb      0x1ed ./Drivers/STM32F7xx_HAL_Driver/Src/stm32f7xx_hal.o
 .debug_abbrev  0x0000000000001ee8      0x22f ./Drivers/STM32F7xx_HAL_Driver/Src/stm32f7xx_hal_adc.o
 .debug_abbrev  0x0000000000002117      0x24a ./Drivers/STM32F7xx_HAL_Driver/Src/stm32f7xx_hal_adc_ex.o
 .debug_abbrev  0x0000000000002361      0x33c ./Drivers/STM32F7xx_HAL_Driver/Src/stm32f7xx_hal_cortex.o
 .debug_abbrev  0x000000000000269d      0x259 ./Drivers/STM32F7xx_HAL_Driver/Src/stm32f7xx_hal_dma.o
 .debug_abbrev  0x00000000000028f6      0x1f1 ./Drivers/STM32F7xx_HAL_Driver/Src/stm32f7xx_hal_gpio.o
 .debug_abbrev  0x0000000000002ae7      0x256 ./Drivers/STM32F7xx_HAL_Driver/Src/stm32f7xx_hal_i2c.o
 .debug_abbrev  0x0000000000002d3d      0x1bb ./Drivers/STM32F7xx_HAL_Driver/Src/stm32f7xx_hal_i2c_ex.o
 .debug_abbrev  0x0000000000002ef8      0x2a0 ./Drivers/STM32F7xx_HAL_Driver/Src/stm32f7xx_hal_pcd.o
 .debug_abbrev  0x0000000000003198      0x1ea ./Drivers/STM32F7xx_HAL_Driver/Src/stm32f7xx_hal_pcd_ex.o
 .debug_abbrev  0x0000000000003382      0x1de ./Drivers/STM32F7xx_HAL_Driver/Src/stm32f7xx_hal_pwr.o
 .debug_abbrev  0x0000000000003560      0x1dc ./Drivers/STM32F7xx_HAL_Driver/Src/stm32f7xx_hal_pwr_ex.o
 .debug_abbrev  0x000000000000373c      0x29c ./Drivers/STM32F7xx_HAL_Driver/Src/stm32f7xx_hal_rcc.o
 .debug_abbrev  0x00000000000039d8      0x1d1 ./Drivers/STM32F7xx_HAL_Driver/Src/stm32f7xx_hal_rcc_ex.o
 .debug_abbrev  0x0000000000003ba9      0x25e ./Drivers/STM32F7xx_HAL_Driver/Src/stm32f7xx_hal_tim.o
 .debug_abbrev  0x0000000000003e07      0x266 ./Drivers/STM32F7xx_HAL_Driver/Src/stm32f7xx_hal_tim_ex.o
 .debug_abbrev  0x000000000000406d      0x2b3 ./Drivers/STM32F7xx_HAL_Driver/Src/stm32f7xx_hal_uart.o
 .debug_abbrev  0x0000000000004320      0x289 ./Drivers/STM32F7xx_HAL_Driver/Src/stm32f7xx_ll_usb.o

.debug_aranges  0x0000000000000000     0x17c8
 .debug_aranges
                0x0000000000000000       0x38 ./Core/Src/WS9527.o
 .debug_aranges
                0x0000000000000038       0x30 ./Core/Src/adc.o
 .debug_aranges
                0x0000000000000068       0x28 ./Core/Src/display.o
 .debug_aranges
                0x0000000000000090       0x20 ./Core/Src/gpio.o
 .debug_aranges
                0x00000000000000b0       0x30 ./Core/Src/i2c.o
 .debug_aranges
                0x00000000000000e0       0x40 ./Core/Src/main.o
 .debug_aranges
                0x0000000000000120       0x20 ./Core/Src/messages.o
 .debug_aranges
                0x0000000000000140       0xc8 ./Core/Src/ssd1306.o
 .debug_aranges
                0x0000000000000208       0x18 ./Core/Src/ssd1306_fonts.o
 .debug_aranges
                0x0000000000000220       0x20 ./Core/Src/stm32f7xx_hal_msp.o
 .debug_aranges
                0x0000000000000240       0x88 ./Core/Src/stm32f7xx_it.o
 .debug_aranges
                0x00000000000002c8       0x20 ./Core/Src/sysmem.o
 .debug_aranges
                0x00000000000002e8       0x28 ./Core/Src/system_stm32f7xx.o
 .debug_aranges
                0x0000000000000310       0x38 ./Core/Src/tim.o
 .debug_aranges
                0x0000000000000348       0x30 ./Core/Src/usart.o
 .debug_aranges
                0x0000000000000378       0x30 ./Core/Src/usb_otg.o
 .debug_aranges
                0x00000000000003a8       0x28 ./Core/Startup/startup_stm32f767zitx.o
 .debug_aranges
                0x00000000000003d0      0x110 ./Drivers/STM32F7xx_HAL_Driver/Src/stm32f7xx_hal.o
 .debug_aranges
                0x00000000000004e0       0xe8 ./Drivers/STM32F7xx_HAL_Driver/Src/stm32f7xx_hal_adc.o
 .debug_aranges
                0x00000000000005c8       0x90 ./Drivers/STM32F7xx_HAL_Driver/Src/stm32f7xx_hal_adc_ex.o
 .debug_aranges
                0x0000000000000658      0x118 ./Drivers/STM32F7xx_HAL_Driver/Src/stm32f7xx_hal_cortex.o
 .debug_aranges
                0x0000000000000770       0x90 ./Drivers/STM32F7xx_HAL_Driver/Src/stm32f7xx_hal_dma.o
 .debug_aranges
                0x0000000000000800       0x58 ./Drivers/STM32F7xx_HAL_Driver/Src/stm32f7xx_hal_gpio.o
 .debug_aranges
                0x0000000000000858      0x290 ./Drivers/STM32F7xx_HAL_Driver/Src/stm32f7xx_hal_i2c.o
 .debug_aranges
                0x0000000000000ae8       0x38 ./Drivers/STM32F7xx_HAL_Driver/Src/stm32f7xx_hal_i2c_ex.o
 .debug_aranges
                0x0000000000000b20      0x140 ./Drivers/STM32F7xx_HAL_Driver/Src/stm32f7xx_hal_pcd.o
 .debug_aranges
                0x0000000000000c60       0x48 ./Drivers/STM32F7xx_HAL_Driver/Src/stm32f7xx_hal_pcd_ex.o
 .debug_aranges
                0x0000000000000ca8       0xa0 ./Drivers/STM32F7xx_HAL_Driver/Src/stm32f7xx_hal_pwr.o
 .debug_aranges
                0x0000000000000d48       0x80 ./Drivers/STM32F7xx_HAL_Driver/Src/stm32f7xx_hal_pwr_ex.o
 .debug_aranges
                0x0000000000000dc8       0x88 ./Drivers/STM32F7xx_HAL_Driver/Src/stm32f7xx_hal_rcc.o
 .debug_aranges
                0x0000000000000e50       0x50 ./Drivers/STM32F7xx_HAL_Driver/Src/stm32f7xx_hal_rcc_ex.o
 .debug_aranges
                0x0000000000000ea0      0x3e0 ./Drivers/STM32F7xx_HAL_Driver/Src/stm32f7xx_hal_tim.o
 .debug_aranges
                0x0000000000001280      0x180 ./Drivers/STM32F7xx_HAL_Driver/Src/stm32f7xx_hal_tim_ex.o
 .debug_aranges
                0x0000000000001400      0x230 ./Drivers/STM32F7xx_HAL_Driver/Src/stm32f7xx_hal_uart.o
 .debug_aranges
                0x0000000000001630      0x198 ./Drivers/STM32F7xx_HAL_Driver/Src/stm32f7xx_ll_usb.o

.debug_ranges   0x0000000000000000     0x15c8
 .debug_ranges  0x0000000000000000       0x28 ./Core/Src/WS9527.o
 .debug_ranges  0x0000000000000028       0x20 ./Core/Src/adc.o
 .debug_ranges  0x0000000000000048       0x18 ./Core/Src/display.o
 .debug_ranges  0x0000000000000060       0x10 ./Core/Src/gpio.o
 .debug_ranges  0x0000000000000070       0x20 ./Core/Src/i2c.o
 .debug_ranges  0x0000000000000090       0x30 ./Core/Src/main.o
 .debug_ranges  0x00000000000000c0       0x10 ./Core/Src/messages.o
 .debug_ranges  0x00000000000000d0       0xb8 ./Core/Src/ssd1306.o
 .debug_ranges  0x0000000000000188       0x10 ./Core/Src/stm32f7xx_hal_msp.o
 .debug_ranges  0x0000000000000198       0x78 ./Core/Src/stm32f7xx_it.o
 .debug_ranges  0x0000000000000210       0x10 ./Core/Src/sysmem.o
 .debug_ranges  0x0000000000000220       0x18 ./Core/Src/system_stm32f7xx.o
 .debug_ranges  0x0000000000000238       0x28 ./Core/Src/tim.o
 .debug_ranges  0x0000000000000260       0x20 ./Core/Src/usart.o
 .debug_ranges  0x0000000000000280       0x20 ./Core/Src/usb_otg.o
 .debug_ranges  0x00000000000002a0       0x20 ./Core/Startup/startup_stm32f767zitx.o
 .debug_ranges  0x00000000000002c0      0x100 ./Drivers/STM32F7xx_HAL_Driver/Src/stm32f7xx_hal.o
 .debug_ranges  0x00000000000003c0       0xd8 ./Drivers/STM32F7xx_HAL_Driver/Src/stm32f7xx_hal_adc.o
 .debug_ranges  0x0000000000000498       0x80 ./Drivers/STM32F7xx_HAL_Driver/Src/stm32f7xx_hal_adc_ex.o
 .debug_ranges  0x0000000000000518      0x108 ./Drivers/STM32F7xx_HAL_Driver/Src/stm32f7xx_hal_cortex.o
 .debug_ranges  0x0000000000000620       0x80 ./Drivers/STM32F7xx_HAL_Driver/Src/stm32f7xx_hal_dma.o
 .debug_ranges  0x00000000000006a0       0x48 ./Drivers/STM32F7xx_HAL_Driver/Src/stm32f7xx_hal_gpio.o
 .debug_ranges  0x00000000000006e8      0x280 ./Drivers/STM32F7xx_HAL_Driver/Src/stm32f7xx_hal_i2c.o
 .debug_ranges  0x0000000000000968       0x28 ./Drivers/STM32F7xx_HAL_Driver/Src/stm32f7xx_hal_i2c_ex.o
 .debug_ranges  0x0000000000000990      0x130 ./Drivers/STM32F7xx_HAL_Driver/Src/stm32f7xx_hal_pcd.o
 .debug_ranges  0x0000000000000ac0       0x38 ./Drivers/STM32F7xx_HAL_Driver/Src/stm32f7xx_hal_pcd_ex.o
 .debug_ranges  0x0000000000000af8       0x90 ./Drivers/STM32F7xx_HAL_Driver/Src/stm32f7xx_hal_pwr.o
 .debug_ranges  0x0000000000000b88       0x70 ./Drivers/STM32F7xx_HAL_Driver/Src/stm32f7xx_hal_pwr_ex.o
 .debug_ranges  0x0000000000000bf8       0x78 ./Drivers/STM32F7xx_HAL_Driver/Src/stm32f7xx_hal_rcc.o
 .debug_ranges  0x0000000000000c70       0x40 ./Drivers/STM32F7xx_HAL_Driver/Src/stm32f7xx_hal_rcc_ex.o
 .debug_ranges  0x0000000000000cb0      0x3d0 ./Drivers/STM32F7xx_HAL_Driver/Src/stm32f7xx_hal_tim.o
 .debug_ranges  0x0000000000001080      0x170 ./Drivers/STM32F7xx_HAL_Driver/Src/stm32f7xx_hal_tim_ex.o
 .debug_ranges  0x00000000000011f0      0x250 ./Drivers/STM32F7xx_HAL_Driver/Src/stm32f7xx_hal_uart.o
 .debug_ranges  0x0000000000001440      0x188 ./Drivers/STM32F7xx_HAL_Driver/Src/stm32f7xx_ll_usb.o

.debug_macro    0x0000000000000000    0x2c678
 .debug_macro   0x0000000000000000      0x24c ./Core/Src/WS9527.o
 .debug_macro   0x000000000000024c      0xac0 ./Core/Src/WS9527.o
 .debug_macro   0x0000000000000d0c       0x22 ./Core/Src/WS9527.o
 .debug_macro   0x0000000000000d2e       0x8e ./Core/Src/WS9527.o
 .debug_macro   0x0000000000000dbc       0x51 ./Core/Src/WS9527.o
 .debug_macro   0x0000000000000e0d      0x103 ./Core/Src/WS9527.o
 .debug_macro   0x0000000000000f10       0x6a ./Core/Src/WS9527.o
 .debug_macro   0x0000000000000f7a      0x1df ./Core/Src/WS9527.o
 .debug_macro   0x0000000000001159      0x201 ./Core/Src/WS9527.o
 .debug_macro   0x000000000000135a      0x29f ./Core/Src/WS9527.o
 .debug_macro   0x00000000000015f9       0x2e ./Core/Src/WS9527.o
 .debug_macro   0x0000000000001627       0x3b ./Core/Src/WS9527.o
 .debug_macro   0x0000000000001662       0x1c ./Core/Src/WS9527.o
 .debug_macro   0x000000000000167e       0x22 ./Core/Src/WS9527.o
 .debug_macro   0x00000000000016a0       0xdf ./Core/Src/WS9527.o
 .debug_macro   0x000000000000177f     0x12cd ./Core/Src/WS9527.o
 .debug_macro   0x0000000000002a4c      0x11f ./Core/Src/WS9527.o
 .debug_macro   0x0000000000002b6b       0x19 ./Core/Src/WS9527.o
 .debug_macro   0x0000000000002b84    0x1a9dd ./Core/Src/WS9527.o
 .debug_macro   0x000000000001d561       0x6d ./Core/Src/WS9527.o
 .debug_macro   0x000000000001d5ce     0x3714 ./Core/Src/WS9527.o
 .debug_macro   0x0000000000020ce2      0x174 ./Core/Src/WS9527.o
 .debug_macro   0x0000000000020e56       0x63 ./Core/Src/WS9527.o
 .debug_macro   0x0000000000020eb9     0x1add ./Core/Src/WS9527.o
 .debug_macro   0x0000000000022996      0x6c4 ./Core/Src/WS9527.o
 .debug_macro   0x000000000002305a      0x18b ./Core/Src/WS9527.o
 .debug_macro   0x00000000000231e5      0x115 ./Core/Src/WS9527.o
 .debug_macro   0x00000000000232fa      0x26e ./Core/Src/WS9527.o
 .debug_macro   0x0000000000023568       0xa5 ./Core/Src/WS9527.o
 .debug_macro   0x000000000002360d      0x24f ./Core/Src/WS9527.o
 .debug_macro   0x000000000002385c       0x71 ./Core/Src/WS9527.o
 .debug_macro   0x00000000000238cd       0x58 ./Core/Src/WS9527.o
 .debug_macro   0x0000000000023925      0x236 ./Core/Src/WS9527.o
 .debug_macro   0x0000000000023b5b      0x416 ./Core/Src/WS9527.o
 .debug_macro   0x0000000000023f71      0x153 ./Core/Src/WS9527.o
 .debug_macro   0x00000000000240c4      0x107 ./Core/Src/WS9527.o
 .debug_macro   0x00000000000241cb      0x14e ./Core/Src/WS9527.o
 .debug_macro   0x0000000000024319      0x3db ./Core/Src/WS9527.o
 .debug_macro   0x00000000000246f4       0x12 ./Core/Src/WS9527.o
 .debug_macro   0x0000000000024706      0x22c ./Core/Src/WS9527.o
 .debug_macro   0x0000000000024932       0x61 ./Core/Src/WS9527.o
 .debug_macro   0x0000000000024993       0xa5 ./Core/Src/WS9527.o
 .debug_macro   0x0000000000024a38      0x12e ./Core/Src/WS9527.o
 .debug_macro   0x0000000000024b66      0x108 ./Core/Src/WS9527.o
 .debug_macro   0x0000000000024c6e       0x35 ./Core/Src/WS9527.o
 .debug_macro   0x0000000000024ca3      0xa6e ./Core/Src/WS9527.o
 .debug_macro   0x0000000000025711       0xa9 ./Core/Src/WS9527.o
 .debug_macro   0x00000000000257ba      0x5a5 ./Core/Src/WS9527.o
 .debug_macro   0x0000000000025d5f       0x44 ./Core/Src/WS9527.o
 .debug_macro   0x0000000000025da3      0x256 ./Core/Src/WS9527.o
 .debug_macro   0x0000000000025ff9       0xba ./Core/Src/WS9527.o
 .debug_macro   0x00000000000260b3      0x15b ./Core/Src/WS9527.o
 .debug_macro   0x000000000002620e      0x13c ./Core/Src/WS9527.o
 .debug_macro   0x000000000002634a      0x239 ./Core/Src/adc.o
 .debug_macro   0x0000000000026583      0x3c8 ./Core/Src/display.o
 .debug_macro   0x000000000002694b       0x52 ./Core/Src/display.o
 .debug_macro   0x000000000002699d       0x17 ./Core/Src/display.o
 .debug_macro   0x00000000000269b4       0x3c ./Core/Src/display.o
 .debug_macro   0x00000000000269f0       0x34 ./Core/Src/display.o
 .debug_macro   0x0000000000026a24       0x3a ./Core/Src/display.o
 .debug_macro   0x0000000000026a5e       0x40 ./Core/Src/display.o
 .debug_macro   0x0000000000026a9e       0x16 ./Core/Src/display.o
 .debug_macro   0x0000000000026ab4       0x35 ./Core/Src/display.o
 .debug_macro   0x0000000000026ae9      0x333 ./Core/Src/display.o
 .debug_macro   0x0000000000026e1c       0x10 ./Core/Src/display.o
 .debug_macro   0x0000000000026e2c       0x16 ./Core/Src/display.o
 .debug_macro   0x0000000000026e42       0x43 ./Core/Src/display.o
 .debug_macro   0x0000000000026e85       0x34 ./Core/Src/display.o
 .debug_macro   0x0000000000026eb9       0x10 ./Core/Src/display.o
 .debug_macro   0x0000000000026ec9       0x58 ./Core/Src/display.o
 .debug_macro   0x0000000000026f21       0x71 ./Core/Src/display.o
 .debug_macro   0x0000000000026f92       0x1c ./Core/Src/display.o
 .debug_macro   0x0000000000026fae      0x12a ./Core/Src/display.o
 .debug_macro   0x00000000000270d8       0x10 ./Core/Src/display.o
 .debug_macro   0x00000000000270e8       0x1c ./Core/Src/display.o
 .debug_macro   0x0000000000027104       0x52 ./Core/Src/display.o
 .debug_macro   0x0000000000027156       0x22 ./Core/Src/display.o
 .debug_macro   0x0000000000027178       0x10 ./Core/Src/display.o
 .debug_macro   0x0000000000027188       0x40 ./Core/Src/display.o
 .debug_macro   0x00000000000271c8       0xd5 ./Core/Src/display.o
 .debug_macro   0x000000000002729d       0x1c ./Core/Src/display.o
 .debug_macro   0x00000000000272b9       0x3d ./Core/Src/display.o
 .debug_macro   0x00000000000272f6       0x16 ./Core/Src/display.o
 .debug_macro   0x000000000002730c      0x145 ./Core/Src/display.o
 .debug_macro   0x0000000000027451      0x239 ./Core/Src/gpio.o
 .debug_macro   0x000000000002768a      0x239 ./Core/Src/i2c.o
 .debug_macro   0x00000000000278c3      0x457 ./Core/Src/main.o
 .debug_macro   0x0000000000027d1a       0x10 ./Core/Src/main.o
 .debug_macro   0x0000000000027d2a       0x20 ./Core/Src/main.o
 .debug_macro   0x0000000000027d4a       0x1c ./Core/Src/main.o
 .debug_macro   0x0000000000027d66      0x3a2 ./Core/Src/messages.o
 .debug_macro   0x0000000000028108       0x97 ./Core/Src/messages.o
 .debug_macro   0x000000000002819f      0x339 ./Core/Src/messages.o
 .debug_macro   0x00000000000284d8       0xfd ./Core/Src/messages.o
 .debug_macro   0x00000000000285d5       0xd9 ./Core/Src/messages.o
 .debug_macro   0x00000000000286ae       0x5d ./Core/Src/messages.o
 .debug_macro   0x000000000002870b      0x356 ./Core/Src/ssd1306.o
 .debug_macro   0x0000000000028a61       0x4c ./Core/Src/ssd1306.o
 .debug_macro   0x0000000000028aad       0x94 ./Core/Src/ssd1306.o
 .debug_macro   0x0000000000028b41       0x28 ./Core/Src/ssd1306.o
 .debug_macro   0x0000000000028b69       0x57 ./Core/Src/ssd1306.o
 .debug_macro   0x0000000000028bc0      0x1a9 ./Core/Src/ssd1306.o
 .debug_macro   0x0000000000028d69       0x16 ./Core/Src/ssd1306.o
 .debug_macro   0x0000000000028d7f       0x16 ./Core/Src/ssd1306.o
 .debug_macro   0x0000000000028d95       0x29 ./Core/Src/ssd1306.o
 .debug_macro   0x0000000000028dbe       0x16 ./Core/Src/ssd1306.o
 .debug_macro   0x0000000000028dd4       0x76 ./Core/Src/ssd1306_fonts.o
 .debug_macro   0x0000000000028e4a      0x22f ./Core/Src/stm32f7xx_hal_msp.o
 .debug_macro   0x0000000000029079      0x239 ./Core/Src/stm32f7xx_it.o
 .debug_macro   0x00000000000292b2       0xff ./Core/Src/sysmem.o
 .debug_macro   0x00000000000293b1      0x23b ./Core/Src/sysmem.o
 .debug_macro   0x00000000000295ec      0x220 ./Core/Src/system_stm32f7xx.o