Archive member included to satisfy reference by file (symbol)

c:/st/stm32cubeide_1.7.0/stm32cubeide/plugins/com.st.stm32cube.ide.mcu.externaltools.gnu-tools-for-stm32.9-2020-q2-update.win32_2.0.0.202105311346/tools/bin/../lib/gcc/arm-none-eabi/9.3.1/../../../../arm-none-eabi/lib/thumb/v7e-m+dp/hard\libc_nano.a(lib_a-errno.o)
                              ./Core/Src/syscalls.o (__errno)
c:/st/stm32cubeide_1.7.0/stm32cubeide/plugins/com.st.stm32cube.ide.mcu.externaltools.gnu-tools-for-stm32.9-2020-q2-update.win32_2.0.0.202105311346/tools/bin/../lib/gcc/arm-none-eabi/9.3.1/../../../../arm-none-eabi/lib/thumb/v7e-m+dp/hard\libc_nano.a(lib_a-exit.o)
                              c:/st/stm32cubeide_1.7.0/stm32cubeide/plugins/com.st.stm32cube.ide.mcu.externaltools.gnu-tools-for-stm32.9-2020-q2-update.win32_2.0.0.202105311346/tools/bin/../lib/gcc/arm-none-eabi/9.3.1/../../../../arm-none-eabi/lib/thumb/v7e-m+dp/hard/crt0.o (exit)
c:/st/stm32cubeide_1.7.0/stm32cubeide/plugins/com.st.stm32cube.ide.mcu.externaltools.gnu-tools-for-stm32.9-2020-q2-update.win32_2.0.0.202105311346/tools/bin/../lib/gcc/arm-none-eabi/9.3.1/../../../../arm-none-eabi/lib/thumb/v7e-m+dp/hard\libc_nano.a(lib_a-impure.o)
                              c:/st/stm32cubeide_1.7.0/stm32cubeide/plugins/com.st.stm32cube.ide.mcu.externaltools.gnu-tools-for-stm32.9-2020-q2-update.win32_2.0.0.202105311346/tools/bin/../lib/gcc/arm-none-eabi/9.3.1/../../../../arm-none-eabi/lib/thumb/v7e-m+dp/hard\libc_nano.a(lib_a-exit.o) (_global_impure_ptr)
c:/st/stm32cubeide_1.7.0/stm32cubeide/plugins/com.st.stm32cube.ide.mcu.externaltools.gnu-tools-for-stm32.9-2020-q2-update.win32_2.0.0.202105311346/tools/bin/../lib/gcc/arm-none-eabi/9.3.1/../../../../arm-none-eabi/lib/thumb/v7e-m+dp/hard\libc_nano.a(lib_a-init.o)
                              c:/st/stm32cubeide_1.7.0/stm32cubeide/plugins/com.st.stm32cube.ide.mcu.externaltools.gnu-tools-for-stm32.9-2020-q2-update.win32_2.0.0.202105311346/tools/bin/../lib/gcc/arm-none-eabi/9.3.1/../../../../arm-none-eabi/lib/thumb/v7e-m+dp/hard/crt0.o (__libc_init_array)
c:/st/stm32cubeide_1.7.0/stm32cubeide/plugins/com.st.stm32cube.ide.mcu.externaltools.gnu-tools-for-stm32.9-2020-q2-update.win32_2.0.0.202105311346/tools/bin/../lib/gcc/arm-none-eabi/9.3.1/../../../../arm-none-eabi/lib/thumb/v7e-m+dp/hard\libc_nano.a(lib_a-memcpy-stub.o)
                              ./Core/Src/ssd1306.o (memcpy)
c:/st/stm32cubeide_1.7.0/stm32cubeide/plugins/com.st.stm32cube.ide.mcu.externaltools.gnu-tools-for-stm32.9-2020-q2-update.win32_2.0.0.202105311346/tools/bin/../lib/gcc/arm-none-eabi/9.3.1/../../../../arm-none-eabi/lib/thumb/v7e-m+dp/hard\libc_nano.a(lib_a-memmove.o)
                              ./Core/Src/ssd1306_tests.o (memmove)
c:/st/stm32cubeide_1.7.0/stm32cubeide/plugins/com.st.stm32cube.ide.mcu.externaltools.gnu-tools-for-stm32.9-2020-q2-update.win32_2.0.0.202105311346/tools/bin/../lib/gcc/arm-none-eabi/9.3.1/../../../../arm-none-eabi/lib/thumb/v7e-m+dp/hard\libc_nano.a(lib_a-memset.o)
                              c:/st/stm32cubeide_1.7.0/stm32cubeide/plugins/com.st.stm32cube.ide.mcu.externaltools.gnu-tools-for-stm32.9-2020-q2-update.win32_2.0.0.202105311346/tools/bin/../lib/gcc/arm-none-eabi/9.3.1/../../../../arm-none-eabi/lib/thumb/v7e-m+dp/hard/crt0.o (memset)
c:/st/stm32cubeide_1.7.0/stm32cubeide/plugins/com.st.stm32cube.ide.mcu.externaltools.gnu-tools-for-stm32.9-2020-q2-update.win32_2.0.0.202105311346/tools/bin/../lib/gcc/arm-none-eabi/9.3.1/../../../../arm-none-eabi/lib/thumb/v7e-m+dp/hard\libc_nano.a(lib_a-snprintf.o)
                              ./Core/Src/ssd1306_tests.o (snprintf)
c:/st/stm32cubeide_1.7.0/stm32cubeide/plugins/com.st.stm32cube.ide.mcu.externaltools.gnu-tools-for-stm32.9-2020-q2-update.win32_2.0.0.202105311346/tools/bin/../lib/gcc/arm-none-eabi/9.3.1/../../../../arm-none-eabi/lib/thumb/v7e-m+dp/hard\libc_nano.a(lib_a-sprintf.o)
                              ./Core/Src/display.o (sprintf)
c:/st/stm32cubeide_1.7.0/stm32cubeide/plugins/com.st.stm32cube.ide.mcu.externaltools.gnu-tools-for-stm32.9-2020-q2-update.win32_2.0.0.202105311346/tools/bin/../lib/gcc/arm-none-eabi/9.3.1/../../../../arm-none-eabi/lib/thumb/v7e-m+dp/hard\libc_nano.a(lib_a-nano-svfprintf.o)
                              c:/st/stm32cubeide_1.7.0/stm32cubeide/plugins/com.st.stm32cube.ide.mcu.externaltools.gnu-tools-for-stm32.9-2020-q2-update.win32_2.0.0.202105311346/tools/bin/../lib/gcc/arm-none-eabi/9.3.1/../../../../arm-none-eabi/lib/thumb/v7e-m+dp/hard\libc_nano.a(lib_a-snprintf.o) (_svfprintf_r)
c:/st/stm32cubeide_1.7.0/stm32cubeide/plugins/com.st.stm32cube.ide.mcu.externaltools.gnu-tools-for-stm32.9-2020-q2-update.win32_2.0.0.202105311346/tools/bin/../lib/gcc/arm-none-eabi/9.3.1/../../../../arm-none-eabi/lib/thumb/v7e-m+dp/hard\libc_nano.a(lib_a-nano-vfprintf_i.o)
[...]
Memory Configuration

Name             Origin             Length             Attributes
RAM              0x0000000020000000 0x0000000000080000 xrw
FLASH            0x0000000008000000 0x0000000000200000 xr
*default*        0x0000000000000000 0xffffffffffffffff

Linker script and memory map

LOAD c:/st/stm32cubeide_1.7.0/stm32cubeide/plugins/com.st.stm32cube.ide.mcu.externaltools.gnu-tools-for-stm32.9-2020-q2-update.win32_2.0.0.202105311346/tools/bin/../lib/gcc/arm-none-eabi/9.3.1/thumb/v7e-m+dp/hard/crti.o
LOAD c:/st/stm32cubeide_1.7.0/stm32cubeide/plugins/com.st.stm32cube.ide.mcu.externaltools.gnu-tools-for-stm32.9-2020-q2-update.win32_2.0.0.202105311346/tools/bin/../lib/gcc/arm-none-eabi/9.3.1/thumb/v7e-m+dp/hard/crtbegin.o
LOAD c:/st/stm32cubeide_1.7.0/stm32cubeide/plugins/com.st.stm32cube.ide.mcu.externaltools.gnu-tools-for-stm32.9-2020-q2-update.win32_2.0.0.202105311346/tools/bin/../lib/gcc/arm-none-eabi/9.3.1/../../../../arm-none-eabi/lib/thumb/v7e-m+dp/hard/crt0.o
LOAD ./Core/Src/WS9527.o
LOAD ./Core/Src/adc.o
LOAD ./Core/Src/display.o
LOAD ./Core/Src/encoder.o
LOAD ./Core/Src/gpio.o
LOAD ./Core/Src/i2c.o
LOAD ./Core/Src/main.o
LOAD ./Core/Src/messages.o
LOAD ./Core/Src/ssd1306.o
LOAD ./Core/Src/ssd1306_fonts.o
LOAD ./Core/Src/ssd1306_tests.o
LOAD ./Core/Src/stm32f7xx_hal_msp.o
LOAD ./Core/Src/stm32f7xx_it.o
LOAD ./Core/Src/syscalls.o
LOAD ./Core/Src/sysmem.o
LOAD ./Core/Src/system_stm32f7xx.o
LOAD ./Core/Src/tim.o
LOAD ./Core/Src/usart.o
LOAD ./Core/Src/usb_otg.o
LOAD ./Core/Startup/startup_stm32f767zitx.o
LOAD ./Drivers/STM32F7xx_HAL_Driver/Src/stm32f7xx_hal.o
LOAD ./Drivers/STM32F7xx_HAL_Driver/Src/stm32f7xx_hal_adc.o
LOAD ./Drivers/STM32F7xx_HAL_Driver/Src/stm32f7xx_hal_adc_ex.o
LOAD ./Drivers/STM32F7xx_HAL_Driver/Src/stm32f7xx_hal_cortex.o
LOAD ./Drivers/STM32F7xx_HAL_Driver/Src/stm32f7xx_hal_dma.o
LOAD ./Drivers/STM32F7xx_HAL_Driver/Src/stm32f7xx_hal_dma_ex.o
LOAD ./Drivers/STM32F7xx_HAL_Driver/Src/stm32f7xx_hal_exti.o
LOAD ./Drivers/STM32F7xx_HAL_Driver/Src/stm32f7xx_hal_flash.o
LOAD ./Drivers/STM32F7xx_HAL_Driver/Src/stm32f7xx_hal_flash_ex.o
LOAD ./Drivers/STM32F7xx_HAL_Driver/Src/stm32f7xx_hal_gpio.o
LOAD ./Drivers/STM32F7xx_HAL_Driver/Src/stm32f7xx_hal_i2c.o
LOAD ./Drivers/STM32F7xx_HAL_Driver/Src/stm32f7xx_hal_i2c_ex.o
LOAD ./Drivers/STM32F7xx_HAL_Driver/Src/stm32f7xx_hal_pcd.o
LOAD ./Drivers/STM32F7xx_HAL_Driver/Src/stm32f7xx_hal_pcd_ex.o
LOAD ./Drivers/STM32F7xx_HAL_Driver/Src/stm32f7xx_hal_pwr.o
LOAD ./Drivers/STM32F7xx_HAL_Driver/Src/stm32f7xx_hal_pwr_ex.o
LOAD ./Drivers/STM32F7xx_HAL_Driver/Src/stm32f7xx_hal_rcc.o
LOAD ./Drivers/STM32F7xx_HAL_Driver/Src/stm32f7xx_hal_rcc_ex.o
LOAD ./Drivers/STM32F7xx_HAL_Driver/Src/stm32f7xx_hal_tim.o
LOAD ./Drivers/STM32F7xx_HAL_Driver/Src/stm32f7xx_hal_tim_ex.o
LOAD ./Drivers/STM32F7xx_HAL_Driver/Src/stm32f7xx_hal_uart.o
LOAD ./Drivers/STM32F7xx_HAL_Driver/Src/stm32f7xx_hal_uart_ex.o
LOAD ./Drivers/STM32F7xx_HAL_Driver/Src/stm32f7xx_ll_usb.o
START GROUP
LOAD c:/st/stm32cubeide_1.7.0/stm32cubeide/plugins/com.st.stm32cube.ide.mcu.externaltools.gnu-tools-for-stm32.9-2020-q2-update.win32_2.0.0.202105311346/tools/bin/../lib/gcc/arm-none-eabi/9.3.1/../../../../arm-none-eabi/lib/thumb/v7e-m+dp/hard\libc_nano.a
LOAD c:/st/stm32cubeide_1.7.0/stm32cubeide/plugins/com.st.stm32cube.ide.mcu.externaltools.gnu-tools-for-stm32.9-2020-q2-update.win32_2.0.0.202105311346/tools/bin/../lib/gcc/arm-none-eabi/9.3.1/../../../../arm-none-eabi/lib/thumb/v7e-m+dp/hard\libm.a
END GROUP
START GROUP
LOAD c:/st/stm32cubeide_1.7.0/stm32cubeide/plugins/com.st.stm32cube.ide.mcu.externaltools.gnu-tools-for-stm32.9-2020-q2-update.win32_2.0.0.202105311346/tools/bin/../lib/gcc/arm-none-eabi/9.3.1/thumb/v7e-m+dp/hard\libgcc.a
LOAD c:/st/stm32cubeide_1.7.0/stm32cubeide/plugins/com.st.stm32cube.ide.mcu.externaltools.gnu-tools-for-stm32.9-2020-q2-update.win32_2.0.0.202105311346/tools/bin/../lib/gcc/arm-none-eabi/9.3.1/../../../../arm-none-eabi/lib/thumb/v7e-m+dp/hard\libc_nano.a
END GROUP
START GROUP
LOAD c:/st/stm32cubeide_1.7.0/stm32cubeide/plugins/com.st.stm32cube.ide.mcu.externaltools.gnu-tools-for-stm32.9-2020-q2-update.win32_2.0.0.202105311346/tools/bin/../lib/gcc/arm-none-eabi/9.3.1/thumb/v7e-m+dp/hard\libgcc.a
LOAD c:/st/stm32cubeide_1.7.0/stm32cubeide/plugins/com.st.stm32cube.ide.mcu.externaltools.gnu-tools-for-stm32.9-2020-q2-update.win32_2.0.0.202105311346/tools/bin/../lib/gcc/arm-none-eabi/9.3.1/../../../../arm-none-eabi/lib/thumb/v7e-m+dp/hard\libc_nano.a
LOAD c:/st/stm32cubeide_1.7.0/stm32cubeide/plugins/com.st.stm32cube.ide.mcu.externaltools.gnu-tools-for-stm32.9-2020-q2-update.win32_2.0.0.202105311346/tools/bin/../lib/gcc/arm-none-eabi/9.3.1/../../../../arm-none-eabi/lib/thumb/v7e-m+dp/hard\libnosys.a
END GROUP
START GROUP
LOAD c:/st/stm32cubeide_1.7.0/stm32cubeide/plugins/com.st.stm32cube.ide.mcu.externaltools.gnu-tools-for-stm32.9-2020-q2-update.win32_2.0.0.202105311346/tools/bin/../lib/gcc/arm-none-eabi/9.3.1/thumb/v7e-m+dp/hard\libgcc.a
LOAD c:/st/stm32cubeide_1.7.0/stm32cubeide/plugins/com.st.stm32cube.ide.mcu.externaltools.gnu-tools-for-stm32.9-2020-q2-update.win32_2.0.0.202105311346/tools/bin/../lib/gcc/arm-none-eabi/9.3.1/../../../../arm-none-eabi/lib/thumb/v7e-m+dp/hard\libc_nano.a
LOAD c:/st/stm32cubeide_1.7.0/stm32cubeide/plugins/com.st.stm32cube.ide.mcu.externaltools.gnu-tools-for-stm32.9-2020-q2-update.win32_2.0.0.202105311346/tools/bin/../lib/gcc/arm-none-eabi/9.3.1/../../../../arm-none-eabi/lib/thumb/v7e-m+dp/hard\libnosys.a
END GROUP
LOAD c:/st/stm32cubeide_1.7.0/stm32cubeide/plugins/com.st.stm32cube.ide.mcu.externaltools.gnu-tools-for-stm32.9-2020-q2-update.win32_2.0.0.202105311346/tools/bin/../lib/gcc/arm-none-eabi/9.3.1/thumb/v7e-m+dp/hard/crtend.o
LOAD c:/st/stm32cubeide_1.7.0/stm32cubeide/plugins/com.st.stm32cube.ide.mcu.externaltools.gnu-tools-for-stm32.9-2020-q2-update.win32_2.0.0.202105311346/tools/bin/../lib/gcc/arm-none-eabi/9.3.1/thumb/v7e-m+dp/hard/crtn.o
                0x0000000020080000                _estack = (ORIGIN (RAM) + LENGTH (RAM))
                0x0000000000000200                _Min_Heap_Size = 0x200
                0x0000000000000400                _Min_Stack_Size = 0x400

.isr_vector     0x0000000008000000      0x1f8
                0x0000000008000000                . = ALIGN (0x4)
 *(.isr_vector)
 .isr_vector    0x0000000008000000      0x1f8 ./Core/Startup/startup_stm32f767zitx.o
                0x0000000008000000                g_pfnVectors
                0x00000000080001f8                . = ALIGN (0x4)

.text           0x0000000008000200     0x73c8
                0x0000000008000200                . = ALIGN (0x4)
 *(.text)
 .text          0x0000000008000200       0x40 c:/st/stm32cubeide_1.7.0/stm32cubeide/plugins/com.st.stm32cube.ide.mcu.externaltools.gnu-tools-for-stm32.9-2020-q2-update.win32_2.0.0.202105311346/tools/bin/../lib/gcc/arm-none-eabi/9.3.1/thumb/v7e-m+dp/hard/crtbegin.o
 .text          0x0000000008000240       0xa0 c:/st/stm32cubeide_1.7.0/stm32cubeide/plugins/com.st.stm32cube.ide.mcu.externaltools.gnu-tools-for-stm32.9-2020-q2-update.win32_2.0.0.202105311346/tools/bin/../lib/gcc/arm-none-eabi/9.3.1/../../../../arm-none-eabi/lib/thumb/v7e-m+dp/hard\libc_nano.a(lib_a-memchr.o)
                0x0000000008000240                memchr
 .text          0x00000000080002e0       0x30 c:/st/stm32cubeide_1.7.0/stm32cubeide/plugins/com.st.stm32cube.ide.mcu.externaltools.gnu-tools-for-stm32.9-2020-q2-update.win32_2.0.0.202105311346/tools/bin/../lib/gcc/arm-none-eabi/9.3.1/thumb/v7e-m+dp/hard\libgcc.a(_aeabi_uldivmod.o)
                0x00000000080002e0                __aeabi_uldivmod
 .text          0x0000000008000310      0x2c4 c:/st/stm32cubeide_1.7.0/stm32cubeide/plugins/com.st.stm32cube.ide.mcu.externaltools.gnu-tools-for-stm32.9-2020-q2-update.win32_2.0.0.202105311346/tools/bin/../lib/gcc/arm-none-eabi/9.3.1/thumb/v7e-m+dp/hard\libgcc.a(_udivmoddi4.o)
                0x0000000008000310                __udivmoddi4
 .text          0x00000000080005d4        0x4 c:/st/stm32cubeide_1.7.0/stm32cubeide/plugins/com.st.stm32cube.ide.mcu.externaltools.gnu-tools-for-stm32.9-2020-q2-update.win32_2.0.0.202105311346/tools/bin/../lib/gcc/arm-none-eabi/9.3.1/thumb/v7e-m+dp/hard\libgcc.a(_dvmd_tls.o)
                0x00000000080005d4                __aeabi_idiv0
                0x00000000080005d4                __aeabi_ldiv0
 *(.text*)
 .text.lerp     0x00000000080005d8       0x4e ./Core/Src/WS9527.o
                0x00000000080005d8                lerp
 *fill*         0x0000000008000626        0x2 
 .text.WS9527_Initialize
                0x0000000008000628       0x14 ./Core/Src/WS9527.o
                0x0000000008000628                WS9527_Initialize
 .text.WS9527_StartReadings
                0x000000000800063c       0x14 ./Core/Src/WS9527.o
                0x000000000800063c                WS9527_StartReadings
 .text.WS9527_GetReadings
                0x0000000008000650       0x70 ./Core/Src/WS9527.o
                0x0000000008000650                WS9527_GetReadings
 .text.MX_ADC1_Init
                0x00000000080006c0       0xa4 ./Core/Src/adc.o
                0x00000000080006c0                MX_ADC1_Init
 .text.HAL_ADC_MspInit
                0x0000000008000764       0x90 ./Core/Src/adc.o
                0x0000000008000764                HAL_ADC_MspInit
 .text.splash   0x00000000080007f4       0x38 ./Core/Src/display.o
                0x00000000080007f4                splash
 .text.display_measurements
                0x000000000800082c       0x48 ./Core/Src/display.o
                0x000000000800082c                display_measurements
 .text.QE_Initialize
                0x0000000008000874       0x14 ./Core/Src/encoder.o
                0x0000000008000874                QE_Initialize
 .text.QE_CheckPosition
                0x0000000008000888       0x34 ./Core/Src/encoder.o
                0x0000000008000888                QE_CheckPosition
 .text.switchHandler
                0x00000000080008bc       0x40 ./Core/Src/encoder.o
                0x00000000080008bc                switchHandler
 .text.MX_GPIO_Init
                0x00000000080008fc      0x210 ./Core/Src/gpio.o
                0x00000000080008fc                MX_GPIO_Init
 .text.MX_I2C1_Init
                0x0000000008000b0c       0x80 ./Core/Src/i2c.o
                0x0000000008000b0c                MX_I2C1_Init
 .text.HAL_I2C_MspInit
                0x0000000008000b8c       0x98 ./Core/Src/i2c.o
                0x0000000008000b8c                HAL_I2C_MspInit
 .text.HAL_ADC_ConvCpltCallback
                0x0000000008000c24       0x1a ./Core/Src/main.o
                0x0000000008000c24                HAL_ADC_ConvCpltCallback
 *fill*         0x0000000008000c3e        0x2 
 .text.HAL_TIM_PeriodElapsedCallback
                0x0000000008000c40       0x4c ./Core/Src/main.o
                0x0000000008000c40                HAL_TIM_PeriodElapsedCallback
 .text.HAL_GPIO_EXTI_Callback
                0x0000000008000c8c       0x1e ./Core/Src/main.o
                0x0000000008000c8c                HAL_GPIO_EXTI_Callback
 *fill*         0x0000000008000caa        0x2 
 .text.main     0x0000000008000cac       0x50 ./Core/Src/main.o
                0x0000000008000cac                main
 .text.SystemClock_Config
                0x0000000008000cfc      0x138 ./Core/Src/main.o
                0x0000000008000cfc                SystemClock_Config
 .text.Error_Handler
                0x0000000008000e34        0xa ./Core/Src/main.o
                0x0000000008000e34                Error_Handler
 *fill*         0x0000000008000e3e        0x2 
 .text.UART_TransmitData
                0x0000000008000e40       0x38 ./Core/Src/messages.o
                0x0000000008000e40                UART_TransmitData
 .text.ssd1306_Reset
                0x0000000008000e78        0xe ./Core/Src/ssd1306.o
                0x0000000008000e78                ssd1306_Reset
 *fill*         0x0000000008000e86        0x2 
 .text.ssd1306_WriteCommand
                0x0000000008000e88       0x30 ./Core/Src/ssd1306.o
                0x0000000008000e88                ssd1306_WriteCommand
 .text.ssd1306_WriteData
                0x0000000008000eb8       0x34 ./Core/Src/ssd1306.o
                0x0000000008000eb8                ssd1306_WriteData
 .text.ssd1306_Init
                0x0000000008000eec       0xd4 ./Core/Src/ssd1306.o
                0x0000000008000eec                ssd1306_Init
 .text.ssd1306_Fill
                0x0000000008000fc0       0x48 ./Core/Src/ssd1306.o
                0x0000000008000fc0                ssd1306_Fill
 .text.ssd1306_UpdateScreen
                0x0000000008001008       0x50 ./Core/Src/ssd1306.o
                0x0000000008001008                ssd1306_UpdateScreen
 .text.ssd1306_DrawPixel
                0x0000000008001058       0xa8 ./Core/Src/ssd1306.o
                0x0000000008001058                ssd1306_DrawPixel
 .text.ssd1306_WriteChar
                0x0000000008001100      0x110 ./Core/Src/ssd1306.o
                0x0000000008001100                ssd1306_WriteChar
 .text.ssd1306_WriteString
                0x0000000008001210       0x4c ./Core/Src/ssd1306.o
                0x0000000008001210                ssd1306_WriteString
 .text.ssd1306_SetCursor
                0x000000000800125c       0x30 ./Core/Src/ssd1306.o
                0x000000000800125c                ssd1306_SetCursor
 .text.ssd1306_SetContrast
                0x000000000800128c       0x26 ./Core/Src/ssd1306.o
                0x000000000800128c                ssd1306_SetContrast
 *fill*         0x00000000080012b2        0x2 
 .text.ssd1306_SetDisplayOn
                0x00000000080012b4       0x3c ./Core/Src/ssd1306.o
                0x00000000080012b4                ssd1306_SetDisplayOn
 .text.HAL_MspInit
                0x00000000080012f0       0x48 ./Core/Src/stm32f7xx_hal_msp.o
                0x00000000080012f0                HAL_MspInit
 .text.NMI_Handler
                0x0000000008001338        0x6 ./Core/Src/stm32f7xx_it.o
                0x0000000008001338                NMI_Handler
 .text.HardFault_Handler
                0x000000000800133e        0x6 ./Core/Src/stm32f7xx_it.o
                0x000000000800133e                HardFault_Handler
 .text.MemManage_Handler
                0x0000000008001344        0x6 ./Core/Src/stm32f7xx_it.o
                0x0000000008001344                MemManage_Handler
 .text.BusFault_Handler
                0x000000000800134a        0x6 ./Core/Src/stm32f7xx_it.o
                0x000000000800134a                BusFault_Handler
 .text.UsageFault_Handler
                0x0000000008001350        0x6 ./Core/Src/stm32f7xx_it.o
                0x0000000008001350                UsageFault_Handler
 .text.SVC_Handler
                0x0000000008001356        0xe ./Core/Src/stm32f7xx_it.o
                0x0000000008001356                SVC_Handler
 .text.DebugMon_Handler
                0x0000000008001364        0xe ./Core/Src/stm32f7xx_it.o
                0x0000000008001364                DebugMon_Handler
 .text.PendSV_Handler
                0x0000000008001372        0xe ./Core/Src/stm32f7xx_it.o
                0x0000000008001372                PendSV_Handler
 .text.SysTick_Handler
                0x0000000008001380        0xc ./Core/Src/stm32f7xx_it.o
                0x0000000008001380                SysTick_Handler
 .text.ADC_IRQHandler
                0x000000000800138c       0x14 ./Core/Src/stm32f7xx_it.o
                0x000000000800138c                ADC_IRQHandler
 .text.TIM3_IRQHandler
                0x00000000080013a0       0x14 ./Core/Src/stm32f7xx_it.o
                0x00000000080013a0                TIM3_IRQHandler
 .text.TIM4_IRQHandler
                0x00000000080013b4       0x14 ./Core/Src/stm32f7xx_it.o
                0x00000000080013b4                TIM4_IRQHandler
 .text.I2C1_EV_IRQHandler
                0x00000000080013c8       0x14 ./Core/Src/stm32f7xx_it.o
                0x00000000080013c8                I2C1_EV_IRQHandler
 .text.USART3_IRQHandler
                0x00000000080013dc       0x14 ./Core/Src/stm32f7xx_it.o
                0x00000000080013dc                USART3_IRQHandler
 .text.EXTI15_10_IRQHandler
                0x00000000080013f0       0x10 ./Core/Src/stm32f7xx_it.o
                0x00000000080013f0                EXTI15_10_IRQHandler
 .text._sbrk    0x0000000008001400       0x6c ./Core/Src/sysmem.o
                0x0000000008001400                _sbrk
 .text.SystemInit
                0x000000000800146c       0x24 ./Core/Src/system_stm32f7xx.o
                0x000000000800146c                SystemInit
 .text.MX_TIM1_Init
                0x0000000008001490       0xb4 ./Core/Src/tim.o
                0x0000000008001490                MX_TIM1_Init
 .text.MX_TIM3_Init
                0x0000000008001544       0x9c ./Core/Src/tim.o
                0x0000000008001544                MX_TIM3_Init
 .text.MX_TIM4_Init
                0x00000000080015e0       0xa0 ./Core/Src/tim.o
                0x00000000080015e0                MX_TIM4_Init
 .text.HAL_TIM_Encoder_MspInit
                0x0000000008001680       0x88 ./Core/Src/tim.o
                0x0000000008001680                HAL_TIM_Encoder_MspInit
 .text.HAL_TIM_Base_MspInit
                0x0000000008001708       0x84 ./Core/Src/tim.o
                0x0000000008001708                HAL_TIM_Base_MspInit
 .text.MX_USART3_UART_Init
                0x000000000800178c       0x60 ./Core/Src/usart.o
                0x000000000800178c                MX_USART3_UART_Init
 .text.HAL_UART_MspInit
                0x00000000080017ec       0x98 ./Core/Src/usart.o
                0x00000000080017ec                HAL_UART_MspInit
 .text.MX_USB_OTG_FS_PCD_Init
                0x0000000008001884       0x5c ./Core/Src/usb_otg.o
                0x0000000008001884                MX_USB_OTG_FS_PCD_Init
 .text.HAL_PCD_MspInit
                0x00000000080018e0       0xb8 ./Core/Src/usb_otg.o
                0x00000000080018e0                HAL_PCD_MspInit
 .text.Reset_Handler
                0x0000000008001998       0x50 ./Core/Startup/startup_stm32f767zitx.o
                0x0000000008001998                Reset_Handler
 .text.Default_Handler
                0x00000000080019e8        0x2 ./Core/Startup/startup_stm32f767zitx.o
                0x00000000080019e8                RTC_Alarm_IRQHandler
                0x00000000080019e8                EXTI2_IRQHandler
                0x00000000080019e8                TIM8_CC_IRQHandler
                0x00000000080019e8                UART8_IRQHandler
                0x00000000080019e8                SPI4_IRQHandler
                0x00000000080019e8                TIM1_CC_IRQHandler
                0x00000000080019e8                DMA2_Stream5_IRQHandler
                0x00000000080019e8                JPEG_IRQHandler
                0x00000000080019e8                DMA1_Stream5_IRQHandler
                0x00000000080019e8                CAN3_RX1_IRQHandler
                0x00000000080019e8                PVD_IRQHandler
                0x00000000080019e8                TAMP_STAMP_IRQHandler
                0x00000000080019e8                CAN2_RX1_IRQHandler
                0x00000000080019e8                EXTI3_IRQHandler
                0x00000000080019e8                TIM8_TRG_COM_TIM14_IRQHandler
                0x00000000080019e8                DFSDM1_FLT1_IRQHandler
                0x00000000080019e8                TIM1_UP_TIM10_IRQHandler
                0x00000000080019e8                TIM8_UP_TIM13_IRQHandler
                0x00000000080019e8                I2C3_ER_IRQHandler
                0x00000000080019e8                DFSDM1_FLT2_IRQHandler
                0x00000000080019e8                EXTI0_IRQHandler
                0x00000000080019e8                I2C2_EV_IRQHandler
                0x00000000080019e8                DMA1_Stream2_IRQHandler
                0x00000000080019e8                CAN1_RX0_IRQHandler
                0x00000000080019e8                FPU_IRQHandler
                0x00000000080019e8                OTG_HS_WKUP_IRQHandler
                0x00000000080019e8                CAN3_SCE_IRQHandler
                0x00000000080019e8                LTDC_ER_IRQHandler
                0x00000000080019e8                CAN2_SCE_IRQHandler
                0x00000000080019e8                DMA2_Stream2_IRQHandler
                0x00000000080019e8                SPI1_IRQHandler
                0x00000000080019e8                TIM6_DAC_IRQHandler
                0x00000000080019e8                TIM1_BRK_TIM9_IRQHandler
                0x00000000080019e8                DCMI_IRQHandler
                0x00000000080019e8                CAN2_RX0_IRQHandler
                0x00000000080019e8                DMA2_Stream3_IRQHandler
                0x00000000080019e8                SAI2_IRQHandler
                0x00000000080019e8                DFSDM1_FLT3_IRQHandler
                0x00000000080019e8                USART6_IRQHandler
                0x00000000080019e8                CAN3_RX0_IRQHandler
                0x00000000080019e8                CAN1_RX1_IRQHandler
                0x00000000080019e8                UART5_IRQHandler
                0x00000000080019e8                DMA2_Stream0_IRQHandler
                0x00000000080019e8                QUADSPI_IRQHandler
                0x00000000080019e8                DMA1_Stream6_IRQHandler
                0x00000000080019e8                DMA1_Stream1_IRQHandler
                0x00000000080019e8                UART4_IRQHandler
                0x00000000080019e8                RCC_IRQHandler
                0x00000000080019e8                TIM8_BRK_TIM12_IRQHandler
                0x00000000080019e8                Default_Handler
                0x00000000080019e8                CEC_IRQHandler
                0x00000000080019e8                DMA1_Stream7_IRQHandler
                0x00000000080019e8                SPI5_IRQHandler
                0x00000000080019e8                TIM7_IRQHandler
                0x00000000080019e8                SDMMC1_IRQHandler
                0x00000000080019e8                CAN2_TX_IRQHandler
                0x00000000080019e8                TIM5_IRQHandler
                0x00000000080019e8                DMA2_Stream7_IRQHandler
                0x00000000080019e8                I2C3_EV_IRQHandler
                0x00000000080019e8                EXTI9_5_IRQHandler
                0x00000000080019e8                RTC_WKUP_IRQHandler
                0x00000000080019e8                LTDC_IRQHandler
                0x00000000080019e8                ETH_WKUP_IRQHandler
                0x00000000080019e8                SPDIF_RX_IRQHandler
                0x00000000080019e8                SPI2_IRQHandler
                0x00000000080019e8                OTG_HS_EP1_IN_IRQHandler
                0x00000000080019e8                DMA1_Stream0_IRQHandler
                0x00000000080019e8                CAN1_TX_IRQHandler
                0x00000000080019e8                EXTI4_IRQHandler
                0x00000000080019e8                RNG_IRQHandler
                0x00000000080019e8                ETH_IRQHandler
                0x00000000080019e8                OTG_HS_EP1_OUT_IRQHandler
                0x00000000080019e8                WWDG_IRQHandler
                0x00000000080019e8                SPI6_IRQHandler
                0x00000000080019e8                MDIOS_IRQHandler
                0x00000000080019e8                I2C4_EV_IRQHandler
                0x00000000080019e8                CAN3_TX_IRQHandler
                0x00000000080019e8                TIM2_IRQHandler
                0x00000000080019e8                OTG_FS_WKUP_IRQHandler
                0x00000000080019e8                TIM1_TRG_COM_TIM11_IRQHandler
                0x00000000080019e8                OTG_HS_IRQHandler
                0x00000000080019e8                DMA2D_IRQHandler
                0x00000000080019e8                EXTI1_IRQHandler
                0x00000000080019e8                SDMMC2_IRQHandler
                0x00000000080019e8                UART7_IRQHandler
                0x00000000080019e8                USART2_IRQHandler
                0x00000000080019e8                DFSDM1_FLT0_IRQHandler
                0x00000000080019e8                I2C2_ER_IRQHandler
                0x00000000080019e8                DMA2_Stream1_IRQHandler
                0x00000000080019e8                CAN1_SCE_IRQHandler
                0x00000000080019e8                FLASH_IRQHandler
                0x00000000080019e8                DMA2_Stream4_IRQHandler
                0x00000000080019e8                USART1_IRQHandler
                0x00000000080019e8                OTG_FS_IRQHandler
                0x00000000080019e8                SPI3_IRQHandler
                0x00000000080019e8                DMA1_Stream4_IRQHandler
                0x00000000080019e8                I2C1_ER_IRQHandler
                0x00000000080019e8                FMC_IRQHandler
                0x00000000080019e8                LPTIM1_IRQHandler
                0x00000000080019e8                I2C4_ER_IRQHandler
                0x00000000080019e8                DMA2_Stream6_IRQHandler
                0x00000000080019e8                SAI1_IRQHandler
                0x00000000080019e8                DMA1_Stream3_IRQHandler
 .text.HAL_Init
                0x00000000080019ea       0x1a ./Drivers/STM32F7xx_HAL_Driver/Src/stm32f7xx_hal.o
                0x00000000080019ea                HAL_Init
 .text.HAL_InitTick
                0x0000000008001a04       0x60 ./Drivers/STM32F7xx_HAL_Driver/Src/stm32f7xx_hal.o
                0x0000000008001a04                HAL_InitTick
 .text.HAL_IncTick
                0x0000000008001a64       0x28 ./Drivers/STM32F7xx_HAL_Driver/Src/stm32f7xx_hal.o
                0x0000000008001a64                HAL_IncTick
 .text.HAL_GetTick
                0x0000000008001a8c       0x18 ./Drivers/STM32F7xx_HAL_Driver/Src/stm32f7xx_hal.o
                0x0000000008001a8c                HAL_GetTick
 .text.HAL_Delay
                0x0000000008001aa4       0x48 ./Drivers/STM32F7xx_HAL_Driver/Src/stm32f7xx_hal.o
                0x0000000008001aa4                HAL_Delay
 .text.HAL_ADC_Init
                0x0000000008001aec       0x88 ./Drivers/STM32F7xx_HAL_Driver/Src/stm32f7xx_hal_adc.o
                0x0000000008001aec                HAL_ADC_Init
 .text.HAL_ADC_Start_IT
                0x0000000008001b74      0x1b0 ./Drivers/STM32F7xx_HAL_Driver/Src/stm32f7xx_hal_adc.o
                0x0000000008001b74                HAL_ADC_Start_IT
 .text.HAL_ADC_IRQHandler
                0x0000000008001d24      0x220 ./Drivers/STM32F7xx_HAL_Driver/Src/stm32f7xx_hal_adc.o
                0x0000000008001d24                HAL_ADC_IRQHandler
 .text.HAL_ADC_GetValue
                0x0000000008001f44       0x1a ./Drivers/STM32F7xx_HAL_Driver/Src/stm32f7xx_hal_adc.o
                0x0000000008001f44                HAL_ADC_GetValue
 .text.HAL_ADC_LevelOutOfWindowCallback
                0x0000000008001f5e       0x14 ./Drivers/STM32F7xx_HAL_Driver/Src/stm32f7xx_hal_adc.o
                0x0000000008001f5e                HAL_ADC_LevelOutOfWindowCallback
 .text.HAL_ADC_ErrorCallback
                0x0000000008001f72       0x14 ./Drivers/STM32F7xx_HAL_Driver/Src/stm32f7xx_hal_adc.o
                0x0000000008001f72                HAL_ADC_ErrorCallback
 *fill*         0x0000000008001f86        0x2 
 .text.HAL_ADC_ConfigChannel
                0x0000000008001f88      0x2ac ./Drivers/STM32F7xx_HAL_Driver/Src/stm32f7xx_hal_adc.o
                0x0000000008001f88                HAL_ADC_ConfigChannel
 .text.ADC_Init
                0x0000000008002234      0x1f4 ./Drivers/STM32F7xx_HAL_Driver/Src/stm32f7xx_hal_adc.o
 .text.HAL_ADCEx_InjectedConvCpltCallback
                0x0000000008002428       0x14 ./Drivers/STM32F7xx_HAL_Driver/Src/stm32f7xx_hal_adc_ex.o
                0x0000000008002428                HAL_ADCEx_InjectedConvCpltCallback
 .text.__NVIC_SetPriorityGrouping
                0x000000000800243c       0x48 ./Drivers/STM32F7xx_HAL_Driver/Src/stm32f7xx_hal_cortex.o
 .text.__NVIC_GetPriorityGrouping
                0x0000000008002484       0x1c ./Drivers/STM32F7xx_HAL_Driver/Src/stm32f7xx_hal_cortex.o
 .text.__NVIC_EnableIRQ
                0x00000000080024a0       0x3c ./Drivers/STM32F7xx_HAL_Driver/Src/stm32f7xx_hal_cortex.o
 .text.__NVIC_SetPriority
                0x00000000080024dc       0x54 ./Drivers/STM32F7xx_HAL_Driver/Src/stm32f7xx_hal_cortex.o
 .text.NVIC_EncodePriority
                0x0000000008002530       0x66 ./Drivers/STM32F7xx_HAL_Driver/Src/stm32f7xx_hal_cortex.o
 *fill*         0x0000000008002596        0x2 
 .text.SysTick_Config
                0x0000000008002598       0x44 ./Drivers/STM32F7xx_HAL_Driver/Src/stm32f7xx_hal_cortex.o
 .text.HAL_NVIC_SetPriorityGrouping
                0x00000000080025dc       0x16 ./Drivers/STM32F7xx_HAL_Driver/Src/stm32f7xx_hal_cortex.o
                0x00000000080025dc                HAL_NVIC_SetPriorityGrouping
 .text.HAL_NVIC_SetPriority
                0x00000000080025f2       0x38 ./Drivers/STM32F7xx_HAL_Driver/Src/stm32f7xx_hal_cortex.o
                0x00000000080025f2                HAL_NVIC_SetPriority
 .text.HAL_NVIC_EnableIRQ
                0x000000000800262a       0x1c ./Drivers/STM32F7xx_HAL_Driver/Src/stm32f7xx_hal_cortex.o
                0x000000000800262a                HAL_NVIC_EnableIRQ
 .text.HAL_SYSTICK_Config
                0x0000000008002646       0x18 ./Drivers/STM32F7xx_HAL_Driver/Src/stm32f7xx_hal_cortex.o
                0x0000000008002646                HAL_SYSTICK_Config
 .text.HAL_DMA_Abort
                0x000000000800265e       0xe0 ./Drivers/STM32F7xx_HAL_Driver/Src/stm32f7xx_hal_dma.o
                0x000000000800265e                HAL_DMA_Abort
 .text.HAL_DMA_Abort_IT
                0x000000000800273e       0x44 ./Drivers/STM32F7xx_HAL_Driver/Src/stm32f7xx_hal_dma.o
                0x000000000800273e                HAL_DMA_Abort_IT
 *fill*         0x0000000008002782        0x2 
 .text.HAL_GPIO_Init
                0x0000000008002784      0x358 ./Drivers/STM32F7xx_HAL_Driver/Src/stm32f7xx_hal_gpio.o
                0x0000000008002784                HAL_GPIO_Init
 .text.HAL_GPIO_WritePin
                0x0000000008002adc       0x32 ./Drivers/STM32F7xx_HAL_Driver/Src/stm32f7xx_hal_gpio.o
                0x0000000008002adc                HAL_GPIO_WritePin
 *fill*         0x0000000008002b0e        0x2 
 .text.HAL_GPIO_EXTI_IRQHandler
                0x0000000008002b10       0x30 ./Drivers/STM32F7xx_HAL_Driver/Src/stm32f7xx_hal_gpio.o
                0x0000000008002b10                HAL_GPIO_EXTI_IRQHandler
 .text.HAL_I2C_Init
                0x0000000008002b40      0x120 ./Drivers/STM32F7xx_HAL_Driver/Src/stm32f7xx_hal_i2c.o
                0x0000000008002b40                HAL_I2C_Init
 .text.HAL_I2C_Mem_Write
                0x0000000008002c60      0x228 ./Drivers/STM32F7xx_HAL_Driver/Src/stm32f7xx_hal_i2c.o
                0x0000000008002c60                HAL_I2C_Mem_Write
 .text.HAL_I2C_EV_IRQHandler
                0x0000000008002e88       0x34 ./Drivers/STM32F7xx_HAL_Driver/Src/stm32f7xx_hal_i2c.o
                0x0000000008002e88                HAL_I2C_EV_IRQHandler
 .text.I2C_RequestMemoryWrite
                0x0000000008002ebc       0xa8 ./Drivers/STM32F7xx_HAL_Driver/Src/stm32f7xx_hal_i2c.o
 .text.I2C_Flush_TXDR
                0x0000000008002f64       0x48 ./Drivers/STM32F7xx_HAL_Driver/Src/stm32f7xx_hal_i2c.o
 .text.I2C_WaitOnFlagUntilTimeout
                0x0000000008002fac       0x80 ./Drivers/STM32F7xx_HAL_Driver/Src/stm32f7xx_hal_i2c.o
 .text.I2C_WaitOnTXISFlagUntilTimeout
                0x000000000800302c       0x80 ./Drivers/STM32F7xx_HAL_Driver/Src/stm32f7xx_hal_i2c.o
 .text.I2C_WaitOnSTOPFlagUntilTimeout
                0x00000000080030ac       0x78 ./Drivers/STM32F7xx_HAL_Driver/Src/stm32f7xx_hal_i2c.o
 .text.I2C_IsErrorOccurred
                0x0000000008003124      0x1d8 ./Drivers/STM32F7xx_HAL_Driver/Src/stm32f7xx_hal_i2c.o
 .text.I2C_TransferConfig
                0x00000000080032fc       0x64 ./Drivers/STM32F7xx_HAL_Driver/Src/stm32f7xx_hal_i2c.o
 .text.HAL_I2CEx_ConfigAnalogFilter
                0x0000000008003360       0x96 ./Drivers/STM32F7xx_HAL_Driver/Src/stm32f7xx_hal_i2c_ex.o
                0x0000000008003360                HAL_I2CEx_ConfigAnalogFilter
 .text.HAL_I2CEx_ConfigDigitalFilter
                0x00000000080033f6       0x98 ./Drivers/STM32F7xx_HAL_Driver/Src/stm32f7xx_hal_i2c_ex.o
                0x00000000080033f6                HAL_I2CEx_ConfigDigitalFilter
 .text.HAL_PCD_Init
                0x000000000800348e      0x248 ./Drivers/STM32F7xx_HAL_Driver/Src/stm32f7xx_hal_pcd.o
                0x000000000800348e                HAL_PCD_Init
 *fill*         0x00000000080036d6        0x2 
 .text.HAL_PCDEx_ActivateLPM
                0x00000000080036d8       0x48 ./Drivers/STM32F7xx_HAL_Driver/Src/stm32f7xx_hal_pcd_ex.o
                0x00000000080036d8                HAL_PCDEx_ActivateLPM
 .text.HAL_PWR_EnableBkUpAccess
                0x0000000008003720       0x20 ./Drivers/STM32F7xx_HAL_Driver/Src/stm32f7xx_hal_pwr.o
                0x0000000008003720                HAL_PWR_EnableBkUpAccess
 .text.HAL_PWREx_EnableOverDrive
                0x0000000008003740       0xa0 ./Drivers/STM32F7xx_HAL_Driver/Src/stm32f7xx_hal_pwr_ex.o
                0x0000000008003740                HAL_PWREx_EnableOverDrive
 .text.HAL_RCC_OscConfig
                0x00000000080037e0      0x55c ./Drivers/STM32F7xx_HAL_Driver/Src/stm32f7xx_hal_rcc.o
                0x00000000080037e0                HAL_RCC_OscConfig
 .text.HAL_RCC_ClockConfig
                0x0000000008003d3c      0x1d8 ./Drivers/STM32F7xx_HAL_Driver/Src/stm32f7xx_hal_rcc.o
                0x0000000008003d3c                HAL_RCC_ClockConfig
 .text.HAL_RCC_GetSysClockFreq
                0x0000000008003f14      0x1c4 ./Drivers/STM32F7xx_HAL_Driver/Src/stm32f7xx_hal_rcc.o
                0x0000000008003f14                HAL_RCC_GetSysClockFreq
 .text.HAL_RCC_GetHCLKFreq
                0x00000000080040d8       0x18 ./Drivers/STM32F7xx_HAL_Driver/Src/stm32f7xx_hal_rcc.o
                0x00000000080040d8                HAL_RCC_GetHCLKFreq
 .text.HAL_RCC_GetPCLK1Freq
                0x00000000080040f0       0x28 ./Drivers/STM32F7xx_HAL_Driver/Src/stm32f7xx_hal_rcc.o
                0x00000000080040f0                HAL_RCC_GetPCLK1Freq
 .text.HAL_RCC_GetPCLK2Freq
                0x0000000008004118       0x28 ./Drivers/STM32F7xx_HAL_Driver/Src/stm32f7xx_hal_rcc.o
                0x0000000008004118                HAL_RCC_GetPCLK2Freq
 .text.HAL_RCCEx_PeriphCLKConfig
                0x0000000008004140      0x850 ./Drivers/STM32F7xx_HAL_Driver/Src/stm32f7xx_hal_rcc_ex.o
                0x0000000008004140                HAL_RCCEx_PeriphCLKConfig
 .text.HAL_TIM_Base_Init
                0x0000000008004990       0xae ./Drivers/STM32F7xx_HAL_Driver/Src/stm32f7xx_hal_tim.o
                0x0000000008004990                HAL_TIM_Base_Init
 *fill*         0x0000000008004a3e        0x2 
 .text.HAL_TIM_Base_Start_IT
                0x0000000008004a40       0xf0 ./Drivers/STM32F7xx_HAL_Driver/Src/stm32f7xx_hal_tim.o
                0x0000000008004a40                HAL_TIM_Base_Start_IT
 .text.HAL_TIM_Encoder_Init
                0x0000000008004b30      0x14c ./Drivers/STM32F7xx_HAL_Driver/Src/stm32f7xx_hal_tim.o
                0x0000000008004b30                HAL_TIM_Encoder_Init
 .text.HAL_TIM_Encoder_Start
                0x0000000008004c7c      0x11c ./Drivers/STM32F7xx_HAL_Driver/Src/stm32f7xx_hal_tim.o
                0x0000000008004c7c                HAL_TIM_Encoder_Start
 .text.HAL_TIM_IRQHandler
                0x0000000008004d98      0x23e ./Drivers/STM32F7xx_HAL_Driver/Src/stm32f7xx_hal_tim.o
                0x0000000008004d98                HAL_TIM_IRQHandler
 *fill*         0x0000000008004fd6        0x2 
 .text.HAL_TIM_ConfigClockSource
                0x0000000008004fd8      0x194 ./Drivers/STM32F7xx_HAL_Driver/Src/stm32f7xx_hal_tim.o
                0x0000000008004fd8                HAL_TIM_ConfigClockSource
 .text.HAL_TIM_OC_DelayElapsedCallback
                0x000000000800516c       0x14 ./Drivers/STM32F7xx_HAL_Driver/Src/stm32f7xx_hal_tim.o
                0x000000000800516c                HAL_TIM_OC_DelayElapsedCallback
 .text.HAL_TIM_IC_CaptureCallback
                0x0000000008005180       0x14 ./Drivers/STM32F7xx_HAL_Driver/Src/stm32f7xx_hal_tim.o
                0x0000000008005180                HAL_TIM_IC_CaptureCallback
 .text.HAL_TIM_PWM_PulseFinishedCallback
                0x0000000008005194       0x14 ./Drivers/STM32F7xx_HAL_Driver/Src/stm32f7xx_hal_tim.o
                0x0000000008005194                HAL_TIM_PWM_PulseFinishedCallback
 .text.HAL_TIM_TriggerCallback
                0x00000000080051a8       0x14 ./Drivers/STM32F7xx_HAL_Driver/Src/stm32f7xx_hal_tim.o
                0x00000000080051a8                HAL_TIM_TriggerCallback
 .text.TIM_Base_SetConfig
                0x00000000080051bc      0x140 ./Drivers/STM32F7xx_HAL_Driver/Src/stm32f7xx_hal_tim.o
                0x00000000080051bc                TIM_Base_SetConfig
 .text.TIM_TI1_ConfigInputStage
                0x00000000080052fc       0x5e ./Drivers/STM32F7xx_HAL_Driver/Src/stm32f7xx_hal_tim.o
 .text.TIM_TI2_ConfigInputStage
                0x000000000800535a       0x60 ./Drivers/STM32F7xx_HAL_Driver/Src/stm32f7xx_hal_tim.o
 .text.TIM_ITRx_SetConfig
                0x00000000080053ba       0x36 ./Drivers/STM32F7xx_HAL_Driver/Src/stm32f7xx_hal_tim.o
 .text.TIM_ETR_SetConfig
                0x00000000080053f0       0x40 ./Drivers/STM32F7xx_HAL_Driver/Src/stm32f7xx_hal_tim.o
                0x00000000080053f0                TIM_ETR_SetConfig
 .text.TIM_CCxChannelCmd
                0x0000000008005430       0x4a ./Drivers/STM32F7xx_HAL_Driver/Src/stm32f7xx_hal_tim.o
                0x0000000008005430                TIM_CCxChannelCmd
 *fill*         0x000000000800547a        0x2 
 .text.HAL_TIMEx_MasterConfigSynchronization
                0x000000000800547c      0x11c ./Drivers/STM32F7xx_HAL_Driver/Src/stm32f7xx_hal_tim_ex.o
                0x000000000800547c                HAL_TIMEx_MasterConfigSynchronization
 .text.HAL_TIMEx_CommutCallback
                0x0000000008005598       0x14 ./Drivers/STM32F7xx_HAL_Driver/Src/stm32f7xx_hal_tim_ex.o
                0x0000000008005598                HAL_TIMEx_CommutCallback
 .text.HAL_TIMEx_BreakCallback
                0x00000000080055ac       0x14 ./Drivers/STM32F7xx_HAL_Driver/Src/stm32f7xx_hal_tim_ex.o
                0x00000000080055ac                HAL_TIMEx_BreakCallback
 .text.HAL_TIMEx_Break2Callback
                0x00000000080055c0       0x14 ./Drivers/STM32F7xx_HAL_Driver/Src/stm32f7xx_hal_tim_ex.o
                0x00000000080055c0                HAL_TIMEx_Break2Callback
 .text.HAL_UART_Init
                0x00000000080055d4       0x9c ./Drivers/STM32F7xx_HAL_Driver/Src/stm32f7xx_hal_uart.o
                0x00000000080055d4                HAL_UART_Init
 .text.HAL_UART_Transmit
                0x0000000008005670      0x126 ./Drivers/STM32F7xx_HAL_Driver/Src/stm32f7xx_hal_uart.o
                0x0000000008005670                HAL_UART_Transmit
 *fill*         0x0000000008005796        0x2 
 .text.HAL_UART_IRQHandler
                0x0000000008005798      0x5c0 ./Drivers/STM32F7xx_HAL_Driver/Src/stm32f7xx_hal_uart.o
                0x0000000008005798                HAL_UART_IRQHandler
 .text.HAL_UART_TxCpltCallback
                0x0000000008005d58       0x14 ./Drivers/STM32F7xx_HAL_Driver/Src/stm32f7xx_hal_uart.o
                0x0000000008005d58                HAL_UART_TxCpltCallback
 .text.HAL_UART_ErrorCallback
                0x0000000008005d6c       0x14 ./Drivers/STM32F7xx_HAL_Driver/Src/stm32f7xx_hal_uart.o
                0x0000000008005d6c                HAL_UART_ErrorCallback
 .text.HAL_UARTEx_RxEventCallback
                0x0000000008005d80       0x18 ./Drivers/STM32F7xx_HAL_Driver/Src/stm32f7xx_hal_uart.o
                0x0000000008005d80                HAL_UARTEx_RxEventCallback
 .text.HAL_UARTEx_WakeupCallback
                0x0000000008005d98       0x14 ./Drivers/STM32F7xx_HAL_Driver/Src/stm32f7xx_hal_uart.o
                0x0000000008005d98                HAL_UARTEx_WakeupCallback
 .text.UART_SetConfig
                0x0000000008005dac      0x4c4 ./Drivers/STM32F7xx_HAL_Driver/Src/stm32f7xx_hal_uart.o
                0x0000000008005dac                UART_SetConfig
 .text.UART_AdvFeatureConfig
                0x0000000008006270      0x144 ./Drivers/STM32F7xx_HAL_Driver/Src/stm32f7xx_hal_uart.o
                0x0000000008006270                UART_AdvFeatureConfig
 .text.UART_CheckIdleState
                0x00000000080063b4       0x92 ./Drivers/STM32F7xx_HAL_Driver/Src/stm32f7xx_hal_uart.o
                0x00000000080063b4                UART_CheckIdleState
 .text.UART_WaitOnFlagUntilTimeout
                0x0000000008006446      0x188 ./Drivers/STM32F7xx_HAL_Driver/Src/stm32f7xx_hal_uart.o
                0x0000000008006446                UART_WaitOnFlagUntilTimeout
 .text.UART_EndRxTransfer
                0x00000000080065ce       0xc6 ./Drivers/STM32F7xx_HAL_Driver/Src/stm32f7xx_hal_uart.o
 .text.UART_DMAAbortOnError
                0x0000000008006694       0x2c ./Drivers/STM32F7xx_HAL_Driver/Src/stm32f7xx_hal_uart.o
 .text.UART_EndTransmit_IT
                0x00000000080066c0       0x54 ./Drivers/STM32F7xx_HAL_Driver/Src/stm32f7xx_hal_uart.o
 .text.USB_CoreInit
                0x0000000008006714       0xb0 ./Drivers/STM32F7xx_HAL_Driver/Src/stm32f7xx_ll_usb.o
                0x0000000008006714                USB_CoreInit
 .text.USB_DisableGlobalInt
                0x00000000080067c4       0x22 ./Drivers/STM32F7xx_HAL_Driver/Src/stm32f7xx_ll_usb.o
                0x00000000080067c4                USB_DisableGlobalInt
 .text.USB_SetCurrentMode
                0x00000000080067e6       0x98 ./Drivers/STM32F7xx_HAL_Driver/Src/stm32f7xx_ll_usb.o
                0x00000000080067e6                USB_SetCurrentMode
 *fill*         0x000000000800687e        0x2 
 .text.USB_DevInit
                0x0000000008006880      0x2bc ./Drivers/STM32F7xx_HAL_Driver/Src/stm32f7xx_ll_usb.o
                0x0000000008006880                USB_DevInit
 .text.USB_FlushTxFifo
                0x0000000008006b3c       0x64 ./Drivers/STM32F7xx_HAL_Driver/Src/stm32f7xx_ll_usb.o
                0x0000000008006b3c                USB_FlushTxFifo
 .text.USB_FlushRxFifo
                0x0000000008006ba0       0x5c ./Drivers/STM32F7xx_HAL_Driver/Src/stm32f7xx_ll_usb.o
                0x0000000008006ba0                USB_FlushRxFifo
 .text.USB_SetDevSpeed
                0x0000000008006bfc       0x32 ./Drivers/STM32F7xx_HAL_Driver/Src/stm32f7xx_ll_usb.o
                0x0000000008006bfc                USB_SetDevSpeed
 .text.USB_DevDisconnect
                0x0000000008006c2e       0x42 ./Drivers/STM32F7xx_HAL_Driver/Src/stm32f7xx_ll_usb.o
                0x0000000008006c2e                USB_DevDisconnect
 .text.USB_GetMode
                0x0000000008006c70       0x1c ./Drivers/STM32F7xx_HAL_Driver/Src/stm32f7xx_ll_usb.o
                0x0000000008006c70                USB_GetMode
 .text.USB_CoreReset
                0x0000000008006c8c       0x64 ./Drivers/STM32F7xx_HAL_Driver/Src/stm32f7xx_ll_usb.o
 .text.__errno  0x0000000008006cf0        0xc c:/st/stm32cubeide_1.7.0/stm32cubeide/plugins/com.st.stm32cube.ide.mcu.externaltools.gnu-tools-for-stm32.9-2020-q2-update.win32_2.0.0.202105311346/tools/bin/../lib/gcc/arm-none-eabi/9.3.1/../../../../arm-none-eabi/lib/thumb/v7e-m+dp/hard\libc_nano.a(lib_a-errno.o)
                0x0000000008006cf0                __errno
 .text.__libc_init_array
                0x0000000008006cfc       0x48 c:/st/stm32cubeide_1.7.0/stm32cubeide/plugins/com.st.stm32cube.ide.mcu.externaltools.gnu-tools-for-stm32.9-2020-q2-update.win32_2.0.0.202105311346/tools/bin/../lib/gcc/arm-none-eabi/9.3.1/../../../../arm-none-eabi/lib/thumb/v7e-m+dp/hard\libc_nano.a(lib_a-init.o)
                0x0000000008006cfc                __libc_init_array
 .text.memcpy   0x0000000008006d44       0x1c c:/st/stm32cubeide_1.7.0/stm32cubeide/plugins/com.st.stm32cube.ide.mcu.externaltools.gnu-tools-for-stm32.9-2020-q2-update.win32_2.0.0.202105311346/tools/bin/../lib/gcc/arm-none-eabi/9.3.1/../../../../arm-none-eabi/lib/thumb/v7e-m+dp/hard\libc_nano.a(lib_a-memcpy-stub.o)
                0x0000000008006d44                memcpy
 .text.memmove  0x0000000008006d60       0x34 c:/st/stm32cubeide_1.7.0/stm32cubeide/plugins/com.st.stm32cube.ide.mcu.externaltools.gnu-tools-for-stm32.9-2020-q2-update.win32_2.0.0.202105311346/tools/bin/../lib/gcc/arm-none-eabi/9.3.1/../../../../arm-none-eabi/lib/thumb/v7e-m+dp/hard\libc_nano.a(lib_a-memmove.o)
                0x0000000008006d60                memmove
 .text.memset   0x0000000008006d94       0x10 c:/st/stm32cubeide_1.7.0/stm32cubeide/plugins/com.st.stm32cube.ide.mcu.externaltools.gnu-tools-for-stm32.9-2020-q2-update.win32_2.0.0.202105311346/tools/bin/../lib/gcc/arm-none-eabi/9.3.1/../../../../arm-none-eabi/lib/thumb/v7e-m+dp/hard\libc_nano.a(lib_a-memset.o)
                0x0000000008006d94                memset
 .text.sprintf  0x0000000008006da4       0x40 c:/st/stm32cubeide_1.7.0/stm32cubeide/plugins/com.st.stm32cube.ide.mcu.externaltools.gnu-tools-for-stm32.9-2020-q2-update.win32_2.0.0.202105311346/tools/bin/../lib/gcc/arm-none-eabi/9.3.1/../../../../arm-none-eabi/lib/thumb/v7e-m+dp/hard\libc_nano.a(lib_a-sprintf.o)
                0x0000000008006da4                siprintf
                0x0000000008006da4                sprintf
 .text.__ssputs_r
                0x0000000008006de4       0xb6 c:/st/stm32cubeide_1.7.0/stm32cubeide/plugins/com.st.stm32cube.ide.mcu.externaltools.gnu-tools-for-stm32.9-2020-q2-update.win32_2.0.0.202105311346/tools/bin/../lib/gcc/arm-none-eabi/9.3.1/../../../../arm-none-eabi/lib/thumb/v7e-m+dp/hard\libc_nano.a(lib_a-nano-svfprintf.o)
                0x0000000008006de4                __ssputs_r
 *fill*         0x0000000008006e9a        0x2 
 .text._svfprintf_r
                0x0000000008006e9c      0x200 c:/st/stm32cubeide_1.7.0/stm32cubeide/plugins/com.st.stm32cube.ide.mcu.externaltools.gnu-tools-for-stm32.9-2020-q2-update.win32_2.0.0.202105311346/tools/bin/../lib/gcc/arm-none-eabi/9.3.1/../../../../arm-none-eabi/lib/thumb/v7e-m+dp/hard\libc_nano.a(lib_a-nano-svfprintf.o)
                0x0000000008006e9c                _svfiprintf_r
                0x0000000008006e9c                _svfprintf_r
 .text._printf_common
                0x000000000800709c       0xda c:/st/stm32cubeide_1.7.0/stm32cubeide/plugins/com.st.stm32cube.ide.mcu.externaltools.gnu-tools-for-stm32.9-2020-q2-update.win32_2.0.0.202105311346/tools/bin/../lib/gcc/arm-none-eabi/9.3.1/../../../../arm-none-eabi/lib/thumb/v7e-m+dp/hard\libc_nano.a(lib_a-nano-vfprintf_i.o)
                0x000000000800709c                _printf_common
 *fill*         0x0000000008007176        0x2 
 .text._printf_i
                0x0000000008007178      0x24c c:/st/stm32cubeide_1.7.0/stm32cubeide/plugins/com.st.stm32cube.ide.mcu.externaltools.gnu-tools-for-stm32.9-2020-q2-update.win32_2.0.0.202105311346/tools/bin/../lib/gcc/arm-none-eabi/9.3.1/../../../../arm-none-eabi/lib/thumb/v7e-m+dp/hard\libc_nano.a(lib_a-nano-vfprintf_i.o)
                0x0000000008007178                _printf_i
 .text._free_r  0x00000000080073c4       0xa0 c:/st/stm32cubeide_1.7.0/stm32cubeide/plugins/com.st.stm32cube.ide.mcu.externaltools.gnu-tools-for-stm32.9-2020-q2-update.win32_2.0.0.202105311346/tools/bin/../lib/gcc/arm-none-eabi/9.3.1/../../../../arm-none-eabi/lib/thumb/v7e-m+dp/hard\libc_nano.a(lib_a-nano-freer.o)
                0x00000000080073c4                _free_r
 .text._malloc_r
                0x0000000008007464       0xb4 c:/st/stm32cubeide_1.7.0/stm32cubeide/plugins/com.st.stm32cube.ide.mcu.externaltools.gnu-tools-for-stm32.9-2020-q2-update.win32_2.0.0.202105311346/tools/bin/../lib/gcc/arm-none-eabi/9.3.1/../../../../arm-none-eabi/lib/thumb/v7e-m+dp/hard\libc_nano.a(lib_a-nano-mallocr.o)
                0x0000000008007464                _malloc_r
 .text._realloc_r
                0x0000000008007518       0x4c c:/st/stm32cubeide_1.7.0/stm32cubeide/plugins/com.st.stm32cube.ide.mcu.externaltools.gnu-tools-for-stm32.9-2020-q2-update.win32_2.0.0.202105311346/tools/bin/../lib/gcc/arm-none-eabi/9.3.1/../../../../arm-none-eabi/lib/thumb/v7e-m+dp/hard\libc_nano.a(lib_a-nano-reallocr.o)
                0x0000000008007518                _realloc_r
 .text._sbrk_r  0x0000000008007564       0x20 c:/st/stm32cubeide_1.7.0/stm32cubeide/plugins/com.st.stm32cube.ide.mcu.externaltools.gnu-tools-for-stm32.9-2020-q2-update.win32_2.0.0.202105311346/tools/bin/../lib/gcc/arm-none-eabi/9.3.1/../../../../arm-none-eabi/lib/thumb/v7e-m+dp/hard\libc_nano.a(lib_a-sbrkr.o)
                0x0000000008007564                _sbrk_r
 .text.__malloc_lock
                0x0000000008007584        0xc c:/st/stm32cubeide_1.7.0/stm32cubeide/plugins/com.st.stm32cube.ide.mcu.externaltools.gnu-tools-for-stm32.9-2020-q2-update.win32_2.0.0.202105311346/tools/bin/../lib/gcc/arm-none-eabi/9.3.1/../../../../arm-none-eabi/lib/thumb/v7e-m+dp/hard\libc_nano.a(lib_a-mlock.o)
                0x0000000008007584                __malloc_lock
 .text.__malloc_unlock
                0x0000000008007590        0xc c:/st/stm32cubeide_1.7.0/stm32cubeide/plugins/com.st.stm32cube.ide.mcu.externaltools.gnu-tools-for-stm32.9-2020-q2-update.win32_2.0.0.202105311346/tools/bin/../lib/gcc/arm-none-eabi/9.3.1/../../../../arm-none-eabi/lib/thumb/v7e-m+dp/hard\libc_nano.a(lib_a-mlock.o)
                0x0000000008007590                __malloc_unlock
 .text._malloc_usable_size_r
                0x000000000800759c       0x10 c:/st/stm32cubeide_1.7.0/stm32cubeide/plugins/com.st.stm32cube.ide.mcu.externaltools.gnu-tools-for-stm32.9-2020-q2-update.win32_2.0.0.202105311346/tools/bin/../lib/gcc/arm-none-eabi/9.3.1/../../../../arm-none-eabi/lib/thumb/v7e-m+dp/hard\libc_nano.a(lib_a-nano-msizer.o)
                0x000000000800759c                _malloc_usable_size_r
 .text.__retarget_lock_acquire_recursive
                0x00000000080075ac        0x2 c:/st/stm32cubeide_1.7.0/stm32cubeide/plugins/com.st.stm32cube.ide.mcu.externaltools.gnu-tools-for-stm32.9-2020-q2-update.win32_2.0.0.202105311346/tools/bin/../lib/gcc/arm-none-eabi/9.3.1/../../../../arm-none-eabi/lib/thumb/v7e-m+dp/hard\libc_nano.a(lib_a-lock.o)
                0x00000000080075ac                __retarget_lock_acquire_recursive
 .text.__retarget_lock_release_recursive
                0x00000000080075ae        0x2 c:/st/stm32cubeide_1.7.0/stm32cubeide/plugins/com.st.stm32cube.ide.mcu.externaltools.gnu-tools-for-stm32.9-2020-q2-update.win32_2.0.0.202105311346/tools/bin/../lib/gcc/arm-none-eabi/9.3.1/../../../../arm-none-eabi/lib/thumb/v7e-m+dp/hard\libc_nano.a(lib_a-lock.o)
                0x00000000080075ae                __retarget_lock_release_recursive
 *(.glue_7)
 .glue_7        0x00000000080075b0        0x0 linker stubs
 *(.glue_7t)
 .glue_7t       0x00000000080075b0        0x0 linker stubs
 *(.eh_frame)
 .eh_frame      0x00000000080075b0        0x0 c:/st/stm32cubeide_1.7.0/stm32cubeide/plugins/com.st.stm32cube.ide.mcu.externaltools.gnu-tools-for-stm32.9-2020-q2-update.win32_2.0.0.202105311346/tools/bin/../lib/gcc/arm-none-eabi/9.3.1/thumb/v7e-m+dp/hard/crtbegin.o
 *(.init)
 .init          0x00000000080075b0        0x4 c:/st/stm32cubeide_1.7.0/stm32cubeide/plugins/com.st.stm32cube.ide.mcu.externaltools.gnu-tools-for-stm32.9-2020-q2-update.win32_2.0.0.202105311346/tools/bin/../lib/gcc/arm-none-eabi/9.3.1/thumb/v7e-m+dp/hard/crti.o
                0x00000000080075b0                _init
 .init          0x00000000080075b4        0x8 c:/st/stm32cubeide_1.7.0/stm32cubeide/plugins/com.st.stm32cube.ide.mcu.externaltools.gnu-tools-for-stm32.9-2020-q2-update.win32_2.0.0.202105311346/tools/bin/../lib/gcc/arm-none-eabi/9.3.1/thumb/v7e-m+dp/hard/crtn.o
 *(.fini)
 .fini          0x00000000080075bc        0x4 c:/st/stm32cubeide_1.7.0/stm32cubeide/plugins/com.st.stm32cube.ide.mcu.externaltools.gnu-tools-for-stm32.9-2020-q2-update.win32_2.0.0.202105311346/tools/bin/../lib/gcc/arm-none-eabi/9.3.1/thumb/v7e-m+dp/hard/crti.o
                0x00000000080075bc                _fini
 .fini          0x00000000080075c0        0x8 c:/st/stm32cubeide_1.7.0/stm32cubeide/plugins/com.st.stm32cube.ide.mcu.externaltools.gnu-tools-for-stm32.9-2020-q2-update.win32_2.0.0.202105311346/tools/bin/../lib/gcc/arm-none-eabi/9.3.1/thumb/v7e-m+dp/hard/crtn.o
                0x00000000080075c8                . = ALIGN (0x4)
                0x00000000080075c8                _etext = .

.vfp11_veneer   0x00000000080075c8        0x0
 .vfp11_veneer  0x00000000080075c8        0x0 linker stubs

.v4_bx          0x00000000080075c8        0x0
 .v4_bx         0x00000000080075c8        0x0 linker stubs

.iplt           0x00000000080075c8        0x0
 .iplt          0x00000000080075c8        0x0 c:/st/stm32cubeide_1.7.0/stm32cubeide/plugins/com.st.stm32cube.ide.mcu.externaltools.gnu-tools-for-stm32.9-2020-q2-update.win32_2.0.0.202105311346/tools/bin/../lib/gcc/arm-none-eabi/9.3.1/thumb/v7e-m+dp/hard/crtbegin.o

.rodata         0x00000000080075c8      0x7f4
                0x00000000080075c8                . = ALIGN (0x4)
 *(.rodata)
 .rodata        0x00000000080075c8       0x1f ./Core/Src/display.o
 *fill*         0x00000000080075e7        0x1 
 .rodata        0x00000000080075e8       0x1a ./Core/Src/messages.o
 *(.rodata*)
 *fill*         0x0000000008007602        0x2 
 .rodata.Font7x10
                0x0000000008007604      0x76c ./Core/Src/ssd1306_fonts.o
 .rodata.AHBPrescTable
                0x0000000008007d70       0x10 ./Core/Src/system_stm32f7xx.o
                0x0000000008007d70                AHBPrescTable
 .rodata.APBPrescTable
                0x0000000008007d80        0x8 ./Core/Src/system_stm32f7xx.o
                0x0000000008007d80                APBPrescTable
 .rodata._svfprintf_r.str1.1
                0x0000000008007d88       0x11 c:/st/stm32cubeide_1.7.0/stm32cubeide/plugins/com.st.stm32cube.ide.mcu.externaltools.gnu-tools-for-stm32.9-2020-q2-update.win32_2.0.0.202105311346/tools/bin/../lib/gcc/arm-none-eabi/9.3.1/../../../../arm-none-eabi/lib/thumb/v7e-m+dp/hard\libc_nano.a(lib_a-nano-svfprintf.o)
 .rodata._printf_i.str1.1
                0x0000000008007d99       0x22 c:/st/stm32cubeide_1.7.0/stm32cubeide/plugins/com.st.stm32cube.ide.mcu.externaltools.gnu-tools-for-stm32.9-2020-q2-update.win32_2.0.0.202105311346/tools/bin/../lib/gcc/arm-none-eabi/9.3.1/../../../../arm-none-eabi/lib/thumb/v7e-m+dp/hard\libc_nano.a(lib_a-nano-vfprintf_i.o)
                0x0000000008007dbc                . = ALIGN (0x4)
 *fill*         0x0000000008007dbb        0x1 

.ARM.extab      0x0000000008007dbc        0x0
                0x0000000008007dbc                . = ALIGN (0x4)
 *(.ARM.extab* .gnu.linkonce.armextab.*)
                0x0000000008007dbc                . = ALIGN (0x4)

.ARM            0x0000000008007dbc        0x8
                0x0000000008007dbc                . = ALIGN (0x4)
                0x0000000008007dbc                __exidx_start = .
 *(.ARM.exidx*)
 .ARM.exidx     0x0000000008007dbc        0x8 c:/st/stm32cubeide_1.7.0/stm32cubeide/plugins/com.st.stm32cube.ide.mcu.externaltools.gnu-tools-for-stm32.9-2020-q2-update.win32_2.0.0.202105311346/tools/bin/../lib/gcc/arm-none-eabi/9.3.1/thumb/v7e-m+dp/hard\libgcc.a(_udivmoddi4.o)
                0x0000000008007dc4                __exidx_end = .
                0x0000000008007dc4                . = ALIGN (0x4)

.rel.dyn        0x0000000008007dc4        0x0
 .rel.iplt      0x0000000008007dc4        0x0 c:/st/stm32cubeide_1.7.0/stm32cubeide/plugins/com.st.stm32cube.ide.mcu.externaltools.gnu-tools-for-stm32.9-2020-q2-update.win32_2.0.0.202105311346/tools/bin/../lib/gcc/arm-none-eabi/9.3.1/thumb/v7e-m+dp/hard/crtbegin.o

.preinit_array  0x0000000008007dc4        0x0
                0x0000000008007dc4                . = ALIGN (0x4)
                0x0000000008007dc4                PROVIDE (__preinit_array_start = .)
 *(.preinit_array*)
                0x0000000008007dc4                PROVIDE (__preinit_array_end = .)
                0x0000000008007dc4                . = ALIGN (0x4)

.init_array     0x0000000008007dc4        0x4
                0x0000000008007dc4                . = ALIGN (0x4)
                0x0000000008007dc4                PROVIDE (__init_array_start = .)
 *(SORT_BY_NAME(.init_array.*))
 *(.init_array*)
 .init_array    0x0000000008007dc4        0x4 c:/st/stm32cubeide_1.7.0/stm32cubeide/plugins/com.st.stm32cube.ide.mcu.externaltools.gnu-tools-for-stm32.9-2020-q2-update.win32_2.0.0.202105311346/tools/bin/../lib/gcc/arm-none-eabi/9.3.1/thumb/v7e-m+dp/hard/crtbegin.o
                0x0000000008007dc8                PROVIDE (__init_array_end = .)
                0x0000000008007dc8                . = ALIGN (0x4)

.fini_array     0x0000000008007dc8        0x4
                0x0000000008007dc8                . = ALIGN (0x4)
                [!provide]                        PROVIDE (__fini_array_start = .)
 *(SORT_BY_NAME(.fini_array.*))
 *(.fini_array*)
 .fini_array    0x0000000008007dc8        0x4 c:/st/stm32cubeide_1.7.0/stm32cubeide/plugins/com.st.stm32cube.ide.mcu.externaltools.gnu-tools-for-stm32.9-2020-q2-update.win32_2.0.0.202105311346/tools/bin/../lib/gcc/arm-none-eabi/9.3.1/thumb/v7e-m+dp/hard/crtbegin.o
                [!provide]                        PROVIDE (__fini_array_end = .)
                0x0000000008007dcc                . = ALIGN (0x4)
                0x0000000008007dcc                _sidata = LOADADDR (.data)

.data           0x0000000020000000       0x7c load address 0x0000000008007dcc
                0x0000000020000000                . = ALIGN (0x4)
                0x0000000020000000                _sdata = .
 *(.data)
 *(.data*)
 .data.debounce
                0x0000000020000000        0x1 ./Core/Src/encoder.o
                0x0000000020000000                debounce
 *fill*         0x0000000020000001        0x3 
 .data.Font_7x10
                0x0000000020000004        0x8 ./Core/Src/ssd1306_fonts.o
                0x0000000020000004                Font_7x10
 .data.SystemCoreClock
                0x000000002000000c        0x4 ./Core/Src/system_stm32f7xx.o
                0x000000002000000c                SystemCoreClock
 .data.uwTickPrio
                0x0000000020000010        0x4 ./Drivers/STM32F7xx_HAL_Driver/Src/stm32f7xx_hal.o
                0x0000000020000010                uwTickPrio
 .data.uwTickFreq
                0x0000000020000014        0x1 ./Drivers/STM32F7xx_HAL_Driver/Src/stm32f7xx_hal.o
                0x0000000020000014                uwTickFreq
 *fill*         0x0000000020000015        0x3 
 .data._impure_ptr
                0x0000000020000018        0x4 c:/st/stm32cubeide_1.7.0/stm32cubeide/plugins/com.st.stm32cube.ide.mcu.externaltools.gnu-tools-for-stm32.9-2020-q2-update.win32_2.0.0.202105311346/tools/bin/../lib/gcc/arm-none-eabi/9.3.1/../../../../arm-none-eabi/lib/thumb/v7e-m+dp/hard\libc_nano.a(lib_a-impure.o)
                0x0000000020000018                _impure_ptr
 .data.impure_data
                0x000000002000001c       0x60 c:/st/stm32cubeide_1.7.0/stm32cubeide/plugins/com.st.stm32cube.ide.mcu.externaltools.gnu-tools-for-stm32.9-2020-q2-update.win32_2.0.0.202105311346/tools/bin/../lib/gcc/arm-none-eabi/9.3.1/../../../../arm-none-eabi/lib/thumb/v7e-m+dp/hard\libc_nano.a(lib_a-impure.o)
 *(.RamFunc)
 *(.RamFunc*)
                0x000000002000007c                . = ALIGN (0x4)
                0x000000002000007c                _edata = .

.igot.plt       0x000000002000007c        0x0 load address 0x0000000008007e48
 .igot.plt      0x000000002000007c        0x0 c:/st/stm32cubeide_1.7.0/stm32cubeide/plugins/com.st.stm32cube.ide.mcu.externaltools.gnu-tools-for-stm32.9-2020-q2-update.win32_2.0.0.202105311346/tools/bin/../lib/gcc/arm-none-eabi/9.3.1/thumb/v7e-m+dp/hard/crtbegin.o
                0x000000002000007c                . = ALIGN (0x4)

.bss            0x000000002000007c      0xa54 load address 0x0000000008007e48
                0x000000002000007c                _sbss = .
                0x000000002000007c                __bss_start__ = _sbss
 *(.bss)
 .bss           0x000000002000007c       0x1c c:/st/stm32cubeide_1.7.0/stm32cubeide/plugins/com.st.stm32cube.ide.mcu.externaltools.gnu-tools-for-stm32.9-2020-q2-update.win32_2.0.0.202105311346/tools/bin/../lib/gcc/arm-none-eabi/9.3.1/thumb/v7e-m+dp/hard/crtbegin.o
 *(.bss*)
 .bss.lastPress
                0x0000000020000098        0x4 ./Core/Src/encoder.o
                0x0000000020000098                lastPress
 .bss.button    0x000000002000009c        0x1 ./Core/Src/encoder.o
                0x000000002000009c                button
 *fill*         0x000000002000009d        0x3 
 .bss.SSD1306_Buffer
                0x00000000200000a0      0x400 ./Core/Src/ssd1306.o
 .bss.SSD1306   0x00000000200004a0        0x6 ./Core/Src/ssd1306.o
 *fill*         0x00000000200004a6        0x2 
 .bss.__sbrk_heap_end
                0x00000000200004a8        0x4 ./Core/Src/sysmem.o
 .bss.__malloc_free_list
                0x00000000200004ac        0x4 c:/st/stm32cubeide_1.7.0/stm32cubeide/plugins/com.st.stm32cube.ide.mcu.externaltools.gnu-tools-for-stm32.9-2020-q2-update.win32_2.0.0.202105311346/tools/bin/../lib/gcc/arm-none-eabi/9.3.1/../../../../arm-none-eabi/lib/thumb/v7e-m+dp/hard\libc_nano.a(lib_a-nano-mallocr.o)
                0x00000000200004ac                __malloc_free_list
 .bss.__malloc_sbrk_start
                0x00000000200004b0        0x4 c:/st/stm32cubeide_1.7.0/stm32cubeide/plugins/com.st.stm32cube.ide.mcu.externaltools.gnu-tools-for-stm32.9-2020-q2-update.win32_2.0.0.202105311346/tools/bin/../lib/gcc/arm-none-eabi/9.3.1/../../../../arm-none-eabi/lib/thumb/v7e-m+dp/hard\libc_nano.a(lib_a-nano-mallocr.o)
                0x00000000200004b0                __malloc_sbrk_start
 *(COMMON)
 COMMON         0x00000000200004b4        0x4 ./Core/Src/WS9527.o
                0x00000000200004b4                WS9527_Reading_ADC
                0x00000000200004b6                WS9527_Reading
 COMMON         0x00000000200004b8       0x48 ./Core/Src/adc.o
                0x00000000200004b8                hadc1
 COMMON         0x0000000020000500       0x4c ./Core/Src/display.o
                0x0000000020000500                hi2c1
 COMMON         0x000000002000054c        0x4 ./Core/Src/encoder.o
                0x000000002000054c                pulse_count
                0x000000002000054e                positions
 COMMON         0x0000000020000550       0xe4 ./Core/Src/tim.o
                0x0000000020000550                htim4
                0x000000002000059c                htim3
                0x00000000200005e8                htim1
 COMMON         0x0000000020000634       0x84 ./Core/Src/usart.o
                0x0000000020000634                huart3
 COMMON         0x00000000200006b8      0x404 ./Core/Src/usb_otg.o
                0x00000000200006b8                hpcd_USB_OTG_FS
 COMMON         0x0000000020000abc        0x4 ./Drivers/STM32F7xx_HAL_Driver/Src/stm32f7xx_hal.o
                0x0000000020000abc                uwTick
 COMMON         0x0000000020000ac0        0x4 c:/st/stm32cubeide_1.7.0/stm32cubeide/plugins/com.st.stm32cube.ide.mcu.externaltools.gnu-tools-for-stm32.9-2020-q2-update.win32_2.0.0.202105311346/tools/bin/../lib/gcc/arm-none-eabi/9.3.1/../../../../arm-none-eabi/lib/thumb/v7e-m+dp/hard\libc_nano.a(lib_a-reent.o)
                0x0000000020000ac0                errno
 COMMON         0x0000000020000ac4        0x9 c:/st/stm32cubeide_1.7.0/stm32cubeide/plugins/com.st.stm32cube.ide.mcu.externaltools.gnu-tools-for-stm32.9-2020-q2-update.win32_2.0.0.202105311346/tools/bin/../lib/gcc/arm-none-eabi/9.3.1/../../../../arm-none-eabi/lib/thumb/v7e-m+dp/hard\libc_nano.a(lib_a-lock.o)
                0x0000000020000ac4                __lock___atexit_recursive_mutex
                0x0000000020000ac5                __lock___arc4random_mutex
                0x0000000020000ac6                __lock___env_recursive_mutex
                0x0000000020000ac7                __lock___sinit_recursive_mutex
                0x0000000020000ac8                __lock___malloc_recursive_mutex
                0x0000000020000ac9                __lock___at_quick_exit_mutex
                0x0000000020000aca                __lock___dd_hash_mutex
                0x0000000020000acb                __lock___tz_mutex
                0x0000000020000acc                __lock___sfp_recursive_mutex
                0x0000000020000ad0                . = ALIGN (0x4)
 *fill*         0x0000000020000acd        0x3 
                0x0000000020000ad0                _ebss = .
                0x0000000020000ad0                __bss_end__ = _ebss

._user_heap_stack
                0x0000000020000ad0      0x600 load address 0x0000000008007e48
                0x0000000020000ad0                . = ALIGN (0x8)
                [!provide]                        PROVIDE (end = .)
                0x0000000020000ad0                PROVIDE (_end = .)
                0x0000000020000cd0                . = (. + _Min_Heap_Size)
 *fill*         0x0000000020000ad0      0x200 
                0x00000000200010d0                . = (. + _Min_Stack_Size)
 *fill*         0x0000000020000cd0      0x400 
                0x00000000200010d0                . = ALIGN (0x8)

/DISCARD/
 libc.a(*)
 libm.a(*)
 libgcc.a(*)

.ARM.attributes
                0x0000000000000000       0x2e
 *(.ARM.attributes)
 .ARM.attributes
                0x0000000000000000       0x1e c:/st/stm32cubeide_1.7.0/stm32cubeide/plugins/com.st.stm32cube.ide.mcu.externaltools.gnu-tools-for-stm32.9-2020-q2-update.win32_2.0.0.202105311346/tools/bin/../lib/gcc/arm-none-eabi/9.3.1/thumb/v7e-m+dp/hard/crti.o
 .ARM.attributes
                0x000000000000001e       0x32 c:/st/stm32cubeide_1.7.0/stm32cubeide/plugins/com.st.stm32cube.ide.mcu.externaltools.gnu-tools-for-stm32.9-2020-q2-update.win32_2.0.0.202105311346/tools/bin/../lib/gcc/arm-none-eabi/9.3.1/thumb/v7e-m+dp/hard/crtbegin.o
 .ARM.attributes
                0x0000000000000050       0x32 ./Core/Src/WS9527.o
 .ARM.attributes
                0x0000000000000082       0x32 ./Core/Src/adc.o
 .ARM.attributes
                0x00000000000000b4       0x32 ./Core/Src/display.o
 .ARM.attributes
                0x00000000000000e6       0x32 ./Core/Src/encoder.o
 .ARM.attributes
                0x0000000000000118       0x32 ./Core/Src/gpio.o
 .ARM.attributes
                0x000000000000014a       0x32 ./Core/Src/i2c.o
 .ARM.attributes
                0x000000000000017c       0x32 ./Core/Src/main.o
 .ARM.attributes
                0x00000000000001ae       0x32 ./Core/Src/messages.o
 .ARM.attributes
                0x00000000000001e0       0x32 ./Core/Src/ssd1306.o
 .ARM.attributes
                0x0000000000000212       0x37 ./Core/Src/ssd1306_fonts.o
 .ARM.attributes
                0x0000000000000249       0x32 ./Core/Src/stm32f7xx_hal_msp.o
 .ARM.attributes
                0x000000000000027b       0x32 ./Core/Src/stm32f7xx_it.o
 .ARM.attributes
                0x00000000000002ad       0x32 ./Core/Src/sysmem.o
 .ARM.attributes
                0x00000000000002df       0x32 ./Core/Src/system_stm32f7xx.o
 .ARM.attributes
                0x0000000000000311       0x32 ./Core/Src/tim.o
 .ARM.attributes
                0x0000000000000343       0x32 ./Core/Src/usart.o
 .ARM.attributes
                0x0000000000000375       0x32 ./Core/Src/usb_otg.o
 .ARM.attributes
                0x00000000000003a7       0x21 ./Core/Startup/startup_stm32f767zitx.o
 .ARM.attributes
                0x00000000000003c8       0x32 ./Drivers/STM32F7xx_HAL_Driver/Src/stm32f7xx_hal.o
 .ARM.attributes
                0x00000000000003fa       0x32 ./Drivers/STM32F7xx_HAL_Driver/Src/stm32f7xx_hal_adc.o
 .ARM.attributes
                0x000000000000042c       0x32 ./Drivers/STM32F7xx_HAL_Driver/Src/stm32f7xx_hal_adc_ex.o
 .ARM.attributes
                0x000000000000045e       0x32 ./Drivers/STM32F7xx_HAL_Driver/Src/stm32f7xx_hal_cortex.o
 .ARM.attributes
                0x0000000000000490       0x32 ./Drivers/STM32F7xx_HAL_Driver/Src/stm32f7xx_hal_dma.o
 .ARM.attributes
                0x00000000000004c2       0x32 ./Drivers/STM32F7xx_HAL_Driver/Src/stm32f7xx_hal_gpio.o
 .ARM.attributes
                0x00000000000004f4       0x32 ./Drivers/STM32F7xx_HAL_Driver/Src/stm32f7xx_hal_i2c.o
 .ARM.attributes
                0x0000000000000526       0x32 ./Drivers/STM32F7xx_HAL_Driver/Src/stm32f7xx_hal_i2c_ex.o
 .ARM.attributes
                0x0000000000000558       0x32 ./Drivers/STM32F7xx_HAL_Driver/Src/stm32f7xx_hal_pcd.o
 .ARM.attributes
                0x000000000000058a       0x32 ./Drivers/STM32F7xx_HAL_Driver/Src/stm32f7xx_hal_pcd_ex.o
 .ARM.attributes
                0x00000000000005bc       0x32 ./Drivers/STM32F7xx_HAL_Driver/Src/stm32f7xx_hal_pwr.o
 .ARM.attributes
                0x00000000000005ee       0x32 ./Drivers/STM32F7xx_HAL_Driver/Src/stm32f7xx_hal_pwr_ex.o
 .ARM.attributes
                0x0000000000000620       0x32 ./Drivers/STM32F7xx_HAL_Driver/Src/stm32f7xx_hal_rcc.o
 .ARM.attributes
                0x0000000000000652       0x32 ./Drivers/STM32F7xx_HAL_Driver/Src/stm32f7xx_hal_rcc_ex.o
 .ARM.attributes
                0x0000000000000684       0x32 ./Drivers/STM32F7xx_HAL_Driver/Src/stm32f7xx_hal_tim.o
 .ARM.attributes
                0x00000000000006b6       0x32 ./Drivers/STM32F7xx_HAL_Driver/Src/stm32f7xx_hal_tim_ex.o
 .ARM.attributes
                0x00000000000006e8       0x32 ./Drivers/STM32F7xx_HAL_Driver/Src/stm32f7xx_hal_uart.o
 .ARM.attributes
                0x000000000000071a       0x32 ./Drivers/STM32F7xx_HAL_Driver/Src/stm32f7xx_ll_usb.o
 .ARM.attributes
                0x000000000000074c       0x32 c:/st/stm32cubeide_1.7.0/stm32cubeide/plugins/com.st.stm32cube.ide.mcu.externaltools.gnu-tools-for-stm32.9-2020-q2-update.win32_2.0.0.202105311346/tools/bin/../lib/gcc/arm-none-eabi/9.3.1/../../../../arm-none-eabi/lib/thumb/v7e-m+dp/hard\libc_nano.a(lib_a-errno.o)
 .ARM.attributes
                0x000000000000077e       0x30 c:/st/stm32cubeide_1.7.0/stm32cubeide/plugins/com.st.stm32cube.ide.mcu.externaltools.gnu-tools-for-stm32.9-2020-q2-update.win32_2.0.0.202105311346/tools/bin/../lib/gcc/arm-none-eabi/9.3.1/../../../../arm-none-eabi/lib/thumb/v7e-m+dp/hard\libc_nano.a(lib_a-impure.o)
 .ARM.attributes
                0x00000000000007ae       0x32 c:/st/stm32cubeide_1.7.0/stm32cubeide/plugins/com.st.stm32cube.ide.mcu.externaltools.gnu-tools-for-stm32.9-2020-q2-update.win32_2.0.0.202105311346/tools/bin/../lib/gcc/arm-none-eabi/9.3.1/../../../../arm-none-eabi/lib/thumb/v7e-m+dp/hard\libc_nano.a(lib_a-init.o)
 .ARM.attributes
                0x00000000000007e0       0x32 c:/st/stm32cubeide_1.7.0/stm32cubeide/plugins/com.st.stm32cube.ide.mcu.externaltools.gnu-tools-for-stm32.9-2020-q2-update.win32_2.0.0.202105311346/tools/bin/../lib/gcc/arm-none-eabi/9.3.1/../../../../arm-none-eabi/lib/thumb/v7e-m+dp/hard\libc_nano.a(lib_a-memcpy-stub.o)
 .ARM.attributes
                0x0000000000000812       0x32 c:/st/stm32cubeide_1.7.0/stm32cubeide/plugins/com.st.stm32cube.ide.mcu.externaltools.gnu-tools-for-stm32.9-2020-q2-update.win32_2.0.0.202105311346/tools/bin/../lib/gcc/arm-none-eabi/9.3.1/../../../../arm-none-eabi/lib/thumb/v7e-m+dp/hard\libc_nano.a(lib_a-memmove.o)
 .ARM.attributes
                0x0000000000000844       0x32 c:/st/stm32cubeide_1.7.0/stm32cubeide/plugins/com.st.stm32cube.ide.mcu.externaltools.gnu-tools-for-stm32.9-2020-q2-update.win32_2.0.0.202105311346/tools/bin/../lib/gcc/arm-none-eabi/9.3.1/../../../../arm-none-eabi/lib/thumb/v7e-m+dp/hard\libc_nano.a(lib_a-memset.o)
 .ARM.attributes
                0x0000000000000876       0x32 c:/st/stm32cubeide_1.7.0/stm32cubeide/plugins/com.st.stm32cube.ide.mcu.externaltools.gnu-tools-for-stm32.9-2020-q2-update.win32_2.0.0.202105311346/tools/bin/../lib/gcc/arm-none-eabi/9.3.1/../../../../arm-none-eabi/lib/thumb/v7e-m+dp/hard\libc_nano.a(lib_a-sprintf.o)
 .ARM.attributes
                0x00000000000008a8       0x32 c:/st/stm32cubeide_1.7.0/stm32cubeide/plugins/com.st.stm32cube.ide.mcu.externaltools.gnu-tools-for-stm32.9-2020-q2-update.win32_2.0.0.202105311346/tools/bin/../lib/gcc/arm-none-eabi/9.3.1/../../../../arm-none-eabi/lib/thumb/v7e-m+dp/hard\libc_nano.a(lib_a-nano-svfprintf.o)
 .ARM.attributes
                0x00000000000008da       0x32 c:/st/stm32cubeide_1.7.0/stm32cubeide/plugins/com.st.stm32cube.ide.mcu.externaltools.gnu-tools-for-stm32.9-2020-q2-update.win32_2.0.0.202105311346/tools/bin/../lib/gcc/arm-none-eabi/9.3.1/../../../../arm-none-eabi/lib/thumb/v7e-m+dp/hard\libc_nano.a(lib_a-nano-vfprintf_i.o)
 .ARM.attributes
                0x000000000000090c       0x1c c:/st/stm32cubeide_1.7.0/stm32cubeide/plugins/com.st.stm32cube.ide.mcu.externaltools.gnu-tools-for-stm32.9-2020-q2-update.win32_2.0.0.202105311346/tools/bin/../lib/gcc/arm-none-eabi/9.3.1/../../../../arm-none-eabi/lib/thumb/v7e-m+dp/hard\libc_nano.a(lib_a-memchr.o)
 .ARM.attributes
                0x0000000000000928       0x32 c:/st/stm32cubeide_1.7.0/stm32cubeide/plugins/com.st.stm32cube.ide.mcu.externaltools.gnu-tools-for-stm32.9-2020-q2-update.win32_2.0.0.202105311346/tools/bin/../lib/gcc/arm-none-eabi/9.3.1/../../../../arm-none-eabi/lib/thumb/v7e-m+dp/hard\libc_nano.a(lib_a-nano-freer.o)
 .ARM.attributes
                0x000000000000095a       0x32 c:/st/stm32cubeide_1.7.0/stm32cubeide/plugins/com.st.stm32cube.ide.mcu.externaltools.gnu-tools-for-stm32.9-2020-q2-update.win32_2.0.0.202105311346/tools/bin/../lib/gcc/arm-none-eabi/9.3.1/../../../../arm-none-eabi/lib/thumb/v7e-m+dp/hard\libc_nano.a(lib_a-nano-mallocr.o)
 .ARM.attributes
                0x000000000000098c       0x32 c:/st/stm32cubeide_1.7.0/stm32cubeide/plugins/com.st.stm32cube.ide.mcu.externaltools.gnu-tools-for-stm32.9-2020-q2-update.win32_2.0.0.202105311346/tools/bin/../lib/gcc/arm-none-eabi/9.3.1/../../../../arm-none-eabi/lib/thumb/v7e-m+dp/hard\libc_nano.a(lib_a-nano-reallocr.o)
 .ARM.attributes
                0x00000000000009be       0x32 c:/st/stm32cubeide_1.7.0/stm32cubeide/plugins/com.st.stm32cube.ide.mcu.externaltools.gnu-tools-for-stm32.9-2020-q2-update.win32_2.0.0.202105311346/tools/bin/../lib/gcc/arm-none-eabi/9.3.1/../../../../arm-none-eabi/lib/thumb/v7e-m+dp/hard\libc_nano.a(lib_a-sbrkr.o)
 .ARM.attributes
                0x00000000000009f0       0x32 c:/st/stm32cubeide_1.7.0/stm32cubeide/plugins/com.st.stm32cube.ide.mcu.externaltools.gnu-tools-for-stm32.9-2020-q2-update.win32_2.0.0.202105311346/tools/bin/../lib/gcc/arm-none-eabi/9.3.1/../../../../arm-none-eabi/lib/thumb/v7e-m+dp/hard\libc_nano.a(lib_a-mlock.o)
 .ARM.attributes
                0x0000000000000a22       0x32 c:/st/stm32cubeide_1.7.0/stm32cubeide/plugins/com.st.stm32cube.ide.mcu.externaltools.gnu-tools-for-stm32.9-2020-q2-update.win32_2.0.0.202105311346/tools/bin/../lib/gcc/arm-none-eabi/9.3.1/../../../../arm-none-eabi/lib/thumb/v7e-m+dp/hard\libc_nano.a(lib_a-nano-msizer.o)
 .ARM.attributes
                0x0000000000000a54       0x32 c:/st/stm32cubeide_1.7.0/stm32cubeide/plugins/com.st.stm32cube.ide.mcu.externaltools.gnu-tools-for-stm32.9-2020-q2-update.win32_2.0.0.202105311346/tools/bin/../lib/gcc/arm-none-eabi/9.3.1/../../../../arm-none-eabi/lib/thumb/v7e-m+dp/hard\libc_nano.a(lib_a-reent.o)
 .ARM.attributes
                0x0000000000000a86       0x32 c:/st/stm32cubeide_1.7.0/stm32cubeide/plugins/com.st.stm32cube.ide.mcu.externaltools.gnu-tools-for-stm32.9-2020-q2-update.win32_2.0.0.202105311346/tools/bin/../lib/gcc/arm-none-eabi/9.3.1/../../../../arm-none-eabi/lib/thumb/v7e-m+dp/hard\libc_nano.a(lib_a-lock.o)
 .ARM.attributes
                0x0000000000000ab8       0x1e c:/st/stm32cubeide_1.7.0/stm32cubeide/plugins/com.st.stm32cube.ide.mcu.externaltools.gnu-tools-for-stm32.9-2020-q2-update.win32_2.0.0.202105311346/tools/bin/../lib/gcc/arm-none-eabi/9.3.1/thumb/v7e-m+dp/hard\libgcc.a(_aeabi_uldivmod.o)
 .ARM.attributes
                0x0000000000000ad6       0x32 c:/st/stm32cubeide_1.7.0/stm32cubeide/plugins/com.st.stm32cube.ide.mcu.externaltools.gnu-tools-for-stm32.9-2020-q2-update.win32_2.0.0.202105311346/tools/bin/../lib/gcc/arm-none-eabi/9.3.1/thumb/v7e-m+dp/hard\libgcc.a(_udivmoddi4.o)
 .ARM.attributes
                0x0000000000000b08       0x1e c:/st/stm32cubeide_1.7.0/stm32cubeide/plugins/com.st.stm32cube.ide.mcu.externaltools.gnu-tools-for-stm32.9-2020-q2-update.win32_2.0.0.202105311346/tools/bin/../lib/gcc/arm-none-eabi/9.3.1/thumb/v7e-m+dp/hard\libgcc.a(_dvmd_tls.o)
 .ARM.attributes
                0x0000000000000b26       0x1e c:/st/stm32cubeide_1.7.0/stm32cubeide/plugins/com.st.stm32cube.ide.mcu.externaltools.gnu-tools-for-stm32.9-2020-q2-update.win32_2.0.0.202105311346/tools/bin/../lib/gcc/arm-none-eabi/9.3.1/thumb/v7e-m+dp/hard/crtn.o
OUTPUT(plant-control.elf elf32-littlearm)
LOAD linker stubs
LOAD c:/st/stm32cubeide_1.7.0/stm32cubeide/plugins/com.st.stm32cube.ide.mcu.externaltools.gnu-tools-for-stm32.9-2020-q2-update.win32_2.0.0.202105311346/tools/bin/../lib/gcc/arm-none-eabi/9.3.1/../../../../arm-none-eabi/lib/thumb/v7e-m+dp/hard\libc.a
LOAD c:/st/stm32cubeide_1.7.0/stm32cubeide/plugins/com.st.stm32cube.ide.mcu.externaltools.gnu-tools-for-stm32.9-2020-q2-update.win32_2.0.0.202105311346/tools/bin/../lib/gcc/arm-none-eabi/9.3.1/../../../../arm-none-eabi/lib/thumb/v7e-m+dp/hard\libm.a
LOAD c:/st/stm32cubeide_1.7.0/stm32cubeide/plugins/com.st.stm32cube.ide.mcu.externaltools.gnu-tools-for-stm32.9-2020-q2-update.win32_2.0.0.202105311346/tools/bin/../lib/gcc/arm-none-eabi/9.3.1/thumb/v7e-m+dp/hard\libgcc.a

.debug_info     0x0000000000000000    0x239d7
 .debug_info    0x0000000000000000      0x748 ./Core/Src/WS9527.o
 .debug_info    0x0000000000000748      0xd7f ./Core/Src/adc.o
 .debug_info    0x00000000000014c7     0x10f6 ./Core/Src/display.o
 .debug_info    0x00000000000025bd      0x879 ./Core/Src/encoder.o
 .debug_info    0x0000000000002e36      0x877 ./Core/Src/gpio.o
 .debug_info    0x00000000000036ad      0xda6 ./Core/Src/i2c.o
 .debug_info    0x0000000000004453     0x2571 ./Core/Src/main.o
 .debug_info    0x00000000000069c4     0x102c ./Core/Src/messages.o
 .debug_info    0x00000000000079f0     0x18f4 ./Core/Src/ssd1306.o
 .debug_info    0x00000000000092e4      0x1f3 ./Core/Src/ssd1306_fonts.o
 .debug_info    0x00000000000094d7      0x3be ./Core/Src/stm32f7xx_hal_msp.o
 .debug_info    0x0000000000009895     0x11a3 ./Core/Src/stm32f7xx_it.o
 .debug_info    0x000000000000aa38      0xa25 ./Core/Src/sysmem.o
 .debug_info    0x000000000000b45d      0x7ad ./Core/Src/system_stm32f7xx.o
 .debug_info    0x000000000000bc0a     0x10b9 ./Core/Src/tim.o
 .debug_info    0x000000000000ccc3      0xde7 ./Core/Src/usart.o
 .debug_info    0x000000000000daaa      0xa76 ./Core/Src/usb_otg.o
 .debug_info    0x000000000000e520       0x22 ./Core/Startup/startup_stm32f767zitx.o
 .debug_info    0x000000000000e542      0xab8 ./Drivers/STM32F7xx_HAL_Driver/Src/stm32f7xx_hal.o
 .debug_info    0x000000000000effa      0xd86 ./Drivers/STM32F7xx_HAL_Driver/Src/stm32f7xx_hal_adc.o
 .debug_info    0x000000000000fd80      0xbae ./Drivers/STM32F7xx_HAL_Driver/Src/stm32f7xx_hal_adc_ex.o
 .debug_info    0x000000000001092e     0x1158 ./Drivers/STM32F7xx_HAL_Driver/Src/stm32f7xx_hal_cortex.o
 .debug_info    0x0000000000011a86      0x9f1 ./Drivers/STM32F7xx_HAL_Driver/Src/stm32f7xx_hal_dma.o
 .debug_info    0x0000000000012477      0x876 ./Drivers/STM32F7xx_HAL_Driver/Src/stm32f7xx_hal_gpio.o
 .debug_info    0x0000000000012ced     0x228e ./Drivers/STM32F7xx_HAL_Driver/Src/stm32f7xx_hal_i2c.o
 .debug_info    0x0000000000014f7b      0xa9c ./Drivers/STM32F7xx_HAL_Driver/Src/stm32f7xx_hal_i2c_ex.o
 .debug_info    0x0000000000015a17     0x134f ./Drivers/STM32F7xx_HAL_Driver/Src/stm32f7xx_hal_pcd.o
 .debug_info    0x0000000000016d66      0x88b ./Drivers/STM32F7xx_HAL_Driver/Src/stm32f7xx_hal_pcd_ex.o
 .debug_info    0x00000000000175f1      0xa4c ./Drivers/STM32F7xx_HAL_Driver/Src/stm32f7xx_hal_pwr.o
 .debug_info    0x000000000001803d      0x9f6 ./Drivers/STM32F7xx_HAL_Driver/Src/stm32f7xx_hal_pwr_ex.o
 .debug_info    0x0000000000018a33      0xa28 ./Drivers/STM32F7xx_HAL_Driver/Src/stm32f7xx_hal_rcc.o
 .debug_info    0x000000000001945b      0x853 ./Drivers/STM32F7xx_HAL_Driver/Src/stm32f7xx_hal_rcc_ex.o
 .debug_info    0x0000000000019cae     0x2d5a ./Drivers/STM32F7xx_HAL_Driver/Src/stm32f7xx_hal_tim.o
 .debug_info    0x000000000001ca08     0x1793 ./Drivers/STM32F7xx_HAL_Driver/Src/stm32f7xx_hal_tim_ex.o
 .debug_info    0x000000000001e19b     0x3cfc ./Drivers/STM32F7xx_HAL_Driver/Src/stm32f7xx_hal_uart.o
 .debug_info    0x0000000000021e97     0x1b40 ./Drivers/STM32F7xx_HAL_Driver/Src/stm32f7xx_ll_usb.o

.debug_abbrev   0x0000000000000000     0x4748
 .debug_abbrev  0x0000000000000000      0x1c7 ./Core/Src/WS9527.o
 .debug_abbrev  0x00000000000001c7      0x1c4 ./Core/Src/adc.o
 .debug_abbrev  0x000000000000038b      0x22d ./Core/Src/display.o
 .debug_abbrev  0x00000000000005b8      0x185 ./Core/Src/encoder.o
 .debug_abbrev  0x000000000000073d      0x157 ./Core/Src/gpio.o
 .debug_abbrev  0x0000000000000894      0x1cf ./Core/Src/i2c.o
 .debug_abbrev  0x0000000000000a63      0x29a ./Core/Src/main.o
 .debug_abbrev  0x0000000000000cfd      0x1f1 ./Core/Src/messages.o
 .debug_abbrev  0x0000000000000eee      0x37a ./Core/Src/ssd1306.o
 .debug_abbrev  0x0000000000001268       0xbe ./Core/Src/ssd1306_fonts.o
 .debug_abbrev  0x0000000000001326      0x11d ./Core/Src/stm32f7xx_hal_msp.o
 .debug_abbrev  0x0000000000001443      0x1ac ./Core/Src/stm32f7xx_it.o
 .debug_abbrev  0x00000000000015ef      0x1bf ./Core/Src/sysmem.o
 .debug_abbrev  0x00000000000017ae      0x165 ./Core/Src/system_stm32f7xx.o
 .debug_abbrev  0x0000000000001913      0x1d7 ./Core/Src/tim.o
 .debug_abbrev  0x0000000000001aea      0x1c4 ./Core/Src/usart.o
 .debug_abbrev  0x0000000000001cae      0x1da ./Core/Src/usb_otg.o
 .debug_abbrev  0x0000000000001e88       0x12 ./Core/Startup/startup_stm32f767zitx.o
 .debug_abbrev  0x0000000000001e9a      0x1ed ./Drivers/STM32F7xx_HAL_Driver/Src/stm32f7xx_hal.o
 .debug_abbrev  0x0000000000002087      0x22f ./Drivers/STM32F7xx_HAL_Driver/Src/stm32f7xx_hal_adc.o
 .debug_abbrev  0x00000000000022b6      0x24a ./Drivers/STM32F7xx_HAL_Driver/Src/stm32f7xx_hal_adc_ex.o
 .debug_abbrev  0x0000000000002500      0x33c ./Drivers/STM32F7xx_HAL_Driver/Src/stm32f7xx_hal_cortex.o
 .debug_abbrev  0x000000000000283c      0x259 ./Drivers/STM32F7xx_HAL_Driver/Src/stm32f7xx_hal_dma.o
 .debug_abbrev  0x0000000000002a95      0x1f1 ./Drivers/STM32F7xx_HAL_Driver/Src/stm32f7xx_hal_gpio.o
 .debug_abbrev  0x0000000000002c86      0x256 ./Drivers/STM32F7xx_HAL_Driver/Src/stm32f7xx_hal_i2c.o
 .debug_abbrev  0x0000000000002edc      0x1bb ./Drivers/STM32F7xx_HAL_Driver/Src/stm32f7xx_hal_i2c_ex.o
 .debug_abbrev  0x0000000000003097      0x2a0 ./Drivers/STM32F7xx_HAL_Driver/Src/stm32f7xx_hal_pcd.o
 .debug_abbrev  0x0000000000003337      0x1ea ./Drivers/STM32F7xx_HAL_Driver/Src/stm32f7xx_hal_pcd_ex.o
 .debug_abbrev  0x0000000000003521      0x1de ./Drivers/STM32F7xx_HAL_Driver/Src/stm32f7xx_hal_pwr.o
 .debug_abbrev  0x00000000000036ff      0x1dc ./Drivers/STM32F7xx_HAL_Driver/Src/stm32f7xx_hal_pwr_ex.o
 .debug_abbrev  0x00000000000038db      0x29c ./Drivers/STM32F7xx_HAL_Driver/Src/stm32f7xx_hal_rcc.o
 .debug_abbrev  0x0000000000003b77      0x1d1 ./Drivers/STM32F7xx_HAL_Driver/Src/stm32f7xx_hal_rcc_ex.o
 .debug_abbrev  0x0000000000003d48      0x25e ./Drivers/STM32F7xx_HAL_Driver/Src/stm32f7xx_hal_tim.o
 .debug_abbrev  0x0000000000003fa6      0x266 ./Drivers/STM32F7xx_HAL_Driver/Src/stm32f7xx_hal_tim_ex.o
 .debug_abbrev  0x000000000000420c      0x2b3 ./Drivers/STM32F7xx_HAL_Driver/Src/stm32f7xx_hal_uart.o
 .debug_abbrev  0x00000000000044bf      0x289 ./Drivers/STM32F7xx_HAL_Driver/Src/stm32f7xx_ll_usb.o

.debug_aranges  0x0000000000000000     0x1820
 .debug_aranges
                0x0000000000000000       0x38 ./Core/Src/WS9527.o
 .debug_aranges
                0x0000000000000038       0x30 ./Core/Src/adc.o
 .debug_aranges
                0x0000000000000068       0x28 ./Core/Src/display.o
 .debug_aranges
                0x0000000000000090       0x30 ./Core/Src/encoder.o
 .debug_aranges
                0x00000000000000c0       0x20 ./Core/Src/gpio.o
 .debug_aranges
                0x00000000000000e0       0x30 ./Core/Src/i2c.o
 .debug_aranges
                0x0000000000000110       0x48 ./Core/Src/main.o
 .debug_aranges
                0x0000000000000158       0x20 ./Core/Src/messages.o
 .debug_aranges
                0x0000000000000178       0xc8 ./Core/Src/ssd1306.o
 .debug_aranges
                0x0000000000000240       0x18 ./Core/Src/ssd1306_fonts.o
 .debug_aranges
                0x0000000000000258       0x20 ./Core/Src/stm32f7xx_hal_msp.o
 .debug_aranges
                0x0000000000000278       0x90 ./Core/Src/stm32f7xx_it.o
 .debug_aranges
                0x0000000000000308       0x20 ./Core/Src/sysmem.o
 .debug_aranges
                0x0000000000000328       0x28 ./Core/Src/system_stm32f7xx.o
 .debug_aranges
                0x0000000000000350       0x50 ./Core/Src/tim.o
 .debug_aranges
                0x00000000000003a0       0x30 ./Core/Src/usart.o
 .debug_aranges
                0x00000000000003d0       0x30 ./Core/Src/usb_otg.o
 .debug_aranges
                0x0000000000000400       0x28 ./Core/Startup/startup_stm32f767zitx.o
 .debug_aranges
                0x0000000000000428      0x110 ./Drivers/STM32F7xx_HAL_Driver/Src/stm32f7xx_hal.o
 .debug_aranges
                0x0000000000000538       0xe8 ./Drivers/STM32F7xx_HAL_Driver/Src/stm32f7xx_hal_adc.o
 .debug_aranges
                0x0000000000000620       0x90 ./Drivers/STM32F7xx_HAL_Driver/Src/stm32f7xx_hal_adc_ex.o
 .debug_aranges
                0x00000000000006b0      0x118 ./Drivers/STM32F7xx_HAL_Driver/Src/stm32f7xx_hal_cortex.o
 .debug_aranges
                0x00000000000007c8       0x90 ./Drivers/STM32F7xx_HAL_Driver/Src/stm32f7xx_hal_dma.o
 .debug_aranges
                0x0000000000000858       0x58 ./Drivers/STM32F7xx_HAL_Driver/Src/stm32f7xx_hal_gpio.o
 .debug_aranges
                0x00000000000008b0      0x290 ./Drivers/STM32F7xx_HAL_Driver/Src/stm32f7xx_hal_i2c.o
 .debug_aranges
                0x0000000000000b40       0x38 ./Drivers/STM32F7xx_HAL_Driver/Src/stm32f7xx_hal_i2c_ex.o
 .debug_aranges
                0x0000000000000b78      0x140 ./Drivers/STM32F7xx_HAL_Driver/Src/stm32f7xx_hal_pcd.o
 .debug_aranges
                0x0000000000000cb8       0x48 ./Drivers/STM32F7xx_HAL_Driver/Src/stm32f7xx_hal_pcd_ex.o
 .debug_aranges
                0x0000000000000d00       0xa0 ./Drivers/STM32F7xx_HAL_Driver/Src/stm32f7xx_hal_pwr.o
 .debug_aranges
                0x0000000000000da0       0x80 ./Drivers/STM32F7xx_HAL_Driver/Src/stm32f7xx_hal_pwr_ex.o
 .debug_aranges
                0x0000000000000e20       0x88 ./Drivers/STM32F7xx_HAL_Driver/Src/stm32f7xx_hal_rcc.o
 .debug_aranges
                0x0000000000000ea8       0x50 ./Drivers/STM32F7xx_HAL_Driver/Src/stm32f7xx_hal_rcc_ex.o
 .debug_aranges
                0x0000000000000ef8      0x3e0 ./Drivers/STM32F7xx_HAL_Driver/Src/stm32f7xx_hal_tim.o
 .debug_aranges
                0x00000000000012d8      0x180 ./Drivers/STM32F7xx_HAL_Driver/Src/stm32f7xx_hal_tim_ex.o
 .debug_aranges
                0x0000000000001458      0x230 ./Drivers/STM32F7xx_HAL_Driver/Src/stm32f7xx_hal_uart.o
 .debug_aranges
                0x0000000000001688      0x198 ./Drivers/STM32F7xx_HAL_Driver/Src/stm32f7xx_ll_usb.o

.debug_ranges   0x0000000000000000     0x1610
 .debug_ranges  0x0000000000000000       0x28 ./Core/Src/WS9527.o
 .debug_ranges  0x0000000000000028       0x20 ./Core/Src/adc.o
 .debug_ranges  0x0000000000000048       0x18 ./Core/Src/display.o
 .debug_ranges  0x0000000000000060       0x20 ./Core/Src/encoder.o
 .debug_ranges  0x0000000000000080       0x10 ./Core/Src/gpio.o
 .debug_ranges  0x0000000000000090       0x20 ./Core/Src/i2c.o
 .debug_ranges  0x00000000000000b0       0x38 ./Core/Src/main.o
 .debug_ranges  0x00000000000000e8       0x10 ./Core/Src/messages.o
 .debug_ranges  0x00000000000000f8       0xb8 ./Core/Src/ssd1306.o
 .debug_ranges  0x00000000000001b0       0x10 ./Core/Src/stm32f7xx_hal_msp.o
 .debug_ranges  0x00000000000001c0       0x80 ./Core/Src/stm32f7xx_it.o
 .debug_ranges  0x0000000000000240       0x10 ./Core/Src/sysmem.o
 .debug_ranges  0x0000000000000250       0x18 ./Core/Src/system_stm32f7xx.o
 .debug_ranges  0x0000000000000268       0x40 ./Core/Src/tim.o
 .debug_ranges  0x00000000000002a8       0x20 ./Core/Src/usart.o
 .debug_ranges  0x00000000000002c8       0x20 ./Core/Src/usb_otg.o
 .debug_ranges  0x00000000000002e8       0x20 ./Core/Startup/startup_stm32f767zitx.o
 .debug_ranges  0x0000000000000308      0x100 ./Drivers/STM32F7xx_HAL_Driver/Src/stm32f7xx_hal.o
 .debug_ranges  0x0000000000000408       0xd8 ./Drivers/STM32F7xx_HAL_Driver/Src/stm32f7xx_hal_adc.o
 .debug_ranges  0x00000000000004e0       0x80 ./Drivers/STM32F7xx_HAL_Driver/Src/stm32f7xx_hal_adc_ex.o
 .debug_ranges  0x0000000000000560      0x108 ./Drivers/STM32F7xx_HAL_Driver/Src/stm32f7xx_hal_cortex.o
 .debug_ranges  0x0000000000000668       0x80 ./Drivers/STM32F7xx_HAL_Driver/Src/stm32f7xx_hal_dma.o
 .debug_ranges  0x00000000000006e8       0x48 ./Drivers/STM32F7xx_HAL_Driver/Src/stm32f7xx_hal_gpio.o
 .debug_ranges  0x0000000000000730      0x280 ./Drivers/STM32F7xx_HAL_Driver/Src/stm32f7xx_hal_i2c.o
 .debug_ranges  0x00000000000009b0       0x28 ./Drivers/STM32F7xx_HAL_Driver/Src/stm32f7xx_hal_i2c_ex.o
 .debug_ranges  0x00000000000009d8      0x130 ./Drivers/STM32F7xx_HAL_Driver/Src/stm32f7xx_hal_pcd.o
 .debug_ranges  0x0000000000000b08       0x38 ./Drivers/STM32F7xx_HAL_Driver/Src/stm32f7xx_hal_pcd_ex.o
 .debug_ranges  0x0000000000000b40       0x90 ./Drivers/STM32F7xx_HAL_Driver/Src/stm32f7xx_hal_pwr.o
 .debug_ranges  0x0000000000000bd0       0x70 ./Drivers/STM32F7xx_HAL_Driver/Src/stm32f7xx_hal_pwr_ex.o
 .debug_ranges  0x0000000000000c40       0x78 ./Drivers/STM32F7xx_HAL_Driver/Src/stm32f7xx_hal_rcc.o
 .debug_ranges  0x0000000000000cb8       0x40 ./Drivers/STM32F7xx_HAL_Driver/Src/stm32f7xx_hal_rcc_ex.o
 .debug_ranges  0x0000000000000cf8      0x3d0 ./Drivers/STM32F7xx_HAL_Driver/Src/stm32f7xx_hal_tim.o
 .debug_ranges  0x00000000000010c8      0x170 ./Drivers/STM32F7xx_HAL_Driver/Src/stm32f7xx_hal_tim_ex.o
 .debug_ranges  0x0000000000001238      0x250 ./Drivers/STM32F7xx_HAL_Driver/Src/stm32f7xx_hal_uart.o
 .debug_ranges  0x0000000000001488      0x188 ./Drivers/STM32F7xx_HAL_Driver/Src/stm32f7xx_ll_usb.o

.debug_macro    0x0000000000000000    0x2c8ff
 .debug_macro   0x0000000000000000      0x24c ./Core/Src/WS9527.o
 .debug_macro   0x000000000000024c      0xac0 ./Core/Src/WS9527.o
 .debug_macro   0x0000000000000d0c       0x22 ./Core/Src/WS9527.o
 .debug_macro   0x0000000000000d2e       0x8e ./Core/Src/WS9527.o
 .debug_macro   0x0000000000000dbc       0x51 ./Core/Src/WS9527.o
 .debug_macro   0x0000000000000e0d      0x103 ./Core/Src/WS9527.o
 .debug_macro   0x0000000000000f10       0x6a ./Core/Src/WS9527.o
 .debug_macro   0x0000000000000f7a      0x1df ./Core/Src/WS9527.o
 .debug_macro   0x0000000000001159      0x201 ./Core/Src/WS9527.o
 .debug_macro   0x000000000000135a      0x29f ./Core/Src/WS9527.o
 .debug_macro   0x00000000000015f9       0x2e ./Core/Src/WS9527.o
 .debug_macro   0x0000000000001627       0x3b ./Core/Src/WS9527.o
 .debug_macro   0x0000000000001662       0x1c ./Core/Src/WS9527.o
 .debug_macro   0x000000000000167e       0x22 ./Core/Src/WS9527.o
 .debug_macro   0x00000000000016a0       0xdf ./Core/Src/WS9527.o
 .debug_macro   0x000000000000177f     0x12cd ./Core/Src/WS9527.o
 .debug_macro   0x0000000000002a4c      0x11f ./Core/Src/WS9527.o
 .debug_macro   0x0000000000002b6b       0x19 ./Core/Src/WS9527.o
 .debug_macro   0x0000000000002b84    0x1a9dd ./Core/Src/WS9527.o
 .debug_macro   0x000000000001d561       0x6d ./Core/Src/WS9527.o
 .debug_macro   0x000000000001d5ce     0x3714 ./Core/Src/WS9527.o
 .debug_macro   0x0000000000020ce2      0x174 ./Core/Src/WS9527.o
 .debug_macro   0x0000000000020e56       0x63 ./Core/Src/WS9527.o
 .debug_macro   0x0000000000020eb9     0x1add ./Core/Src/WS9527.o
 .debug_macro   0x0000000000022996      0x6c4 ./Core/Src/WS9527.o
 .debug_macro   0x000000000002305a      0x18b ./Core/Src/WS9527.o
 .debug_macro   0x00000000000231e5      0x115 ./Core/Src/WS9527.o
 .debug_macro   0x00000000000232fa      0x26e ./Core/Src/WS9527.o
 .debug_macro   0x0000000000023568       0xa5 ./Core/Src/WS9527.o
 .debug_macro   0x000000000002360d      0x24f ./Core/Src/WS9527.o
 .debug_macro   0x000000000002385c       0x71 ./Core/Src/WS9527.o
 .debug_macro   0x00000000000238cd       0x58 ./Core/Src/WS9527.o
 .debug_macro   0x0000000000023925      0x236 ./Core/Src/WS9527.o
 .debug_macro   0x0000000000023b5b      0x416 ./Core/Src/WS9527.o
 .debug_macro   0x0000000000023f71      0x153 ./Core/Src/WS9527.o
 .debug_macro   0x00000000000240c4      0x107 ./Core/Src/WS9527.o
 .debug_macro   0x00000000000241cb      0x14e ./Core/Src/WS9527.o
 .debug_macro   0x0000000000024319      0x3db ./Core/Src/WS9527.o
 .debug_macro   0x00000000000246f4       0x12 ./Core/Src/WS9527.o
 .debug_macro   0x0000000000024706      0x22c ./Core/Src/WS9527.o
 .debug_macro   0x0000000000024932       0x61 ./Core/Src/WS9527.o
 .debug_macro   0x0000000000024993       0xa5 ./Core/Src/WS9527.o
 .debug_macro   0x0000000000024a38      0x12e ./Core/Src/WS9527.o
 .debug_macro   0x0000000000024b66      0x108 ./Core/Src/WS9527.o
 .debug_macro   0x0000000000024c6e       0x35 ./Core/Src/WS9527.o
 .debug_macro   0x0000000000024ca3      0xa6e ./Core/Src/WS9527.o
 .debug_macro   0x0000000000025711       0xa9 ./Core/Src/WS9527.o
 .debug_macro   0x00000000000257ba      0x5a5 ./Core/Src/WS9527.o
 .debug_macro   0x0000000000025d5f       0x44 ./Core/Src/WS9527.o
 .debug_macro   0x0000000000025da3      0x256 ./Core/Src/WS9527.o
 .debug_macro   0x0000000000025ff9       0xba ./Core/Src/WS9527.o
 .debug_macro   0x00000000000260b3      0x15b ./Core/Src/WS9527.o
 .debug_macro   0x000000000002620e      0x130 ./Core/Src/WS9527.o
 .debug_macro   0x000000000002633e      0x239 ./Core/Src/adc.o
 .debug_macro   0x0000000000026577      0x3c8 ./Core/Src/display.o
 .debug_macro   0x000000000002693f       0x52 ./Core/Src/display.o