OLED_SSD1306.c:21:6:SSD1306_Command	32	static
OLED_SSD1306.c:40:6:SSD1306_Data	32	static
OLED_SSD1306.c:71:6:SSD1306_InvertColors	16	static
OLED_SSD1306.c:76:6:SSD1306_RotateDisplay	16	static
OLED_SSD1306.c:89:6:SSD1306_DisplayON	16	static
OLED_SSD1306.c:94:6:SSD1306_SetContrast	16	static
OLED_SSD1306.c:104:6:SSD1306_StartScrollRight	16	static
OLED_SSD1306.c:114:6:SSD1306_StartScrollLeft	16	static
OLED_SSD1306.c:124:6:SSD1306_ScrollingHorVer	24	static
OLED_SSD1306.c:136:6:SSD1306_StartScrollLeftUp	32	static
OLED_SSD1306.c:141:6:SSD1306_StartScrollRightUp	32	static
OLED_SSD1306.c:146:6:SSD1306_StopScroll	8	static
OLED_SSD1306.c:156:6:SSD1306_StartFadeOut	16	static
OLED_SSD1306.c:162:6:SSD1306_StartBlinking	16	static
OLED_SSD1306.c:168:6:SSD1306_StopFadeOutOrBlinking	8	static
OLED_SSD1306.c:174:6:SSD1306_ZoomIn	16	static
OLED_SSD1306.c:184:6:SSD1306_Init	8	static
OLED_SSD1306.c:237:6:SSD1306_I2cInit	16	static
OLED_SSD1306.c:260:6:SSD1306_DrawPixel	16	static
OLED_SSD1306.c:276:6:SSD1306_Clear	16	static
OLED_SSD1306.c:292:6:SSD1306_Display	16	static
OLED_SSD1306.c:333:6:SSD1306_Bitmap	24	static
