ssd1306_tests.c:142:6:ssd1306_TestBorder	24	static
ssd1306_tests.c:171:6:ssd1306_TestFonts	16	static
ssd1306_tests.c:201:6:ssd1306_TestFPS	104	static
ssd1306_tests.c:239:6:ssd1306_TestLine	16	static
ssd1306_tests.c:247:6:ssd1306_TestRectangle	32	static
ssd1306_tests.c:259:6:ssd1306_TestCircle	16	static
ssd1306_tests.c:269:6:ssd1306_TestArc	16	static
ssd1306_tests.c:275:6:ssd1306_TestPolyline	32	static
ssd1306_tests.c:285:6:ssd1306_TestDrawBitmap	16	static
ssd1306_tests.c:299:6:ssd1306_TestAll	8	static
