ssd1306_tests.c:112:6:ssd1306_TestBorder	24	static
ssd1306_tests.c:141:6:ssd1306_TestFonts	16	static
ssd1306_tests.c:171:6:ssd1306_TestFPS	104	static
ssd1306_tests.c:209:6:ssd1306_TestLine	16	static
ssd1306_tests.c:217:6:ssd1306_TestRectangle	32	static
ssd1306_tests.c:227:6:ssd1306_TestCircle	16	static
ssd1306_tests.c:237:6:ssd1306_TestArc	16	static
ssd1306_tests.c:243:6:ssd1306_TestPolyline	32	static
ssd1306_tests.c:260:6:ssd1306_TestDrawBitmap	16	static
ssd1306_tests.c:275:6:ssd1306_TestAll	8	static
