stm32f7xx_it.c:74:6:NMI_Handler	4	static
stm32f7xx_it.c:87:6:HardFault_Handler	4	static
stm32f7xx_it.c:100:6:MemManage_Handler	4	static
stm32f7xx_it.c:113:6:BusFault_Handler	4	static
stm32f7xx_it.c:126:6:UsageFault_Handler	4	static
stm32f7xx_it.c:139:6:SVC_Handler	4	static
stm32f7xx_it.c:151:6:DebugMon_Handler	4	static
stm32f7xx_it.c:163:6:PendSV_Handler	4	static
stm32f7xx_it.c:175:6:SysTick_Handler	8	static
stm32f7xx_it.c:195:6:ADC_IRQHandler	8	static
stm32f7xx_it.c:208:6:TIM3_IRQHandler	8	static
stm32f7xx_it.c:221:6:TIM4_IRQHandler	8	static
stm32f7xx_it.c:234:6:I2C1_EV_IRQHandler	8	static
stm32f7xx_it.c:247:6:USART3_IRQHandler	8	static
stm32f7xx_it.c:260:6:EXTI15_10_IRQHandler	8	static
